Archive member included to satisfy reference by file (symbol)

/usr/lib/gcc/mips64-elf/14.2.0/../../../../mips64-elf/lib/libdragon.a(entrypoint.o)
                              (_start)
/usr/lib/gcc/mips64-elf/14.2.0/../../../../mips64-elf/lib/libdragon.a(debug.o)
                              build/main.o (debug_init_usblog)
/usr/lib/gcc/mips64-elf/14.2.0/../../../../mips64-elf/lib/libdragon.a(usb.o)
                              /usr/lib/gcc/mips64-elf/14.2.0/../../../../mips64-elf/lib/libdragon.a(debug.o) (usb_write)
/usr/lib/gcc/mips64-elf/14.2.0/../../../../mips64-elf/lib/libdragon.a(cart.o)
                              /usr/lib/gcc/mips64-elf/14.2.0/../../../../mips64-elf/lib/libdragon.a(debug.o) (cart_init)
/usr/lib/gcc/mips64-elf/14.2.0/../../../../mips64-elf/lib/libdragon.a(ff.o)
                              /usr/lib/gcc/mips64-elf/14.2.0/../../../../mips64-elf/lib/libdragon.a(debug.o) (f_mount)
/usr/lib/gcc/mips64-elf/14.2.0/../../../../mips64-elf/lib/libdragon.a(ffunicode.o)
                              /usr/lib/gcc/mips64-elf/14.2.0/../../../../mips64-elf/lib/libdragon.a(ff.o) (ff_uni2oem)
/usr/lib/gcc/mips64-elf/14.2.0/../../../../mips64-elf/lib/libdragon.a(console.o)
                              build/main.o (console_init)
/usr/lib/gcc/mips64-elf/14.2.0/../../../../mips64-elf/lib/libdragon.a(graphics.o)
                              /usr/lib/gcc/mips64-elf/14.2.0/../../../../mips64-elf/lib/libdragon.a(console.o) (graphics_set_color)
/usr/lib/gcc/mips64-elf/14.2.0/../../../../mips64-elf/lib/libdragon.a(inspector.o)
                              /usr/lib/gcc/mips64-elf/14.2.0/../../../../mips64-elf/lib/libdragon.a(debug.o) (__inspector_assertion)
/usr/lib/gcc/mips64-elf/14.2.0/../../../../mips64-elf/lib/libdragon.a(sprite.o)
                              /usr/lib/gcc/mips64-elf/14.2.0/../../../../mips64-elf/lib/libdragon.a(graphics.o) (__sprite_upgrade)
/usr/lib/gcc/mips64-elf/14.2.0/../../../../mips64-elf/lib/libdragon.a(dma.o)
                              /usr/lib/gcc/mips64-elf/14.2.0/../../../../mips64-elf/lib/libdragon.a(debug.o) (io_accessible)
/usr/lib/gcc/mips64-elf/14.2.0/../../../../mips64-elf/lib/libdragon.a(exception.o)
                              /usr/lib/gcc/mips64-elf/14.2.0/../../../../mips64-elf/lib/libdragon.a(inspector.o) (__exception_dump_header)
/usr/lib/gcc/mips64-elf/14.2.0/../../../../mips64-elf/lib/libdragon.a(do_ctors.o)
                              /usr/lib/gcc/mips64-elf/14.2.0/../../../../mips64-elf/lib/libdragon.a(entrypoint.o) (__wrap___do_global_ctors)
/usr/lib/gcc/mips64-elf/14.2.0/../../../../mips64-elf/lib/libdragon.a(dlfcn.o)
                              /usr/lib/gcc/mips64-elf/14.2.0/../../../../mips64-elf/lib/libdragon.a(inspector.o) (__dl_list_head)
/usr/lib/gcc/mips64-elf/14.2.0/../../../../mips64-elf/lib/libdragon.a(n64sys.o)
                              /usr/lib/gcc/mips64-elf/14.2.0/../../../../mips64-elf/lib/libdragon.a(usb.o) (data_cache_hit_writeback)
/usr/lib/gcc/mips64-elf/14.2.0/../../../../mips64-elf/lib/libdragon.a(interrupt.o)
                              /usr/lib/gcc/mips64-elf/14.2.0/../../../../mips64-elf/lib/libdragon.a(debug.o) (disable_interrupts)
/usr/lib/gcc/mips64-elf/14.2.0/../../../../mips64-elf/lib/libdragon.a(backtrace.o)
                              /usr/lib/gcc/mips64-elf/14.2.0/../../../../mips64-elf/lib/libdragon.a(inspector.o) (__symbolize)
/usr/lib/gcc/mips64-elf/14.2.0/../../../../mips64-elf/lib/libdragon.a(inthandler.o)
                              /usr/lib/gcc/mips64-elf/14.2.0/../../../../mips64-elf/lib/libdragon.a(backtrace.o) (inthandler)
/usr/lib/gcc/mips64-elf/14.2.0/../../../../mips64-elf/lib/libdragon.a(rompak.o)
                              /usr/lib/gcc/mips64-elf/14.2.0/../../../../mips64-elf/lib/libdragon.a(dlfcn.o) (rompak_search_ext)
/usr/lib/gcc/mips64-elf/14.2.0/../../../../mips64-elf/lib/libdragon.a(dragonfs.o)
                              /usr/lib/gcc/mips64-elf/14.2.0/../../../../mips64-elf/lib/libdragon.a(dlfcn.o) (dfs_rom_addr)
/usr/lib/gcc/mips64-elf/14.2.0/../../../../mips64-elf/lib/libdragon.a(display.o)
                              /usr/lib/gcc/mips64-elf/14.2.0/../../../../mips64-elf/lib/libdragon.a(console.o) (display_init)
/usr/lib/gcc/mips64-elf/14.2.0/../../../../mips64-elf/lib/libdragon.a(surface.o)
                              /usr/lib/gcc/mips64-elf/14.2.0/../../../../mips64-elf/lib/libdragon.a(display.o) (surface_alloc)
/usr/lib/gcc/mips64-elf/14.2.0/../../../../mips64-elf/lib/libdragon.a(asset.o)
                              /usr/lib/gcc/mips64-elf/14.2.0/../../../../mips64-elf/lib/libdragon.a(sprite.o) (asset_load)
/usr/lib/gcc/mips64-elf/14.2.0/../../../../mips64-elf/lib/libdragon.a(lz4_dec.o)
                              /usr/lib/gcc/mips64-elf/14.2.0/../../../../mips64-elf/lib/libdragon.a(asset.o) (decompress_lz4_full_inplace)
/usr/lib/gcc/mips64-elf/14.2.0/../../../../mips64-elf/lib/libdragon.a(lz4_dec_fast.o)
[...]
Memory Configuration

Name             Origin             Length             Attributes
*default*        0x00000000         0xffffffff

Linker script and memory map

LOAD /usr/lib/gcc/mips64-elf/14.2.0/crti.o
LOAD /usr/lib/gcc/mips64-elf/14.2.0/crtbegin.o
LOAD build/main.o
LOAD /usr/lib/gcc/mips64-elf/14.2.0/../../../../mips64-elf/lib/libdragon.a
LOAD /usr/lib/gcc/mips64-elf/14.2.0/../../../../mips64-elf/lib/libm.a
LOAD /usr/lib/gcc/mips64-elf/14.2.0/../../../../mips64-elf/lib/libdragonsys.a

.intvectors     0x80000000      0x188
                0x80000000                        . = ALIGN (0x20)
 *(.intvectors)
 .intvectors    0x80000000      0x188 /usr/lib/gcc/mips64-elf/14.2.0/../../../../mips64-elf/lib/libdragon.a(inthandler.o)
                0x80000188                        __intvectors_end = .

.text           0x80000400    0x187d0
                0x80000400                        __text_start = .
 *(.boot)
 .boot          0x80000400       0x68 /usr/lib/gcc/mips64-elf/14.2.0/../../../../mips64-elf/lib/libdragon.a(entrypoint.o)
                0x80000400                _start
                0x80000470                        . = ALIGN (0x10)
 *fill*         0x80000468        0x8 
 *(.text)
 *fill*         0x80000470       0x10 
 .text          0x80000480      0x380 /usr/lib/gcc/mips64-elf/14.2.0/../../../../mips64-elf/lib/libdragon.a(inthandler.o)
                0x80000480                inthandler
                0x80000800                inthandler_end
 .text          0x80000800       0x18 /usr/lib/gcc/mips64-elf/14.2.0/../../../../mips64-elf/lib/libc.a(libc_a-abort.o)
                0x80000800                abort
 .text          0x80000818       0x18 /usr/lib/gcc/mips64-elf/14.2.0/../../../../mips64-elf/lib/libc.a(libc_a-calloc.o)
                0x80000818                calloc
 .text          0x80000830      0x120 /usr/lib/gcc/mips64-elf/14.2.0/../../../../mips64-elf/lib/libc.a(libc_a-callocr.o)
                0x80000830                _calloc_r
 .text          0x80000950       0x20 /usr/lib/gcc/mips64-elf/14.2.0/../../../../mips64-elf/lib/libc.a(libc_a-malloc.o)
                0x80000950                malloc
                0x80000960                free
 .text          0x80000970      0x890 /usr/lib/gcc/mips64-elf/14.2.0/../../../../mips64-elf/lib/libc.a(libc_a-mallocr.o)
                0x80000970                _malloc_r
 .text          0x80001200       0x20 /usr/lib/gcc/mips64-elf/14.2.0/../../../../mips64-elf/lib/libc.a(libc_a-mlock.o)
                0x80001200                __malloc_lock
                0x80001210                __malloc_unlock
 .text          0x80001220      0x608 /usr/lib/gcc/mips64-elf/14.2.0/../../../../mips64-elf/lib/libc.a(libc_a-reallocr.o)
                0x80001220                _realloc_r
 .text          0x80001828       0x18 /usr/lib/gcc/mips64-elf/14.2.0/../../../../mips64-elf/lib/libc.a(libc_a-malign.o)
                0x80001828                memalign
 .text          0x80001840      0x220 /usr/lib/gcc/mips64-elf/14.2.0/../../../../mips64-elf/lib/libc.a(libc_a-malignr.o)
                0x80001840                _memalign_r
 .text          0x80001a60     0x27d8 /usr/lib/gcc/mips64-elf/14.2.0/../../../../mips64-elf/lib/libc.a(libc_a-vfprintf.o)
                0x80001a60                _vfprintf_r
                0x80004120                vfprintf
 .text          0x80004238       0x40 /usr/lib/gcc/mips64-elf/14.2.0/../../../../mips64-elf/lib/libc.a(libc_a-sprint_r.o)
                0x80004238                __sprint_r
 .text          0x80004278      0x458 /usr/lib/gcc/mips64-elf/14.2.0/../../../../mips64-elf/lib/libc.a(libc_a-fflush.o)
                0x80004278                __sflush_r
                0x800044d0                _fflush_r
                0x800045d8                fflush
 .text          0x800046d0      0x510 /usr/lib/gcc/mips64-elf/14.2.0/../../../../mips64-elf/lib/libc.a(libc_a-findfp.o)
                0x80004968                __sfp
                0x80004ad8                __sinit
                0x80004b50                __sfp_lock_acquire
                0x80004b60                __sfp_lock_release
                0x80004b70                __fp_lock_all
                0x80004ba8                __fp_unlock_all
 .text          0x80004be0       0x68 /usr/lib/gcc/mips64-elf/14.2.0/../../../../mips64-elf/lib/libc.a(libc_a-fprintf.o)
                0x80004be0                _fprintf_r
                0x80004c08                fprintf
 .text          0x80004c48      0x190 /usr/lib/gcc/mips64-elf/14.2.0/../../../../mips64-elf/lib/libc.a(libc_a-fputc.o)
                0x80004c48                _fputc_r
                0x80004d10                fputc
 .text          0x80004dd8      0x508 /usr/lib/gcc/mips64-elf/14.2.0/../../../../mips64-elf/lib/libc.a(libc_a-fvwrite.o)
                0x80004dd8                __sfvwrite_r
 .text          0x800052e0       0xc0 /usr/lib/gcc/mips64-elf/14.2.0/../../../../mips64-elf/lib/libc.a(libc_a-fwalk.o)
                0x800052e0                _fwalk_sglue
 .text          0x800053a0      0x250 /usr/lib/gcc/mips64-elf/14.2.0/../../../../mips64-elf/lib/libc.a(libc_a-fwrite.o)
                0x800053a0                _fwrite_r
                0x800055c0                fwrite
 .text          0x800055f0       0x78 /usr/lib/gcc/mips64-elf/14.2.0/../../../../mips64-elf/lib/libc.a(libc_a-printf.o)
                0x800055f0                _printf_r
                0x80005628                printf
 .text          0x80005668      0x260 /usr/lib/gcc/mips64-elf/14.2.0/../../../../mips64-elf/lib/libc.a(libc_a-putc.o)
                0x80005668                _putc_r
                0x80005798                putc
 .text          0x800058c8       0x20 /usr/lib/gcc/mips64-elf/14.2.0/../../../../mips64-elf/lib/libc.a(libc_a-putchar.o)
                0x800058c8                _putchar_r
                0x800058d0                putchar
 .text          0x800058e8      0x1a8 /usr/lib/gcc/mips64-elf/14.2.0/../../../../mips64-elf/lib/libc.a(libc_a-puts.o)
                0x800058e8                _puts_r
                0x80005a80                puts
 .text          0x80005a90      0x2f8 /usr/lib/gcc/mips64-elf/14.2.0/../../../../mips64-elf/lib/libc.a(libc_a-setvbuf.o)
                0x80005a90                setvbuf
 .text          0x80005d88      0x1c8 /usr/lib/gcc/mips64-elf/14.2.0/../../../../mips64-elf/lib/libc.a(libc_a-snprintf.o)
                0x80005d88                _snprintf_r
                0x80005e68                snprintf
 .text          0x80005f50       0xe0 /usr/lib/gcc/mips64-elf/14.2.0/../../../../mips64-elf/lib/libc.a(libc_a-sprintf.o)
                0x80005f50                _sprintf_r
                0x80005fb8                sprintf
 .text          0x80006030      0x190 /usr/lib/gcc/mips64-elf/14.2.0/../../../../mips64-elf/lib/libc.a(libc_a-stdio.o)
                0x80006030                __sread
                0x80006088                __seofread
                0x80006090                __swrite
                0x80006150                __sseek
                0x800061b8                __sclose
 .text          0x800061c0       0x30 /usr/lib/gcc/mips64-elf/14.2.0/../../../../mips64-elf/lib/libc.a(libc_a-vprintf.o)
                0x800061c0                vprintf
                0x800061d8                _vprintf_r
 .text          0x800061f0      0x1d0 /usr/lib/gcc/mips64-elf/14.2.0/../../../../mips64-elf/lib/libc.a(libc_a-wbuf.o)
                0x800061f0                __swbuf_r
                0x800063a8                __swbuf
 .text          0x800063c0      0x1e0 /usr/lib/gcc/mips64-elf/14.2.0/../../../../mips64-elf/lib/libc.a(libc_a-wsetup.o)
                0x800063c0                __swsetup_r
 .text          0x800065a0       0xf0 /usr/lib/gcc/mips64-elf/14.2.0/../../../../mips64-elf/lib/libc.a(libc_a-memchr.o)
                0x800065a0                memchr
 .text          0x80006690       0x88 /usr/lib/gcc/mips64-elf/14.2.0/../../../../mips64-elf/lib/libc.a(libc_a-memcmp.o)
                0x80006690                memcmp
 .text          0x80006718      0x168 /usr/lib/gcc/mips64-elf/14.2.0/../../../../mips64-elf/lib/libc.a(libc_a-memmove.o)
                0x80006718                memmove
 .text          0x80006880       0x98 /usr/lib/gcc/mips64-elf/14.2.0/../../../../mips64-elf/lib/libc.a(libc_a-strcat.o)
                0x80006880                strcat
 .text          0x80006918      0x188 /usr/lib/gcc/mips64-elf/14.2.0/../../../../mips64-elf/lib/libc.a(libc_a-strchr.o)
                0x80006918                strchr
 .text          0x80006aa0       0xa8 /usr/lib/gcc/mips64-elf/14.2.0/../../../../mips64-elf/lib/libc.a(libc_a-strcpy.o)
                0x80006aa0                strcpy
 .text          0x80006b48       0x70 /usr/lib/gcc/mips64-elf/14.2.0/../../../../mips64-elf/lib/libc.a(libc_a-strrchr.o)
                0x80006b48                strrchr
 .text          0x80006bb8      0xb80 /usr/lib/gcc/mips64-elf/14.2.0/../../../../mips64-elf/lib/libc.a(libc_a-strstr.o)
                0x80007438                strstr
 .text          0x80007738      0x598 /usr/lib/gcc/mips64-elf/14.2.0/../../../../mips64-elf/lib/libc.a(libc_a-signal.o)
                0x80007738                _init_signal_r
                0x800077a0                _signal_r
                0x80007850                _raise_r
                0x80007908                __sigtramp_r
                0x800079f8                raise
                0x80007ac0                signal
                0x80007b78                _init_signal
                0x80007be8                __sigtramp
 .text          0x80007cd0       0x28 /usr/lib/gcc/mips64-elf/14.2.0/../../../../mips64-elf/lib/libc.a(libc_a-localeconv.o)
                0x80007cd0                __localeconv_l
                0x80007cd8                _localeconv_r
                0x80007ce8                localeconv
 .text          0x80007cf8       0x50 /usr/lib/gcc/mips64-elf/14.2.0/../../../../mips64-elf/lib/libc.a(libc_a-closer.o)
                0x80007cf8                _close_r
 .text          0x80007d48       0x58 /usr/lib/gcc/mips64-elf/14.2.0/../../../../mips64-elf/lib/libc.a(libc_a-fstatr.o)
                0x80007d48                _fstat_r
 .text          0x80007da0       0x60 /usr/lib/gcc/mips64-elf/14.2.0/../../../../mips64-elf/lib/libc.a(libc_a-lseekr.o)
                0x80007da0                _lseek_r
 .text          0x80007e00       0x60 /usr/lib/gcc/mips64-elf/14.2.0/../../../../mips64-elf/lib/libc.a(libc_a-readr.o)
                0x80007e00                _read_r
 .text          0x80007e60       0x60 /usr/lib/gcc/mips64-elf/14.2.0/../../../../mips64-elf/lib/libc.a(libc_a-signalr.o)
                0x80007e60                _kill_r
                0x80007eb8                _getpid_r
 .text          0x80007ec0       0x50 /usr/lib/gcc/mips64-elf/14.2.0/../../../../mips64-elf/lib/libc.a(libc_a-sbrkr.o)
                0x80007ec0                _sbrk_r
 .text          0x80007f10       0x60 /usr/lib/gcc/mips64-elf/14.2.0/../../../../mips64-elf/lib/libc.a(libc_a-writer.o)
                0x80007f10                _write_r
 .text          0x80007f70        0x8 /usr/lib/gcc/mips64-elf/14.2.0/../../../../mips64-elf/lib/libc.a(libc_a-errno.o)
                0x80007f70                __errno
 .text          0x80007f78       0x50 /usr/lib/gcc/mips64-elf/14.2.0/../../../../mips64-elf/lib/libc.a(libc_a-lock.o)
                0x80007f78                __retarget_lock_init
                0x80007f80                __retarget_lock_init_recursive
                0x80007f88                __retarget_lock_close
                0x80007f90                __retarget_lock_close_recursive
                0x80007f98                __retarget_lock_acquire
                0x80007fa0                __retarget_lock_acquire_recursive
                0x80007fa8                __retarget_lock_try_acquire
                0x80007fb0                __retarget_lock_try_acquire_recursive
                0x80007fb8                __retarget_lock_release
                0x80007fc0                __retarget_lock_release_recursive
 .text          0x80007fc8       0x18 /usr/lib/gcc/mips64-elf/14.2.0/../../../../mips64-elf/lib/libc.a(libc_a-strlen.o)
                0x80007fc8                strlen
 .text          0x80007fe0      0x240 /usr/lib/gcc/mips64-elf/14.2.0/../../../../mips64-elf/lib/libc.a(libc_a-strcmp.o)
                0x80007fe0                strcmp
 .text          0x80008220      0x11c /usr/lib/gcc/mips64-elf/14.2.0/../../../../mips64-elf/lib/libc.a(libc_a-memset.o)
                0x80008220                memset
 .text          0x8000833c      0x370 /usr/lib/gcc/mips64-elf/14.2.0/../../../../mips64-elf/lib/libc.a(libc_a-memcpy.o)
                0x8000833c                memcpy
 *fill*         0x800086ac        0x4 
 .text          0x800086b0     0x1840 /usr/lib/gcc/mips64-elf/14.2.0/../../../../mips64-elf/lib/libc.a(libc_a-dtoa.o)
                0x80008908                _dtoa_r
 .text          0x80009ef0      0x470 /usr/lib/gcc/mips64-elf/14.2.0/../../../../mips64-elf/lib/libc.a(libc_a-freer.o)
                0x80009ef0                _malloc_trim_r
                0x8000a030                _free_r
 .text          0x8000a360     0x1480 /usr/lib/gcc/mips64-elf/14.2.0/../../../../mips64-elf/lib/libc.a(libc_a-mprec.o)
                0x8000a360                _Balloc
                0x8000a410                _Bfree
                0x8000a440                __multadd
                0x8000a598                __s2b
                0x8000a718                __hi0bits
                0x8000a7c0                __lo0bits
                0x8000a8d8                __i2b
                0x8000a9b0                __multiply
                0x8000ac38                __pow5mult
                0x8000ada0                __lshift
                0x8000af58                __mcmp
                0x8000afc0                __mdiff
                0x8000b238                __ulp
                0x8000b2e8                __b2d
                0x8000b480                __d2b
                0x8000b5d8                __ratio
                0x8000b698                _mprec_log10
                0x8000b6d8                __copybits
                0x8000b760                __any_on
 .text          0x8000b7e0     0x2480 /usr/lib/gcc/mips64-elf/14.2.0/../../../../mips64-elf/lib/libc.a(libc_a-svfprintf.o)
                0x8000b7e0                _svfprintf_r
 .text          0x8000dc60       0xc8 /usr/lib/gcc/mips64-elf/14.2.0/../../../../mips64-elf/lib/libc.a(libc_a-ssprint_r.o)
                0x8000dc60                __ssprint_r
 .text          0x8000dd28      0x1b0 /usr/lib/gcc/mips64-elf/14.2.0/../../../../mips64-elf/lib/libc.a(libc_a-fclose.o)
                0x8000dd28                _fclose_r
                0x8000dec8                fclose
 .text          0x8000ded8      0x230 /usr/lib/gcc/mips64-elf/14.2.0/../../../../mips64-elf/lib/libc.a(libc_a-makebuf.o)
                0x8000ded8                __smakebuf_r
                0x8000e058                __swhatbuf_r
 .text          0x8000e108       0x40 /usr/lib/gcc/mips64-elf/14.2.0/../../../../mips64-elf/lib/libc.a(libc_a-strnlen.o)
                0x8000e108                strnlen
 .text          0x8000e148       0x50 /usr/lib/gcc/mips64-elf/14.2.0/../../../../mips64-elf/lib/libc.a(libc_a-isattyr.o)
                0x8000e148                _isatty_r
 .text          0x8000e198       0x70 /usr/lib/gcc/mips64-elf/14.2.0/../../../../mips64-elf/lib/libc.a(libc_a-mbtowc_r.o)
                0x8000e198                _mbtowc_r
                0x8000e1a8                __ascii_mbtowc
 .text          0x8000e208       0x48 /usr/lib/gcc/mips64-elf/14.2.0/../../../../mips64-elf/lib/libc.a(libc_a-wctomb_r.o)
                0x8000e208                _wctomb_r
                0x8000e218                __ascii_wctomb
 .text          0x8000e250      0x188 /usr/lib/gcc/mips64-elf/14.2.0/../../../../mips64-elf/lib/libc.a(libc_a-ssputs_r.o)
                0x8000e250                __ssputs_r
 *(.text.*)
 *fill*         0x8000e3d8        0x8 
 .text.handSort
                0x8000e3e0       0xe0 build/main.o
                0x8000e3e0                handSort
 .text.hand_decoder
                0x8000e4c0      0x340 build/main.o
                0x8000e4c0                hand_decoder
 .text.startup.main
                0x8000e800       0xa0 build/main.o
                0x8000e800                main
 .text.__stderr_write
                0x8000e8a0       0x80 /usr/lib/gcc/mips64-elf/14.2.0/../../../../mips64-elf/lib/libdragon.a(debug.o)
 .text.usblog_write
                0x8000e920       0x20 /usr/lib/gcc/mips64-elf/14.2.0/../../../../mips64-elf/lib/libdragon.a(debug.o)
 .text.cb.0     0x8000e940       0xa0 /usr/lib/gcc/mips64-elf/14.2.0/../../../../mips64-elf/lib/libdragon.a(debug.o)
 .text.debug_init_usblog
                0x8000e9e0       0xe0 /usr/lib/gcc/mips64-elf/14.2.0/../../../../mips64-elf/lib/libdragon.a(debug.o)
                0x8000e9e0                debug_init_usblog
 .text.debug_assert_func_f
                0x8000eac0       0xe0 /usr/lib/gcc/mips64-elf/14.2.0/../../../../mips64-elf/lib/libdragon.a(debug.o)
                0x8000eac0                debug_assert_func_f
 .text.debug_assert_func
                0x8000eba0       0x20 /usr/lib/gcc/mips64-elf/14.2.0/../../../../mips64-elf/lib/libdragon.a(debug.o)
                0x8000eba0                debug_assert_func
 .text.debug_hexdump
                0x8000ebc0      0x280 /usr/lib/gcc/mips64-elf/14.2.0/../../../../mips64-elf/lib/libdragon.a(debug.o)
                0x8000ebc0                debug_hexdump
 .text.__debug_backtrace
                0x8000ee40      0x100 /usr/lib/gcc/mips64-elf/14.2.0/../../../../mips64-elf/lib/libdragon.a(debug.o)
                0x8000ee40                __debug_backtrace
 .text.debug_backtrace
                0x8000ef40       0x20 /usr/lib/gcc/mips64-elf/14.2.0/../../../../mips64-elf/lib/libdragon.a(debug.o)
                0x8000ef40                debug_backtrace
 .text.usb_64drive_read
                0x8000ef60       0x60 /usr/lib/gcc/mips64-elf/14.2.0/../../../../mips64-elf/lib/libdragon.a(usb.o)
 .text.usb_64drive_poll
                0x8000efc0      0x1a0 /usr/lib/gcc/mips64-elf/14.2.0/../../../../mips64-elf/lib/libdragon.a(usb.o)
 .text.usb_everdrive_usbbusy
                0x8000f160       0xe0 /usr/lib/gcc/mips64-elf/14.2.0/../../../../mips64-elf/lib/libdragon.a(usb.o)
 .text.usb_everdrive_readusb
                0x8000f240       0xc0 /usr/lib/gcc/mips64-elf/14.2.0/../../../../mips64-elf/lib/libdragon.a(usb.o)
 .text.usb_everdrive_poll
                0x8000f300      0x200 /usr/lib/gcc/mips64-elf/14.2.0/../../../../mips64-elf/lib/libdragon.a(usb.o)
 .text.usb_everdrive_write
                0x8000f500      0x1c0 /usr/lib/gcc/mips64-elf/14.2.0/../../../../mips64-elf/lib/libdragon.a(usb.o)
 .text.usb_everdrive_read
                0x8000f6c0       0x60 /usr/lib/gcc/mips64-elf/14.2.0/../../../../mips64-elf/lib/libdragon.a(usb.o)
 .text.usb_sc64_read
                0x8000f720       0x60 /usr/lib/gcc/mips64-elf/14.2.0/../../../../mips64-elf/lib/libdragon.a(usb.o)
 .text.usb_sc64_poll
                0x8000f780      0x160 /usr/lib/gcc/mips64-elf/14.2.0/../../../../mips64-elf/lib/libdragon.a(usb.o)
 .text.usb_write
                0x8000f8e0       0x40 /usr/lib/gcc/mips64-elf/14.2.0/../../../../mips64-elf/lib/libdragon.a(usb.o)
                0x8000f8e0                usb_write
 .text.usb_sendheartbeat
                0x8000f920       0x60 /usr/lib/gcc/mips64-elf/14.2.0/../../../../mips64-elf/lib/libdragon.a(usb.o)
                0x8000f920                usb_sendheartbeat
 .text.usb_initialize
                0x8000f980      0x1e0 /usr/lib/gcc/mips64-elf/14.2.0/../../../../mips64-elf/lib/libdragon.a(usb.o)
                0x8000f980                usb_initialize
 .text.usb_64drive_wait
                0x8000fb60       0xc0 /usr/lib/gcc/mips64-elf/14.2.0/../../../../mips64-elf/lib/libdragon.a(usb.o)
                0x8000fb60                usb_64drive_wait
 .text.usb_64drive_write
                0x8000fc20      0x240 /usr/lib/gcc/mips64-elf/14.2.0/../../../../mips64-elf/lib/libdragon.a(usb.o)
 .text.usb_sc64_execute_cmd
                0x8000fe60       0xc0 /usr/lib/gcc/mips64-elf/14.2.0/../../../../mips64-elf/lib/libdragon.a(usb.o)
                0x8000fe60                usb_sc64_execute_cmd
 .text.usb_sc64_write
                0x8000ff20      0x2a0 /usr/lib/gcc/mips64-elf/14.2.0/../../../../mips64-elf/lib/libdragon.a(usb.o)
 .text.__console_render.part.0
                0x800101c0      0x100 /usr/lib/gcc/mips64-elf/14.2.0/../../../../mips64-elf/lib/libdragon.a(console.o)
 .text.__console_write
                0x800102c0      0x320 /usr/lib/gcc/mips64-elf/14.2.0/../../../../mips64-elf/lib/libdragon.a(console.o)
 .text.console_set_render_mode
                0x800105e0       0x20 /usr/lib/gcc/mips64-elf/14.2.0/../../../../mips64-elf/lib/libdragon.a(console.o)
                0x800105e0                console_set_render_mode
 .text.console_init
                0x80010600       0xe0 /usr/lib/gcc/mips64-elf/14.2.0/../../../../mips64-elf/lib/libdragon.a(console.o)
                0x80010600                console_init
 .text.console_render
                0x800106e0       0x40 /usr/lib/gcc/mips64-elf/14.2.0/../../../../mips64-elf/lib/libdragon.a(console.o)
                0x800106e0                console_render
 .text.console_set_debug
                0x80010720       0x20 /usr/lib/gcc/mips64-elf/14.2.0/../../../../mips64-elf/lib/libdragon.a(console.o)
                0x80010720                console_set_debug
 .text.graphics_draw_character.part.0
                0x80010740      0x4e0 /usr/lib/gcc/mips64-elf/14.2.0/../../../../mips64-elf/lib/libdragon.a(graphics.o)
 .text.graphics_set_color
                0x80010c20       0x20 /usr/lib/gcc/mips64-elf/14.2.0/../../../../mips64-elf/lib/libdragon.a(graphics.o)
                0x80010c20                graphics_set_color
 .text.graphics_draw_box
                0x80010c40      0x120 /usr/lib/gcc/mips64-elf/14.2.0/../../../../mips64-elf/lib/libdragon.a(graphics.o)
                0x80010c40                graphics_draw_box
 .text.graphics_fill_screen
                0x80010d60       0x80 /usr/lib/gcc/mips64-elf/14.2.0/../../../../mips64-elf/lib/libdragon.a(graphics.o)
                0x80010d60                graphics_fill_screen
 .text.graphics_set_default_font
                0x80010de0       0x20 /usr/lib/gcc/mips64-elf/14.2.0/../../../../mips64-elf/lib/libdragon.a(graphics.o)
                0x80010de0                graphics_set_default_font
 .text.graphics_draw_character
                0x80010e00       0x20 /usr/lib/gcc/mips64-elf/14.2.0/../../../../mips64-elf/lib/libdragon.a(graphics.o)
                0x80010e00                graphics_draw_character
 .text.graphics_draw_text
                0x80010e20      0x120 /usr/lib/gcc/mips64-elf/14.2.0/../../../../mips64-elf/lib/libdragon.a(graphics.o)
                0x80010e20                graphics_draw_text
 .text.cb.2     0x80010f40       0x60 /usr/lib/gcc/mips64-elf/14.2.0/../../../../mips64-elf/lib/libdragon.a(inspector.o)
 .text.cb.1     0x80010fa0       0x60 /usr/lib/gcc/mips64-elf/14.2.0/../../../../mips64-elf/lib/libdragon.a(inspector.o)
 .text.cb.0     0x80011000      0x120 /usr/lib/gcc/mips64-elf/14.2.0/../../../../mips64-elf/lib/libdragon.a(inspector.o)
 .text.cb.3     0x80011120      0x120 /usr/lib/gcc/mips64-elf/14.2.0/../../../../mips64-elf/lib/libdragon.a(inspector.o)
 .text.inspector_stdout
                0x80011240      0x240 /usr/lib/gcc/mips64-elf/14.2.0/../../../../mips64-elf/lib/libdragon.a(inspector.o)
 .text.title    0x80011480       0xa0 /usr/lib/gcc/mips64-elf/14.2.0/../../../../mips64-elf/lib/libdragon.a(inspector.o)
 .text.mips_disasm
                0x80011520      0x6c0 /usr/lib/gcc/mips64-elf/14.2.0/../../../../mips64-elf/lib/libdragon.a(inspector.o)
 .text.inspector
                0x80011be0      0xc20 /usr/lib/gcc/mips64-elf/14.2.0/../../../../mips64-elf/lib/libdragon.a(inspector.o)
 .text.handler.4
                0x80012800       0x40 /usr/lib/gcc/mips64-elf/14.2.0/../../../../mips64-elf/lib/libdragon.a(inspector.o)
 .text.__inspector_exception
                0x80012840       0x20 /usr/lib/gcc/mips64-elf/14.2.0/../../../../mips64-elf/lib/libdragon.a(inspector.o)
                0x80012840                __inspector_exception
 .text.__inspector_assertion
                0x80012860       0x20 /usr/lib/gcc/mips64-elf/14.2.0/../../../../mips64-elf/lib/libdragon.a(inspector.o)
                0x80012860                __inspector_assertion
 .text.startup.__inspector_init
                0x80012880       0x20 /usr/lib/gcc/mips64-elf/14.2.0/../../../../mips64-elf/lib/libdragon.a(inspector.o)
                0x80012880                __inspector_init
 .text.dma_write_raw_async.part.0
                0x800128a0       0x40 /usr/lib/gcc/mips64-elf/14.2.0/../../../../mips64-elf/lib/libdragon.a(dma.o)
 .text.dma_read_async
                0x800128e0      0x4e0 /usr/lib/gcc/mips64-elf/14.2.0/../../../../mips64-elf/lib/libdragon.a(dma.o)
                0x800128e0                dma_read_async
 .text.dma_read
                0x80012dc0       0x40 /usr/lib/gcc/mips64-elf/14.2.0/../../../../mips64-elf/lib/libdragon.a(dma.o)
                0x80012dc0                dma_read
 .text.dma_write
                0x80012e00       0xa0 /usr/lib/gcc/mips64-elf/14.2.0/../../../../mips64-elf/lib/libdragon.a(dma.o)
                0x80012e00                dma_write
 .text.io_read  0x80012ea0       0x60 /usr/lib/gcc/mips64-elf/14.2.0/../../../../mips64-elf/lib/libdragon.a(dma.o)
                0x80012ea0                io_read
 .text.io_write
                0x80012f00       0x60 /usr/lib/gcc/mips64-elf/14.2.0/../../../../mips64-elf/lib/libdragon.a(dma.o)
                0x80012f00                io_write
 .text.cb.0     0x80012f60       0x40 /usr/lib/gcc/mips64-elf/14.2.0/../../../../mips64-elf/lib/libdragon.a(exception.o)
 .text.cb.1     0x80012fa0       0x80 /usr/lib/gcc/mips64-elf/14.2.0/../../../../mips64-elf/lib/libdragon.a(exception.o)
 .text.is_unmapped_kx64
                0x80013020      0x1e0 /usr/lib/gcc/mips64-elf/14.2.0/../../../../mips64-elf/lib/libdragon.a(exception.o)
 .text.__get_exception_name.isra.0
                0x80013200      0x200 /usr/lib/gcc/mips64-elf/14.2.0/../../../../mips64-elf/lib/libdragon.a(exception.o)
 .text.__exception_dump_header
                0x80013400      0x2e0 /usr/lib/gcc/mips64-elf/14.2.0/../../../../mips64-elf/lib/libdragon.a(exception.o)
                0x80013400                __exception_dump_header
 .text.__exception_dump_gpr
                0x800136e0      0x160 /usr/lib/gcc/mips64-elf/14.2.0/../../../../mips64-elf/lib/libdragon.a(exception.o)
                0x800136e0                __exception_dump_gpr
 .text.__exception_dump_fpr
                0x80013840      0x2a0 /usr/lib/gcc/mips64-elf/14.2.0/../../../../mips64-elf/lib/libdragon.a(exception.o)
                0x80013840                __exception_dump_fpr
 .text.exception_default_handler
                0x80013ae0      0x1a0 /usr/lib/gcc/mips64-elf/14.2.0/../../../../mips64-elf/lib/libdragon.a(exception.o)
                0x80013ae0                exception_default_handler
 .text.__onCriticalException
                0x80013c80       0x60 /usr/lib/gcc/mips64-elf/14.2.0/../../../../mips64-elf/lib/libdragon.a(exception.o)
                0x80013c80                __onCriticalException
 .text.register_syscall_handler
                0x80013ce0      0x1a0 /usr/lib/gcc/mips64-elf/14.2.0/../../../../mips64-elf/lib/libdragon.a(exception.o)
                0x80013ce0                register_syscall_handler
 .text.__onSyscallException
                0x80013e80      0x140 /usr/lib/gcc/mips64-elf/14.2.0/../../../../mips64-elf/lib/libdragon.a(exception.o)
                0x80013e80                __onSyscallException
 .text.__register_frame_info
                0x80013fc0       0x20 /usr/lib/gcc/mips64-elf/14.2.0/../../../../mips64-elf/lib/libdragon.a(do_ctors.o)
                0x80013fc0                __register_frame_info
 .text.__wrap___do_global_ctors
                0x80013fe0       0xe0 /usr/lib/gcc/mips64-elf/14.2.0/../../../../mips64-elf/lib/libdragon.a(do_ctors.o)
                0x80013fe0                __wrap___do_global_ctors
 .text.data_cache_hit_writeback
                0x800140c0       0x60 /usr/lib/gcc/mips64-elf/14.2.0/../../../../mips64-elf/lib/libdragon.a(n64sys.o)
                0x800140c0                data_cache_hit_writeback
 .text.__data_cache_hit_invalidate
                0x80014120       0x60 /usr/lib/gcc/mips64-elf/14.2.0/../../../../mips64-elf/lib/libdragon.a(n64sys.o)
                0x80014120                __data_cache_hit_invalidate
 .text.data_cache_hit_writeback_invalidate
                0x80014180       0x60 /usr/lib/gcc/mips64-elf/14.2.0/../../../../mips64-elf/lib/libdragon.a(n64sys.o)
                0x80014180                data_cache_hit_writeback_invalidate
 .text.inst_cache_hit_invalidate
                0x800141e0       0x60 /usr/lib/gcc/mips64-elf/14.2.0/../../../../mips64-elf/lib/libdragon.a(n64sys.o)
                0x800141e0                inst_cache_hit_invalidate
 .text.malloc_uncached_aligned
                0x80014240       0xc0 /usr/lib/gcc/mips64-elf/14.2.0/../../../../mips64-elf/lib/libdragon.a(n64sys.o)
                0x80014240                malloc_uncached_aligned
 .text.free_uncached
                0x80014300       0x20 /usr/lib/gcc/mips64-elf/14.2.0/../../../../mips64-elf/lib/libdragon.a(n64sys.o)
                0x80014300                free_uncached
 .text.get_memory_size
                0x80014320       0x20 /usr/lib/gcc/mips64-elf/14.2.0/../../../../mips64-elf/lib/libdragon.a(n64sys.o)
                0x80014320                get_memory_size
 .text.get_tv_type
                0x80014340       0x20 /usr/lib/gcc/mips64-elf/14.2.0/../../../../mips64-elf/lib/libdragon.a(n64sys.o)
                0x80014340                get_tv_type
 .text.get_ticks
                0x80014360       0x40 /usr/lib/gcc/mips64-elf/14.2.0/../../../../mips64-elf/lib/libdragon.a(n64sys.o)
                0x80014360                get_ticks
 .text.wait_ms  0x800143a0       0x40 /usr/lib/gcc/mips64-elf/14.2.0/../../../../mips64-elf/lib/libdragon.a(n64sys.o)
                0x800143a0                wait_ms
 .text.startup.__init_cop1
                0x800143e0       0x40 /usr/lib/gcc/mips64-elf/14.2.0/../../../../mips64-elf/lib/libdragon.a(n64sys.o)
                0x800143e0                __init_cop1
 .text.__MI_handler
                0x80014420      0x220 /usr/lib/gcc/mips64-elf/14.2.0/../../../../mips64-elf/lib/libdragon.a(interrupt.o)
                0x80014420                __MI_handler
 .text.__TI_handler
                0x80014640       0x60 /usr/lib/gcc/mips64-elf/14.2.0/../../../../mips64-elf/lib/libdragon.a(interrupt.o)
                0x80014640                __TI_handler
 .text.__CART_handler
                0x800146a0       0xa0 /usr/lib/gcc/mips64-elf/14.2.0/../../../../mips64-elf/lib/libdragon.a(interrupt.o)
                0x800146a0                __CART_handler
 .text.__RESET_handler
                0x80014740       0x60 /usr/lib/gcc/mips64-elf/14.2.0/../../../../mips64-elf/lib/libdragon.a(interrupt.o)
                0x80014740                __RESET_handler
 .text.register_VI_handler
                0x800147a0       0x60 /usr/lib/gcc/mips64-elf/14.2.0/../../../../mips64-elf/lib/libdragon.a(interrupt.o)
                0x800147a0                register_VI_handler
 .text.unregister_VI_handler
                0x80014800       0x60 /usr/lib/gcc/mips64-elf/14.2.0/../../../../mips64-elf/lib/libdragon.a(interrupt.o)
                0x80014800                unregister_VI_handler
 .text.register_SI_handler
                0x80014860       0x60 /usr/lib/gcc/mips64-elf/14.2.0/../../../../mips64-elf/lib/libdragon.a(interrupt.o)
                0x80014860                register_SI_handler
 .text.set_VI_interrupt
                0x800148c0       0x40 /usr/lib/gcc/mips64-elf/14.2.0/../../../../mips64-elf/lib/libdragon.a(interrupt.o)
                0x800148c0                set_VI_interrupt
 .text.set_SI_interrupt
                0x80014900       0x20 /usr/lib/gcc/mips64-elf/14.2.0/../../../../mips64-elf/lib/libdragon.a(interrupt.o)
                0x80014900                set_SI_interrupt
 .text.startup.__init_interrupts
                0x80014920       0x40 /usr/lib/gcc/mips64-elf/14.2.0/../../../../mips64-elf/lib/libdragon.a(interrupt.o)
                0x80014920                __init_interrupts
 .text.disable_interrupts
                0x80014960       0x40 /usr/lib/gcc/mips64-elf/14.2.0/../../../../mips64-elf/lib/libdragon.a(interrupt.o)
                0x80014960                disable_interrupts
 .text.enable_interrupts
                0x800149a0       0x80 /usr/lib/gcc/mips64-elf/14.2.0/../../../../mips64-elf/lib/libdragon.a(interrupt.o)
                0x800149a0                enable_interrupts
 .text.cb.0     0x80014a20       0x40 /usr/lib/gcc/mips64-elf/14.2.0/../../../../mips64-elf/lib/libdragon.a(backtrace.o)
 .text.symt_open
                0x80014a60      0x200 /usr/lib/gcc/mips64-elf/14.2.0/../../../../mips64-elf/lib/libdragon.a(backtrace.o)
 .text.symt_addrtab_entry.isra.0
                0x80014c60       0x60 /usr/lib/gcc/mips64-elf/14.2.0/../../../../mips64-elf/lib/libdragon.a(backtrace.o)
 .text.format_entry
                0x80014cc0      0x240 /usr/lib/gcc/mips64-elf/14.2.0/../../../../mips64-elf/lib/libdragon.a(backtrace.o)
 .text.symt_addrtab_search
                0x80014f00      0x160 /usr/lib/gcc/mips64-elf/14.2.0/../../../../mips64-elf/lib/libdragon.a(backtrace.o)
 .text.__symbolize
                0x80015060      0x240 /usr/lib/gcc/mips64-elf/14.2.0/../../../../mips64-elf/lib/libdragon.a(backtrace.o)
                0x80015060                __symbolize
 .text.__bt_analyze_func
                0x800152a0      0x1c0 /usr/lib/gcc/mips64-elf/14.2.0/../../../../mips64-elf/lib/libdragon.a(backtrace.o)
                0x800152a0                __bt_analyze_func
 .text.backtrace_foreach.constprop.0
                0x80015460      0x340 /usr/lib/gcc/mips64-elf/14.2.0/../../../../mips64-elf/lib/libdragon.a(backtrace.o)
 .text.backtrace
                0x800157a0       0xe0 /usr/lib/gcc/mips64-elf/14.2.0/../../../../mips64-elf/lib/libdragon.a(backtrace.o)
                0x800157a0                backtrace
 .text.backtrace_symbols_cb
                0x80015880      0x300 /usr/lib/gcc/mips64-elf/14.2.0/../../../../mips64-elf/lib/libdragon.a(backtrace.o)
                0x80015880                backtrace_symbols_cb
 .text.backtrace_frame_print
                0x80015b80       0xa0 /usr/lib/gcc/mips64-elf/14.2.0/../../../../mips64-elf/lib/libdragon.a(backtrace.o)
                0x80015b80                backtrace_frame_print
 .text.backtrace_frame_print_compact
                0x80015c20      0x140 /usr/lib/gcc/mips64-elf/14.2.0/../../../../mips64-elf/lib/libdragon.a(backtrace.o)
                0x80015c20                backtrace_frame_print_compact
 .text.rompak_search_ext
                0x80015d60      0x200 /usr/lib/gcc/mips64-elf/14.2.0/../../../../mips64-elf/lib/libdragon.a(rompak.o)
                0x80015d60                rompak_search_ext
 .text.__display_callback
                0x80015f60      0x160 /usr/lib/gcc/mips64-elf/14.2.0/../../../../mips64-elf/lib/libdragon.a(display.o)
 .text.display_show.part.0
                0x800160c0      0x1a0 /usr/lib/gcc/mips64-elf/14.2.0/../../../../mips64-elf/lib/libdragon.a(display.o)
 .text.display_init
                0x80016260      0x5c0 /usr/lib/gcc/mips64-elf/14.2.0/../../../../mips64-elf/lib/libdragon.a(display.o)
                0x80016260                display_init
 .text.display_close
                0x80016820      0x100 /usr/lib/gcc/mips64-elf/14.2.0/../../../../mips64-elf/lib/libdragon.a(display.o)
                0x80016820                display_close
 .text.display_try_get
                0x80016920       0xc0 /usr/lib/gcc/mips64-elf/14.2.0/../../../../mips64-elf/lib/libdragon.a(display.o)
                0x80016920                display_try_get
 .text.display_get
                0x800169e0      0x100 /usr/lib/gcc/mips64-elf/14.2.0/../../../../mips64-elf/lib/libdragon.a(display.o)
                0x800169e0                display_get
 .text.display_show
                0x80016ae0       0x20 /usr/lib/gcc/mips64-elf/14.2.0/../../../../mips64-elf/lib/libdragon.a(display.o)
                0x80016ae0                display_show
 .text.display_show_force
                0x80016b00       0x40 /usr/lib/gcc/mips64-elf/14.2.0/../../../../mips64-elf/lib/libdragon.a(display.o)
                0x80016b00                display_show_force
 .text.display_get_bitdepth
                0x80016b40       0x20 /usr/lib/gcc/mips64-elf/14.2.0/../../../../mips64-elf/lib/libdragon.a(display.o)
                0x80016b40                display_get_bitdepth
 .text.surface_alloc
                0x80016b60       0xe0 /usr/lib/gcc/mips64-elf/14.2.0/../../../../mips64-elf/lib/libdragon.a(surface.o)
                0x80016b60                surface_alloc
 .text.surface_free
                0x80016c40       0x80 /usr/lib/gcc/mips64-elf/14.2.0/../../../../mips64-elf/lib/libdragon.a(surface.o)
                0x80016c40                surface_free
 .text.controller_read
                0x80016cc0       0x20 /usr/lib/gcc/mips64-elf/14.2.0/../../../../mips64-elf/lib/libdragon.a(controller.o)
                0x80016cc0                controller_read
 .text.rsp_load_code
                0x80016ce0      0x100 /usr/lib/gcc/mips64-elf/14.2.0/../../../../mips64-elf/lib/libdragon.a(rsp.o)
                0x80016ce0                rsp_load_code
 .text.rsp_load_data
                0x80016de0       0xe0 /usr/lib/gcc/mips64-elf/14.2.0/../../../../mips64-elf/lib/libdragon.a(rsp.o)
                0x80016de0                rsp_load_data
 .text.rsp_read_code
                0x80016ec0       0xe0 /usr/lib/gcc/mips64-elf/14.2.0/../../../../mips64-elf/lib/libdragon.a(rsp.o)
                0x80016ec0                rsp_read_code
 .text.rsp_read_data
                0x80016fa0       0xe0 /usr/lib/gcc/mips64-elf/14.2.0/../../../../mips64-elf/lib/libdragon.a(rsp.o)
                0x80016fa0                rsp_read_data
 .text.__rsp_crash
                0x80017080      0xbe0 /usr/lib/gcc/mips64-elf/14.2.0/../../../../mips64-elf/lib/libdragon.a(rsp.o)
                0x80017080                __rsp_crash
 .text.__rsp_check_assert
                0x80017c60       0x80 /usr/lib/gcc/mips64-elf/14.2.0/../../../../mips64-elf/lib/libdragon.a(rsp.o)
                0x80017c60                __rsp_check_assert
 .text.rsp_wait
                0x80017ce0      0x100 /usr/lib/gcc/mips64-elf/14.2.0/../../../../mips64-elf/lib/libdragon.a(rsp.o)
                0x80017ce0                rsp_wait
 .text.rsp_run  0x80017de0       0x60 /usr/lib/gcc/mips64-elf/14.2.0/../../../../mips64-elf/lib/libdragon.a(rsp.o)
                0x80017de0                rsp_run
 .text.joybus_msg_send
                0x80017e40       0x80 /usr/lib/gcc/mips64-elf/14.2.0/../../../../mips64-elf/lib/libdragon.a(joybus.o)
 .text.callback.0
                0x80017ec0       0x80 /usr/lib/gcc/mips64-elf/14.2.0/../../../../mips64-elf/lib/libdragon.a(joybus.o)
 .text.si_interrupt
                0x80017f40      0x1a0 /usr/lib/gcc/mips64-elf/14.2.0/../../../../mips64-elf/lib/libdragon.a(joybus.o)
 .text.startup.__joybus_init
                0x800180e0       0x60 /usr/lib/gcc/mips64-elf/14.2.0/../../../../mips64-elf/lib/libdragon.a(joybus.o)
                0x800180e0                __joybus_init
 .text.joybus_exec_async
                0x80018140      0x1a0 /usr/lib/gcc/mips64-elf/14.2.0/../../../../mips64-elf/lib/libdragon.a(joybus.o)
                0x80018140                joybus_exec_async
 .text.joybus_exec
                0x800182e0      0x140 /usr/lib/gcc/mips64-elf/14.2.0/../../../../mips64-elf/lib/libdragon.a(joybus.o)
                0x800182e0                joybus_exec
 .text.close    0x80018420       0xe0 /usr/lib/gcc/mips64-elf/14.2.0/../../../../mips64-elf/lib/libdragonsys.a(system.o)
                0x80018420                close
 .text._exit    0x80018500       0x20 /usr/lib/gcc/mips64-elf/14.2.0/../../../../mips64-elf/lib/libdragonsys.a(system.o)
                0x80018500                _exit
 .text.fstat    0x80018520      0x100 /usr/lib/gcc/mips64-elf/14.2.0/../../../../mips64-elf/lib/libdragonsys.a(system.o)
                0x80018520                fstat
 .text.getpid   0x80018620       0x40 /usr/lib/gcc/mips64-elf/14.2.0/../../../../mips64-elf/lib/libdragonsys.a(system.o)
                0x80018620                getpid
 .text.isatty   0x80018660       0x40 /usr/lib/gcc/mips64-elf/14.2.0/../../../../mips64-elf/lib/libdragonsys.a(system.o)
                0x80018660                isatty
 .text.kill     0x800186a0       0x40 /usr/lib/gcc/mips64-elf/14.2.0/../../../../mips64-elf/lib/libdragonsys.a(system.o)
                0x800186a0                kill
 .text.lseek    0x800186e0      0x100 /usr/lib/gcc/mips64-elf/14.2.0/../../../../mips64-elf/lib/libdragonsys.a(system.o)
                0x800186e0                lseek
 .text.read     0x800187e0      0x120 /usr/lib/gcc/mips64-elf/14.2.0/../../../../mips64-elf/lib/libdragonsys.a(system.o)
                0x800187e0                read
 .text.sbrk     0x80018900       0xc0 /usr/lib/gcc/mips64-elf/14.2.0/../../../../mips64-elf/lib/libdragonsys.a(system.o)
                0x80018900                sbrk
 .text.write    0x800189c0      0x140 /usr/lib/gcc/mips64-elf/14.2.0/../../../../mips64-elf/lib/libdragonsys.a(system.o)
                0x800189c0                write
 .text.hook_stdio_calls
                0x80018b00       0x60 /usr/lib/gcc/mips64-elf/14.2.0/../../../../mips64-elf/lib/libdragonsys.a(system.o)
                0x80018b00                hook_stdio_calls
 .text._flush_cache
                0x80018b60       0x40 /usr/lib/gcc/mips64-elf/14.2.0/../../../../mips64-elf/lib/libdragonsys.a(system.o)
                0x80018b60                _flush_cache
 .text.__assert_func
                0x80018ba0       0x20 /usr/lib/gcc/mips64-elf/14.2.0/../../../../mips64-elf/lib/libdragonsys.a(system.o)
                0x80018ba0                __assert_func
 *(keep.text.*)
 *(.init)
 .init          0x80018bc0        0x8 /usr/lib/gcc/mips64-elf/14.2.0/crti.o
                0x80018bc0                _init
 *(.fini)
 .fini          0x80018bc8        0x8 /usr/lib/gcc/mips64-elf/14.2.0/crti.o
                0x80018bc8                _fini
 *(.gnu.linkonce.t.*)
                0x80018bd0                        . = ALIGN (0x10)
                0x80018bd0                        __text_end = .

.eh_frame_hdr
 *(.eh_frame_hdr)

.eh_frame       0x80018bd0        0x4
                0x80018bd0                        __EH_FRAME_BEGIN__ = .
 *(.eh_frame)
 .eh_frame      0x80018bd0        0x0 /usr/lib/gcc/mips64-elf/14.2.0/crtbegin.o
 .eh_frame      0x80018bd0        0x4 /usr/lib/gcc/mips64-elf/14.2.0/crtend.o

.gcc_except_table
 *(.gcc_except_table*)

.jcr
 *(.jcr)

.rodata         0x80018bd8     0x3ed8
 *(.rdata)
 *(.rodata)
 .rodata        0x80018bd8      0x188 /usr/lib/gcc/mips64-elf/14.2.0/../../../../mips64-elf/lib/libc.a(libc_a-vfprintf.o)
 .rodata        0x80018d60      0x128 /usr/lib/gcc/mips64-elf/14.2.0/../../../../mips64-elf/lib/libc.a(libc_a-mprec.o)
                0x80018d70                __mprec_tinytens
                0x80018d98                __mprec_bigtens
                0x80018dc0                __mprec_tens
 .rodata        0x80018e88      0x288 /usr/lib/gcc/mips64-elf/14.2.0/../../../../mips64-elf/lib/libc.a(libc_a-ctype_.o)
                0x80018e88                _ctype_
                0x80018f90                _ctype_b
 .rodata        0x80019110      0x188 /usr/lib/gcc/mips64-elf/14.2.0/../../../../mips64-elf/lib/libc.a(libc_a-svfprintf.o)
 *(.rodata.*)
 .rodata.hand_decoder.str1.8
                0x80019298     0x2746 build/main.o
                                  0x4 (size before relaxing)
 .rodata.main.str1.8
                0x8001b9de       0x34 build/main.o
 .rodata.cb.0.str1.8
                0x8001b9de       0x1d /usr/lib/gcc/mips64-elf/14.2.0/../../../../mips64-elf/lib/libdragon.a(debug.o)
 .rodata.debug_assert_func_f.str1.8
                0x8001b9de       0x45 /usr/lib/gcc/mips64-elf/14.2.0/../../../../mips64-elf/lib/libdragon.a(debug.o)
 .rodata.debug_hexdump.str1.8
                0x8001b9de       0x2b /usr/lib/gcc/mips64-elf/14.2.0/../../../../mips64-elf/lib/libdragon.a(debug.o)
 .rodata.__debug_backtrace.str1.8
                0x8001b9de        0xc /usr/lib/gcc/mips64-elf/14.2.0/../../../../mips64-elf/lib/libdragon.a(debug.o)
 *fill*         0x8001b9de        0x2 
 .rodata.RESOLUTION_640x240
                0x8001b9e0        0xc /usr/lib/gcc/mips64-elf/14.2.0/../../../../mips64-elf/lib/libdragon.a(console.o)
 *fill*         0x8001b9ec        0x4 
 .rodata.__font_data
                0x8001b9f0      0x800 /usr/lib/gcc/mips64-elf/14.2.0/../../../../mips64-elf/lib/libdragon.a(graphics.o)
 .rodata.cb.2.str1.8
                0x8001c1f0       0x22 /usr/lib/gcc/mips64-elf/14.2.0/../../../../mips64-elf/lib/libdragon.a(inspector.o)
 .rodata.cb.1.str1.8
                0x8001c1f0        0xc /usr/lib/gcc/mips64-elf/14.2.0/../../../../mips64-elf/lib/libdragon.a(inspector.o)
 .rodata.cb.0.str1.8
                0x8001c1f0       0x27 /usr/lib/gcc/mips64-elf/14.2.0/../../../../mips64-elf/lib/libdragon.a(inspector.o)
 .rodata.cb.3.str1.8
                0x8001c1f0       0x2a /usr/lib/gcc/mips64-elf/14.2.0/../../../../mips64-elf/lib/libdragon.a(inspector.o)
 .rodata.inspector_stdout
                0x8001c1f0       0x54 /usr/lib/gcc/mips64-elf/14.2.0/../../../../mips64-elf/lib/libdragon.a(inspector.o)
 .rodata.mips_disasm.str1.8
                0x8001c244      0x1ce /usr/lib/gcc/mips64-elf/14.2.0/../../../../mips64-elf/lib/libdragon.a(inspector.o)
 .rodata.mips_disasm
                0x8001c244       0xc0 /usr/lib/gcc/mips64-elf/14.2.0/../../../../mips64-elf/lib/libdragon.a(inspector.o)
 .rodata.inspector.str1.8
                0x8001c304      0x22c /usr/lib/gcc/mips64-elf/14.2.0/../../../../mips64-elf/lib/libdragon.a(inspector.o)
 .rodata.inspector
                0x8001c304       0x14 /usr/lib/gcc/mips64-elf/14.2.0/../../../../mips64-elf/lib/libdragon.a(inspector.o)
 .rodata.str1.8
                0x8001c318      0x69b /usr/lib/gcc/mips64-elf/14.2.0/../../../../mips64-elf/lib/libdragon.a(inspector.o)
 .rodata.CSWTCH.128
                0x8001c318       0x14 /usr/lib/gcc/mips64-elf/14.2.0/../../../../mips64-elf/lib/libdragon.a(inspector.o)
 *fill*         0x8001c32c        0x4 
 .rodata.fpu_ops.7
                0x8001c330      0x100 /usr/lib/gcc/mips64-elf/14.2.0/../../../../mips64-elf/lib/libdragon.a(inspector.o)
 .rodata.special.8
                0x8001c430      0x100 /usr/lib/gcc/mips64-elf/14.2.0/../../../../mips64-elf/lib/libdragon.a(inspector.o)
 .rodata.ops.9  0x8001c530      0x100 /usr/lib/gcc/mips64-elf/14.2.0/../../../../mips64-elf/lib/libdragon.a(inspector.o)
 .rodata.RESOLUTION_640x240
                0x8001c630        0xc /usr/lib/gcc/mips64-elf/14.2.0/../../../../mips64-elf/lib/libdragon.a(inspector.o)
 .rodata.dma_write_raw_async.part.0.str1.8
                0x8001c63c       0x12 /usr/lib/gcc/mips64-elf/14.2.0/../../../../mips64-elf/lib/libdragon.a(dma.o)
 .rodata.dma_read_async.str1.8
                0x8001c63c       0x8d /usr/lib/gcc/mips64-elf/14.2.0/../../../../mips64-elf/lib/libdragon.a(dma.o)
 *fill*         0x8001c63c        0x4 
 .rodata.__func__.0
                0x8001c640        0xf /usr/lib/gcc/mips64-elf/14.2.0/../../../../mips64-elf/lib/libdragon.a(dma.o)
 *fill*         0x8001c64f        0x1 
 .rodata.__func__.1
                0x8001c650       0x14 /usr/lib/gcc/mips64-elf/14.2.0/../../../../mips64-elf/lib/libdragon.a(dma.o)
 .rodata.cb.0.str1.8
                0x8001c664       0x17 /usr/lib/gcc/mips64-elf/14.2.0/../../../../mips64-elf/lib/libdragon.a(exception.o)
 .rodata.cb.1.str1.8
                0x8001c664       0x19 /usr/lib/gcc/mips64-elf/14.2.0/../../../../mips64-elf/lib/libdragon.a(exception.o)
 .rodata.__get_exception_name.isra.0.str1.8
                0x8001c664      0x285 /usr/lib/gcc/mips64-elf/14.2.0/../../../../mips64-elf/lib/libdragon.a(exception.o)
 .rodata.__get_exception_name.isra.0
                0x8001c664       0x40 /usr/lib/gcc/mips64-elf/14.2.0/../../../../mips64-elf/lib/libdragon.a(exception.o)
 .rodata.__exception_dump_header.str1.8
                0x8001c6a4      0x110 /usr/lib/gcc/mips64-elf/14.2.0/../../../../mips64-elf/lib/libdragon.a(exception.o)
 .rodata.__exception_dump_header
                0x8001c6a4       0x60 /usr/lib/gcc/mips64-elf/14.2.0/../../../../mips64-elf/lib/libdragon.a(exception.o)
 .rodata.__exception_dump_gpr.str1.8
                0x8001c704       0x34 /usr/lib/gcc/mips64-elf/14.2.0/../../../../mips64-elf/lib/libdragon.a(exception.o)
 .rodata.__exception_dump_fpr.str1.8
                0x8001c704       0x3e /usr/lib/gcc/mips64-elf/14.2.0/../../../../mips64-elf/lib/libdragon.a(exception.o)
 .rodata.exception_default_handler.str1.8
                0x8001c704       0x3e /usr/lib/gcc/mips64-elf/14.2.0/../../../../mips64-elf/lib/libdragon.a(exception.o)
 .rodata.register_syscall_handler.str1.8
                0x8001c704      0x143 /usr/lib/gcc/mips64-elf/14.2.0/../../../../mips64-elf/lib/libdragon.a(exception.o)
 *fill*         0x8001c704        0x4 
 .rodata.__func__.2
                0x8001c708       0x19 /usr/lib/gcc/mips64-elf/14.2.0/../../../../mips64-elf/lib/libdragon.a(exception.o)
 .rodata.str1.8
                0x8001c721      0x166 /usr/lib/gcc/mips64-elf/14.2.0/../../../../mips64-elf/lib/libdragon.a(exception.o)
 *fill*         0x8001c721        0x7 
 .rodata.exceptionMap.3
                0x8001c728       0x80 /usr/lib/gcc/mips64-elf/14.2.0/../../../../mips64-elf/lib/libdragon.a(exception.o)
 .rodata.__do_global_ctors.str1.8
                0x8001c7a8       0xa1 /usr/lib/gcc/mips64-elf/14.2.0/../../../../mips64-elf/lib/libdragon.a(do_ctors.o)
 .rodata.__wrap___do_global_ctors.str1.8
                0x8001c7a8       0xbb /usr/lib/gcc/mips64-elf/14.2.0/../../../../mips64-elf/lib/libdragon.a(do_ctors.o)
 .rodata.__func__.0
                0x8001c7a8       0x19 /usr/lib/gcc/mips64-elf/14.2.0/../../../../mips64-elf/lib/libdragon.a(do_ctors.o)
 .rodata.malloc_uncached_aligned.str1.8
                0x8001c7c1       0x3d /usr/lib/gcc/mips64-elf/14.2.0/../../../../mips64-elf/lib/libdragon.a(n64sys.o)
 *fill*         0x8001c7c1        0x7 
 .rodata.__func__.0
                0x8001c7c8       0x18 /usr/lib/gcc/mips64-elf/14.2.0/../../../../mips64-elf/lib/libdragon.a(n64sys.o)
 .rodata.__CART_handler.str1.8
                0x8001c7e0       0x8a /usr/lib/gcc/mips64-elf/14.2.0/../../../../mips64-elf/lib/libdragon.a(interrupt.o)
 .rodata.enable_interrupts.str1.8
                0x8001c7e0       0x3c /usr/lib/gcc/mips64-elf/14.2.0/../../../../mips64-elf/lib/libdragon.a(interrupt.o)
 .rodata.__func__.0
                0x8001c7e0       0x12 /usr/lib/gcc/mips64-elf/14.2.0/../../../../mips64-elf/lib/libdragon.a(interrupt.o)
 *fill*         0x8001c7f2        0x6 
 .rodata.__func__.3
                0x8001c7f8        0xf /usr/lib/gcc/mips64-elf/14.2.0/../../../../mips64-elf/lib/libdragon.a(interrupt.o)
 .rodata.symt_open.str1.8
                0x8001c807       0xc3 /usr/lib/gcc/mips64-elf/14.2.0/../../../../mips64-elf/lib/libdragon.a(backtrace.o)
 .rodata.symt_addrtab_entry.isra.0.str1.8
                0x8001c807       0x38 /usr/lib/gcc/mips64-elf/14.2.0/../../../../mips64-elf/lib/libdragon.a(backtrace.o)
 .rodata.format_entry.str1.8
                0x8001c807       0x14 /usr/lib/gcc/mips64-elf/14.2.0/../../../../mips64-elf/lib/libdragon.a(backtrace.o)
 .rodata.__symbolize.str1.8
                0x8001c807       0x13 /usr/lib/gcc/mips64-elf/14.2.0/../../../../mips64-elf/lib/libdragon.a(backtrace.o)
 .rodata.__bt_analyze_func.str1.8
                0x8001c807       0x42 /usr/lib/gcc/mips64-elf/14.2.0/../../../../mips64-elf/lib/libdragon.a(backtrace.o)
 .rodata.backtrace_foreach.constprop.0.str1.8
                0x8001c807       0x81 /usr/lib/gcc/mips64-elf/14.2.0/../../../../mips64-elf/lib/libdragon.a(backtrace.o)
 .rodata.backtrace_symbols_cb.str1.8
                0x8001c807       0x22 /usr/lib/gcc/mips64-elf/14.2.0/../../../../mips64-elf/lib/libdragon.a(backtrace.o)
 .rodata.backtrace_frame_print.str1.8
                0x8001c807       0x35 /usr/lib/gcc/mips64-elf/14.2.0/../../../../mips64-elf/lib/libdragon.a(backtrace.o)
 .rodata.backtrace_frame_print_compact.str1.8
                0x8001c807       0x2a /usr/lib/gcc/mips64-elf/14.2.0/../../../../mips64-elf/lib/libdragon.a(backtrace.o)
 *fill*         0x8001c807        0x1 
 .rodata.__func__.3
                0x8001c808       0x13 /usr/lib/gcc/mips64-elf/14.2.0/../../../../mips64-elf/lib/libdragon.a(backtrace.o)
 .rodata.rompak_search_ext.str1.8
                0x8001c81b       0xb7 /usr/lib/gcc/mips64-elf/14.2.0/../../../../mips64-elf/lib/libdragon.a(rompak.o)
 *fill*         0x8001c81b        0x5 
 .rodata.__func__.0
                0x8001c820       0x12 /usr/lib/gcc/mips64-elf/14.2.0/../../../../mips64-elf/lib/libdragon.a(rompak.o)
 .rodata.display_show.part.0.str1.8
                0x8001c832       0xf9 /usr/lib/gcc/mips64-elf/14.2.0/../../../../mips64-elf/lib/libdragon.a(display.o)
 .rodata.display_init.str1.8
                0x8001c832      0x251 /usr/lib/gcc/mips64-elf/14.2.0/../../../../mips64-elf/lib/libdragon.a(display.o)
 *fill*         0x8001c832        0x2 
 .rodata.display_init
                0x8001c834       0x14 /usr/lib/gcc/mips64-elf/14.2.0/../../../../mips64-elf/lib/libdragon.a(display.o)
 .rodata.display_get.str1.8
                0x8001c848       0x1c /usr/lib/gcc/mips64-elf/14.2.0/../../../../mips64-elf/lib/libdragon.a(display.o)
 .rodata.__func__.0
                0x8001c848        0xd /usr/lib/gcc/mips64-elf/14.2.0/../../../../mips64-elf/lib/libdragon.a(display.o)
 *fill*         0x8001c855        0x3 
 .rodata.__func__.1
                0x8001c858        0xc /usr/lib/gcc/mips64-elf/14.2.0/../../../../mips64-elf/lib/libdragon.a(display.o)
 *fill*         0x8001c864        0x4 
 .rodata.__func__.4
                0x8001c868        0xd /usr/lib/gcc/mips64-elf/14.2.0/../../../../mips64-elf/lib/libdragon.a(display.o)
 *fill*         0x8001c875        0x3 
 .rodata.vi_config_presets
                0x8001c878      0x150 /usr/lib/gcc/mips64-elf/14.2.0/../../../../mips64-elf/lib/libdragon.a(display.o)
 .rodata.surface_alloc.str1.8
                0x8001c9c8       0x62 /usr/lib/gcc/mips64-elf/14.2.0/../../../../mips64-elf/lib/libdragon.a(surface.o)
 .rodata.__func__.1
                0x8001c9c8        0xe /usr/lib/gcc/mips64-elf/14.2.0/../../../../mips64-elf/lib/libdragon.a(surface.o)
 *fill*         0x8001c9d6        0x2 
 .rodata.SI_read_con_block.8
                0x8001c9d8       0x40 /usr/lib/gcc/mips64-elf/14.2.0/../../../../mips64-elf/lib/libdragon.a(controller.o)
 .rodata.rsp_load_code.str1.8
                0x8001ca18       0x47 /usr/lib/gcc/mips64-elf/14.2.0/../../../../mips64-elf/lib/libdragon.a(rsp.o)
 .rodata.rsp_load_data.str1.8
                0x8001ca18       0x17 /usr/lib/gcc/mips64-elf/14.2.0/../../../../mips64-elf/lib/libdragon.a(rsp.o)
 .rodata.__rsp_crash.str1.8
                0x8001ca18      0x7ef /usr/lib/gcc/mips64-elf/14.2.0/../../../../mips64-elf/lib/libdragon.a(rsp.o)
 .rodata.rsp_wait.str1.8
                0x8001ca18       0x1c /usr/lib/gcc/mips64-elf/14.2.0/../../../../mips64-elf/lib/libdragon.a(rsp.o)
 .rodata.__func__.0
                0x8001ca18        0x9 /usr/lib/gcc/mips64-elf/14.2.0/../../../../mips64-elf/lib/libdragon.a(rsp.o)
 *fill*         0x8001ca21        0x7 
 .rodata.__func__.1
                0x8001ca28        0xe /usr/lib/gcc/mips64-elf/14.2.0/../../../../mips64-elf/lib/libdragon.a(rsp.o)
 *fill*         0x8001ca36        0x2 
 .rodata.__func__.2
                0x8001ca38        0xe /usr/lib/gcc/mips64-elf/14.2.0/../../../../mips64-elf/lib/libdragon.a(rsp.o)
 *fill*         0x8001ca46        0x2 
 .rodata.__func__.3
                0x8001ca48        0xe /usr/lib/gcc/mips64-elf/14.2.0/../../../../mips64-elf/lib/libdragon.a(rsp.o)
 *fill*         0x8001ca56        0x2 
 .rodata.__func__.4
                0x8001ca58        0xe /usr/lib/gcc/mips64-elf/14.2.0/../../../../mips64-elf/lib/libdragon.a(rsp.o)
 .rodata.str1.8
                0x8001ca66        0xa /usr/lib/gcc/mips64-elf/14.2.0/../../../../mips64-elf/lib/libdragon.a(rsp.o)
 .rodata.joybus_msg_send.str1.8
                0x8001ca66       0x55 /usr/lib/gcc/mips64-elf/14.2.0/../../../../mips64-elf/lib/libdragon.a(joybus.o)
 .rodata.si_interrupt.str1.8
                0x8001ca66       0x40 /usr/lib/gcc/mips64-elf/14.2.0/../../../../mips64-elf/lib/libdragon.a(joybus.o)
 .rodata.joybus_exec_async.str1.8
                0x8001ca66       0x4a /usr/lib/gcc/mips64-elf/14.2.0/../../../../mips64-elf/lib/libdragon.a(joybus.o)
 *fill*         0x8001ca66        0x2 
 .rodata.__func__.1
                0x8001ca68       0x12 /usr/lib/gcc/mips64-elf/14.2.0/../../../../mips64-elf/lib/libdragon.a(joybus.o)
 *fill*         0x8001ca7a        0x6 
 .rodata.__func__.2
                0x8001ca80       0x10 /usr/lib/gcc/mips64-elf/14.2.0/../../../../mips64-elf/lib/libdragon.a(joybus.o)
 .rodata.__func__.3
                0x8001ca90       0x10 /usr/lib/gcc/mips64-elf/14.2.0/../../../../mips64-elf/lib/libdragon.a(joybus.o)
 .rodata.__func__.4
                0x8001caa0        0xd /usr/lib/gcc/mips64-elf/14.2.0/../../../../mips64-elf/lib/libdragon.a(joybus.o)
 .rodata.str1.8
                0x8001caad       0x5a /usr/lib/gcc/mips64-elf/14.2.0/../../../../mips64-elf/lib/libc.a(libc_a-vfprintf.o)
 .rodata.str1.8
                0x8001caad        0x2 /usr/lib/gcc/mips64-elf/14.2.0/../../../../mips64-elf/lib/libc.a(libc_a-puts.o)
 .rodata.str1.8
                0x8001caad       0x71 /usr/lib/gcc/mips64-elf/14.2.0/../../../../mips64-elf/lib/libc.a(libc_a-dtoa.o)
 .rodata.str1.8
                0x8001caad       0x52 /usr/lib/gcc/mips64-elf/14.2.0/../../../../mips64-elf/lib/libc.a(libc_a-mprec.o)
 .rodata.str1.8
                0x8001caad       0x5a /usr/lib/gcc/mips64-elf/14.2.0/../../../../mips64-elf/lib/libc.a(libc_a-svfprintf.o)
 .rodata.str1.8
                0x8001caad       0x1a /usr/lib/gcc/mips64-elf/14.2.0/../../../../mips64-elf/lib/libc.a(libc_a-locale.o)
 *(keep.rodata.*)
 *(.gnu.linkonce.r.*)
                0x8001cb20                        . = ALIGN (0x8)
 *fill*         0x8001caad        0x3 

.MIPS.abiflags  0x8001cab0       0x18
 .MIPS.abiflags
                0x8001cab0       0x18 /usr/lib/gcc/mips64-elf/14.2.0/crti.o

.rel.dyn        0x8001cac8        0x0
 .rel.dyn       0x8001cac8        0x0 /usr/lib/gcc/mips64-elf/14.2.0/../../../../mips64-elf/lib/libdragon.a(inspector.o)
                0x8001cac8                        . = ALIGN (0x4)

.ctors          0x8001cac8       0x18
                0x8001cac8                        __CTOR_LIST__ = .
 *(.ctors)
 .ctors         0x8001cac8        0x4 /usr/lib/gcc/mips64-elf/14.2.0/crtbegin.o
 .ctors         0x8001cacc        0x4 /usr/lib/gcc/mips64-elf/14.2.0/../../../../mips64-elf/lib/libdragon.a(inspector.o)
 .ctors         0x8001cad0        0x4 /usr/lib/gcc/mips64-elf/14.2.0/../../../../mips64-elf/lib/libdragon.a(n64sys.o)
 .ctors         0x8001cad4        0x4 /usr/lib/gcc/mips64-elf/14.2.0/../../../../mips64-elf/lib/libdragon.a(interrupt.o)
 .ctors         0x8001cad8        0x4 /usr/lib/gcc/mips64-elf/14.2.0/../../../../mips64-elf/lib/libdragon.a(joybus.o)
 .ctors         0x8001cadc        0x4 /usr/lib/gcc/mips64-elf/14.2.0/crtend.o
                0x8001cae0                        __CTOR_END__ = .
                0x8001cae0                        . = ALIGN (0x8)

.data           0x8001cae0      0xa28
                0x8001cae0                        __data_start = .
 *(.data)
 .data          0x8001cae0      0x1c4 /usr/lib/gcc/mips64-elf/14.2.0/../../../../mips64-elf/lib/libdragon.a(rsp_crash.o)
                0x8001cae0                rsp_crash_text_start
                0x8001cca0                rsp_crash_data_start
                0x8001cca0                rsp_crash_text_end
                0x8001cca4                rsp_crash_data_end
 *fill*         0x8001cca4        0x4 
 .data          0x8001cca8      0x408 /usr/lib/gcc/mips64-elf/14.2.0/../../../../mips64-elf/lib/libc.a(libc_a-mallocr.o)
                0x8001cca8                __malloc_av_
 .data          0x8001d0b0        0xc /usr/lib/gcc/mips64-elf/14.2.0/../../../../mips64-elf/lib/libc.a(libc_a-findfp.o)
                0x8001d0b0                __sglue
 *fill*         0x8001d0bc        0x4 
 .data          0x8001d0c0      0x120 /usr/lib/gcc/mips64-elf/14.2.0/../../../../mips64-elf/lib/libc.a(libc_a-impure.o)
                0x8001d0c0                _impure_data
 .data          0x8001d1e0      0x16c /usr/lib/gcc/mips64-elf/14.2.0/../../../../mips64-elf/lib/libc.a(libc_a-locale.o)
                0x8001d1e0                __global_locale
 *(.data.*)
 *fill*         0x8001d34c        0x4 
 .data.sprite_font
                0x8001d350        0xc /usr/lib/gcc/mips64-elf/14.2.0/../../../../mips64-elf/lib/libdragon.a(graphics.o)
 *fill*         0x8001d35c        0x4 
 .data.__mips_fpreg
                0x8001d360       0x80 /usr/lib/gcc/mips64-elf/14.2.0/../../../../mips64-elf/lib/libdragon.a(inspector.o)
                0x8001d360                __mips_fpreg
 .data.__mips_gpr
                0x8001d3e0       0x88 /usr/lib/gcc/mips64-elf/14.2.0/../../../../mips64-elf/lib/libdragon.a(inspector.o)
                0x8001d3e0                __mips_gpr
 .data.rsp_crash
                0x8001d468       0x20 /usr/lib/gcc/mips64-elf/14.2.0/../../../../mips64-elf/lib/libdragon.a(rsp.o)
                0x8001d468                rsp_crash
 .data.handle_map
                0x8001d488       0x80 /usr/lib/gcc/mips64-elf/14.2.0/../../../../mips64-elf/lib/libdragonsys.a(system.o)
 *(keep.data.*)
 *(.gnu.linkonce.d.*)
                0x8001d508                        . = ALIGN (0x8)

.sdata          0x8001d508       0xb8
                0x80025508                        _gp = (. + 0x8000)
 *(.sdata)
 .sdata         0x8001d508       0x10 /usr/lib/gcc/mips64-elf/14.2.0/../../../../mips64-elf/lib/libdragon.a(exception.o)
 .sdata         0x8001d518        0x8 /usr/lib/gcc/mips64-elf/14.2.0/../../../../mips64-elf/lib/libc.a(libc_a-mallocr.o)
                0x8001d518                __malloc_sbrk_base
                0x8001d51c                __malloc_trim_threshold
 .sdata         0x8001d520        0x8 /usr/lib/gcc/mips64-elf/14.2.0/../../../../mips64-elf/lib/libc.a(libc_a-vfprintf.o)
 .sdata         0x8001d528        0x4 /usr/lib/gcc/mips64-elf/14.2.0/../../../../mips64-elf/lib/libc.a(libc_a-impure.o)
                0x8001d528                _impure_ptr
 *fill*         0x8001d52c        0x4 
 .sdata         0x8001d530       0x48 /usr/lib/gcc/mips64-elf/14.2.0/../../../../mips64-elf/lib/libc.a(libc_a-dtoa.o)
 .sdata         0x8001d578       0x10 /usr/lib/gcc/mips64-elf/14.2.0/../../../../mips64-elf/lib/libc.a(libc_a-mprec.o)
 .sdata         0x8001d588        0x8 /usr/lib/gcc/mips64-elf/14.2.0/../../../../mips64-elf/lib/libc.a(libc_a-svfprintf.o)
 *(.sdata.*)
 .sdata.usb_readblock
                0x8001d590        0x4 /usr/lib/gcc/mips64-elf/14.2.0/../../../../mips64-elf/lib/libdragon.a(usb.o)
 .sdata.console_redirect_debug
                0x8001d594        0x1 /usr/lib/gcc/mips64-elf/14.2.0/../../../../mips64-elf/lib/libdragon.a(console.o)
 *fill*         0x8001d595        0x3 
 .sdata.f_color
                0x8001d598        0x4 /usr/lib/gcc/mips64-elf/14.2.0/../../../../mips64-elf/lib/libdragon.a(graphics.o)
 .sdata.first_backtrace
                0x8001d59c        0x1 /usr/lib/gcc/mips64-elf/14.2.0/../../../../mips64-elf/lib/libdragon.a(inspector.o)
 *fill*         0x8001d59d        0x3 
 .sdata.fpr_show_mode
                0x8001d5a0        0x4 /usr/lib/gcc/mips64-elf/14.2.0/../../../../mips64-elf/lib/libdragon.a(inspector.o)
 .sdata.__exception_handler
                0x8001d5a4        0x4 /usr/lib/gcc/mips64-elf/14.2.0/../../../../mips64-elf/lib/libdragon.a(exception.o)
 .sdata.__interrupt_depth
                0x8001d5a8        0x4 /usr/lib/gcc/mips64-elf/14.2.0/../../../../mips64-elf/lib/libdragon.a(interrupt.o)
 .sdata.mainexe_symt.4
                0x8001d5ac        0x4 /usr/lib/gcc/mips64-elf/14.2.0/../../../../mips64-elf/lib/libdragon.a(backtrace.o)
 .sdata.SYMT_ROM
                0x8001d5b0        0x4 /usr/lib/gcc/mips64-elf/14.2.0/../../../../mips64-elf/lib/libdragon.a(backtrace.o)
 .sdata.now_showing
                0x8001d5b4        0x4 /usr/lib/gcc/mips64-elf/14.2.0/../../../../mips64-elf/lib/libdragon.a(display.o)
 .sdata.__buffers
                0x8001d5b8        0x4 /usr/lib/gcc/mips64-elf/14.2.0/../../../../mips64-elf/lib/libdragon.a(display.o)
 .sdata.handle_buckets_count
                0x8001d5bc        0x4 /usr/lib/gcc/mips64-elf/14.2.0/../../../../mips64-elf/lib/libdragonsys.a(system.o)
 *(.gnu.linkonce.s.*)
                0x8001d5c0                        . = ALIGN (0x8)

.lit8           0x8001d5c0        0x0
 *(.lit8)
                0x8001d5c0                        . = ALIGN (0x8)

.lit4           0x8001d5c0        0x0
 *(.lit4)
                0x8001d5c0                        . = ALIGN (0x8)
                0x8001d5c0                        . = ALIGN (0x8)
                0x8001d5c0                        __data_end = .
                0x8001d5c0                        . = ALIGN (0x8)
                0x8001d5c0                        __rom_end = .

.sbss           0x8001d5c0      0x158
                0x8001d5c0                        __bss_start = .
 *(.sbss)
 .sbss          0x8001d5c0        0x4 /usr/lib/gcc/mips64-elf/14.2.0/../../../../mips64-elf/lib/libdragon.a(inthandler.o)
 .sbss          0x8001d5c4        0xc /usr/lib/gcc/mips64-elf/14.2.0/../../../../mips64-elf/lib/libc.a(libc_a-mallocr.o)
                0x8001d5c4                __malloc_max_total_mem
                0x8001d5c8                __malloc_max_sbrked_mem
                0x8001d5cc                __malloc_top_pad
 .sbss          0x8001d5d0        0x4 /usr/lib/gcc/mips64-elf/14.2.0/../../../../mips64-elf/lib/libc.a(libc_a-findfp.o)
                0x8001d5d0                __stdio_exit_handler
 .sbss          0x8001d5d4        0x4 /usr/lib/gcc/mips64-elf/14.2.0/../../../../mips64-elf/lib/libc.a(libc_a-reent.o)
                0x8001d5d4                errno
 .sbss          0x8001d5d8       0x39 /usr/lib/gcc/mips64-elf/14.2.0/../../../../mips64-elf/lib/libc.a(libc_a-lock.o)
                0x8001d5d8                __lock___arc4random_mutex
                0x8001d5e0                __lock___dd_hash_mutex
                0x8001d5e8                __lock___tz_mutex
                0x8001d5f0                __lock___env_recursive_mutex
                0x8001d5f8                __lock___malloc_recursive_mutex
                0x8001d600                __lock___at_quick_exit_mutex
                0x8001d608                __lock___atexit_recursive_mutex
                0x8001d610                __lock___sfp_recursive_mutex
 *(.sbss.*)
 .sbss.once.5   0x8001d611        0x1 /usr/lib/gcc/mips64-elf/14.2.0/../../../../mips64-elf/lib/libdragon.a(debug.o)
 .sbss.ok.6     0x8001d612        0x1 /usr/lib/gcc/mips64-elf/14.2.0/../../../../mips64-elf/lib/libdragon.a(debug.o)
 .sbss.once.7   0x8001d613        0x1 /usr/lib/gcc/mips64-elf/14.2.0/../../../../mips64-elf/lib/libdragon.a(debug.o)
 .sbss.enabled_features
                0x8001d614        0x4 /usr/lib/gcc/mips64-elf/14.2.0/../../../../mips64-elf/lib/libdragon.a(debug.o)
 .sbss.usb_dataleft
                0x8001d618        0x4 /usr/lib/gcc/mips64-elf/14.2.0/../../../../mips64-elf/lib/libdragon.a(usb.o)
 .sbss.usb_datasize
                0x8001d61c        0x4 /usr/lib/gcc/mips64-elf/14.2.0/../../../../mips64-elf/lib/libdragon.a(usb.o)
 .sbss.usb_datatype
                0x8001d620        0x4 /usr/lib/gcc/mips64-elf/14.2.0/../../../../mips64-elf/lib/libdragon.a(usb.o)
 .sbss.usb_didtimeout
                0x8001d624        0x1 /usr/lib/gcc/mips64-elf/14.2.0/../../../../mips64-elf/lib/libdragon.a(usb.o)
 *fill*         0x8001d625        0x3 
 .sbss.usb_buffer
                0x8001d628        0x4 /usr/lib/gcc/mips64-elf/14.2.0/../../../../mips64-elf/lib/libdragon.a(usb.o)
 .sbss.usb_cart
                0x8001d62c        0x1 /usr/lib/gcc/mips64-elf/14.2.0/../../../../mips64-elf/lib/libdragon.a(usb.o)
 *fill*         0x8001d62d        0x3 
 .sbss.funcPointer_read
                0x8001d630        0x4 /usr/lib/gcc/mips64-elf/14.2.0/../../../../mips64-elf/lib/libdragon.a(usb.o)
                0x8001d630                funcPointer_read
 .sbss.funcPointer_poll
                0x8001d634        0x4 /usr/lib/gcc/mips64-elf/14.2.0/../../../../mips64-elf/lib/libdragon.a(usb.o)
                0x8001d634                funcPointer_poll
 .sbss.funcPointer_write
                0x8001d638        0x4 /usr/lib/gcc/mips64-elf/14.2.0/../../../../mips64-elf/lib/libdragon.a(usb.o)
                0x8001d638                funcPointer_write
 .sbss.render_now
                0x8001d63c        0x4 /usr/lib/gcc/mips64-elf/14.2.0/../../../../mips64-elf/lib/libdragon.a(console.o)
 .sbss.render_buffer
                0x8001d640        0x4 /usr/lib/gcc/mips64-elf/14.2.0/../../../../mips64-elf/lib/libdragon.a(console.o)
 .sbss.b_color  0x8001d644        0x4 /usr/lib/gcc/mips64-elf/14.2.0/../../../../mips64-elf/lib/libdragon.a(graphics.o)
 .sbss.backtrace.5
                0x8001d648        0x1 /usr/lib/gcc/mips64-elf/14.2.0/../../../../mips64-elf/lib/libdragon.a(inspector.o)
 .sbss.in_inspector.6
                0x8001d649        0x1 /usr/lib/gcc/mips64-elf/14.2.0/../../../../mips64-elf/lib/libdragon.a(inspector.o)
 *fill*         0x8001d64a        0x2 
 .sbss.module_offset
                0x8001d64c        0x4 /usr/lib/gcc/mips64-elf/14.2.0/../../../../mips64-elf/lib/libdragon.a(inspector.o)
 .sbss.disasm_offset
                0x8001d650        0x4 /usr/lib/gcc/mips64-elf/14.2.0/../../../../mips64-elf/lib/libdragon.a(inspector.o)
 .sbss.disasm_max_frames
                0x8001d654        0x4 /usr/lib/gcc/mips64-elf/14.2.0/../../../../mips64-elf/lib/libdragon.a(inspector.o)
 .sbss.disasm_bt_idx
                0x8001d658        0x4 /usr/lib/gcc/mips64-elf/14.2.0/../../../../mips64-elf/lib/libdragon.a(inspector.o)
 .sbss.disp     0x8001d65c        0x4 /usr/lib/gcc/mips64-elf/14.2.0/../../../../mips64-elf/lib/libdragon.a(inspector.o)
 .sbss.cursor_wordwrap
                0x8001d660        0x4 /usr/lib/gcc/mips64-elf/14.2.0/../../../../mips64-elf/lib/libdragon.a(inspector.o)
 .sbss.cursor_columns
                0x8001d664        0x4 /usr/lib/gcc/mips64-elf/14.2.0/../../../../mips64-elf/lib/libdragon.a(inspector.o)
 .sbss.cursor_y
                0x8001d668        0x4 /usr/lib/gcc/mips64-elf/14.2.0/../../../../mips64-elf/lib/libdragon.a(inspector.o)
 .sbss.cursor_x
                0x8001d66c        0x4 /usr/lib/gcc/mips64-elf/14.2.0/../../../../mips64-elf/lib/libdragon.a(inspector.o)
 .sbss.backtrace_exception.4
                0x8001d670        0x1 /usr/lib/gcc/mips64-elf/14.2.0/../../../../mips64-elf/lib/libdragon.a(exception.o)
 *fill*         0x8001d671        0x3 
 .sbss.__dl_num_loaded_modules
                0x8001d674        0x4 /usr/lib/gcc/mips64-elf/14.2.0/../../../../mips64-elf/lib/libdragon.a(dlfcn.o)
                0x8001d674                __dl_num_loaded_modules
 .sbss.__dl_list_head
                0x8001d678        0x4 /usr/lib/gcc/mips64-elf/14.2.0/../../../../mips64-elf/lib/libdragon.a(dlfcn.o)
                0x8001d678                __dl_list_head
 .sbss.__dl_lookup_module
                0x8001d67c        0x4 /usr/lib/gcc/mips64-elf/14.2.0/../../../../mips64-elf/lib/libdragon.a(dlfcn.o)
                0x8001d67c                __dl_lookup_module
 .sbss.ticks64_base
                0x8001d680        0x8 /usr/lib/gcc/mips64-elf/14.2.0/../../../../mips64-elf/lib/libdragon.a(n64sys.o)
 .sbss.ticks64_base_tick
                0x8001d688        0x4 /usr/lib/gcc/mips64-elf/14.2.0/../../../../mips64-elf/lib/libdragon.a(n64sys.o)
 .sbss.__boot_consoletype
                0x8001d68c        0x4 /usr/lib/gcc/mips64-elf/14.2.0/../../../../mips64-elf/lib/libdragon.a(n64sys.o)
                0x8001d68c                __boot_consoletype
 .sbss.__boot_resettype
                0x8001d690        0x4 /usr/lib/gcc/mips64-elf/14.2.0/../../../../mips64-elf/lib/libdragon.a(n64sys.o)
                0x8001d690                __boot_resettype
 .sbss.__boot_tvtype
                0x8001d694        0x4 /usr/lib/gcc/mips64-elf/14.2.0/../../../../mips64-elf/lib/libdragon.a(n64sys.o)
                0x8001d694                __boot_tvtype
 .sbss.__boot_memsize
                0x8001d698        0x4 /usr/lib/gcc/mips64-elf/14.2.0/../../../../mips64-elf/lib/libdragon.a(n64sys.o)
                0x8001d698                __boot_memsize
 .sbss.last_cart_interrupt_count.4
                0x8001d69c        0x4 /usr/lib/gcc/mips64-elf/14.2.0/../../../../mips64-elf/lib/libdragon.a(interrupt.o)
 .sbss.__prenmi_tick
                0x8001d6a0        0x4 /usr/lib/gcc/mips64-elf/14.2.0/../../../../mips64-elf/lib/libdragon.a(interrupt.o)
 .sbss.CART_callback
                0x8001d6a4        0x4 /usr/lib/gcc/mips64-elf/14.2.0/../../../../mips64-elf/lib/libdragon.a(interrupt.o)
                0x8001d6a4                CART_callback
 .sbss.TI_callback
                0x8001d6a8        0x4 /usr/lib/gcc/mips64-elf/14.2.0/../../../../mips64-elf/lib/libdragon.a(interrupt.o)
                0x8001d6a8                TI_callback
 .sbss.SP_callback
                0x8001d6ac        0x4 /usr/lib/gcc/mips64-elf/14.2.0/../../../../mips64-elf/lib/libdragon.a(interrupt.o)
                0x8001d6ac                SP_callback
 .sbss.SI_callback
                0x8001d6b0        0x4 /usr/lib/gcc/mips64-elf/14.2.0/../../../../mips64-elf/lib/libdragon.a(interrupt.o)
                0x8001d6b0                SI_callback
 .sbss.DP_callback
                0x8001d6b4        0x4 /usr/lib/gcc/mips64-elf/14.2.0/../../../../mips64-elf/lib/libdragon.a(interrupt.o)
                0x8001d6b4                DP_callback
 .sbss.PI_callback
                0x8001d6b8        0x4 /usr/lib/gcc/mips64-elf/14.2.0/../../../../mips64-elf/lib/libdragon.a(interrupt.o)
                0x8001d6b8                PI_callback
 .sbss.VI_callback
                0x8001d6bc        0x4 /usr/lib/gcc/mips64-elf/14.2.0/../../../../mips64-elf/lib/libdragon.a(interrupt.o)
                0x8001d6bc                VI_callback
 .sbss.AI_callback
                0x8001d6c0        0x4 /usr/lib/gcc/mips64-elf/14.2.0/../../../../mips64-elf/lib/libdragon.a(interrupt.o)
                0x8001d6c0                AI_callback
 .sbss.__interrupt_sr
                0x8001d6c4        0x4 /usr/lib/gcc/mips64-elf/14.2.0/../../../../mips64-elf/lib/libdragon.a(interrupt.o)
 .sbss.addrtable_base
                0x8001d6c8        0x4 /usr/lib/gcc/mips64-elf/14.2.0/../../../../mips64-elf/lib/libdragon.a(backtrace.o)
 .sbss.toc_addr.1
                0x8001d6cc        0x4 /usr/lib/gcc/mips64-elf/14.2.0/../../../../mips64-elf/lib/libdragon.a(rompak.o)
 .sbss.rompak_corrupted.2
                0x8001d6d0        0x1 /usr/lib/gcc/mips64-elf/14.2.0/../../../../mips64-elf/lib/libdragon.a(rompak.o)
 *fill*         0x8001d6d1        0x3 
 .sbss.frame_times_duration
                0x8001d6d4        0x4 /usr/lib/gcc/mips64-elf/14.2.0/../../../../mips64-elf/lib/libdragon.a(display.o)
 .sbss.frame_times_index
                0x8001d6d8        0x4 /usr/lib/gcc/mips64-elf/14.2.0/../../../../mips64-elf/lib/libdragon.a(display.o)
 .sbss.ready_mask
                0x8001d6dc        0x4 /usr/lib/gcc/mips64-elf/14.2.0/../../../../mips64-elf/lib/libdragon.a(display.o)
 .sbss.drawing_mask
                0x8001d6e0        0x4 /usr/lib/gcc/mips64-elf/14.2.0/../../../../mips64-elf/lib/libdragon.a(display.o)
 .sbss.__height
                0x8001d6e4        0x4 /usr/lib/gcc/mips64-elf/14.2.0/../../../../mips64-elf/lib/libdragon.a(display.o)
 .sbss.__width  0x8001d6e8        0x4 /usr/lib/gcc/mips64-elf/14.2.0/../../../../mips64-elf/lib/libdragon.a(display.o)
 .sbss.__bitdepth
                0x8001d6ec        0x4 /usr/lib/gcc/mips64-elf/14.2.0/../../../../mips64-elf/lib/libdragon.a(display.o)
 .sbss.surfaces
                0x8001d6f0        0x4 /usr/lib/gcc/mips64-elf/14.2.0/../../../../mips64-elf/lib/libdragon.a(display.o)
 .sbss.cur_ucode
                0x8001d6f4        0x4 /usr/lib/gcc/mips64-elf/14.2.0/../../../../mips64-elf/lib/libdragon.a(rsp.o)
 .sbss.rdpq_trace
                0x8001d6f8        0x4 /usr/lib/gcc/mips64-elf/14.2.0/../../../../mips64-elf/lib/libdragon.a(rdpq_debug.o)
                0x8001d6f8                rdpq_trace
 .sbss.msgs_ridx
                0x8001d6fc        0x4 /usr/lib/gcc/mips64-elf/14.2.0/../../../../mips64-elf/lib/libdragon.a(joybus.o)
 .sbss.msgs_widx
                0x8001d700        0x4 /usr/lib/gcc/mips64-elf/14.2.0/../../../../mips64-elf/lib/libdragon.a(joybus.o)
 .sbss.joybus_state
                0x8001d704        0x4 /usr/lib/gcc/mips64-elf/14.2.0/../../../../mips64-elf/lib/libdragon.a(joybus.o)
 .sbss.heap_top.0
                0x8001d708        0x4 /usr/lib/gcc/mips64-elf/14.2.0/../../../../mips64-elf/lib/libdragonsys.a(system.o)
 .sbss.heap_end.1
                0x8001d70c        0x4 /usr/lib/gcc/mips64-elf/14.2.0/../../../../mips64-elf/lib/libdragonsys.a(system.o)
 .sbss.handle_open_count
                0x8001d710        0x4 /usr/lib/gcc/mips64-elf/14.2.0/../../../../mips64-elf/lib/libdragonsys.a(system.o)
 .sbss.__assert_func_ptr
                0x8001d714        0x4 /usr/lib/gcc/mips64-elf/14.2.0/../../../../mips64-elf/lib/libdragonsys.a(system.o)
                0x8001d714                __assert_func_ptr
 *(.gnu.linkonce.sb.*)
 *(.scommon)
 *(.scommon.*)
                0x8001d718                        . = ALIGN (0x8)

.bss            0x8001d720      0x880
 *(.bss)
 .bss           0x8001d720       0x28 /usr/lib/gcc/mips64-elf/14.2.0/../../../../mips64-elf/lib/libc.a(libc_a-mallocr.o)
                0x8001d720                __malloc_current_mallinfo
 .bss           0x8001d748      0x138 /usr/lib/gcc/mips64-elf/14.2.0/../../../../mips64-elf/lib/libc.a(libc_a-findfp.o)
                0x8001d748                __sf
 *(.bss*)
 .bss.debug_writer
                0x8001d880        0xc /usr/lib/gcc/mips64-elf/14.2.0/../../../../mips64-elf/lib/libdragon.a(debug.o)
 *fill*         0x8001d88c        0x4 
 .bss.usb_buffer_align
                0x8001d890      0x210 /usr/lib/gcc/mips64-elf/14.2.0/../../../../mips64-elf/lib/libdragon.a(usb.o)
 .bss.__syscall_handlers
                0x8001daa0       0x30 /usr/lib/gcc/mips64-elf/14.2.0/../../../../mips64-elf/lib/libdragon.a(exception.o)
 .bss.eh_frame_object
                0x8001dad0       0x18 /usr/lib/gcc/mips64-elf/14.2.0/../../../../mips64-elf/lib/libdragon.a(do_ctors.o)
 .bss.__prenmi_handlers
                0x8001dae8       0x10 /usr/lib/gcc/mips64-elf/14.2.0/../../../../mips64-elf/lib/libdragon.a(interrupt.o)
 .bss.frame_times
                0x8001daf8       0x80 /usr/lib/gcc/mips64-elf/14.2.0/../../../../mips64-elf/lib/libdragon.a(display.o)
 .bss.__safe_buffer
                0x8001db78       0x80 /usr/lib/gcc/mips64-elf/14.2.0/../../../../mips64-elf/lib/libdragon.a(display.o)
 *fill*         0x8001dbf8        0x8 
 .bss.joybus_msgs
                0x8001dc00      0x280 /usr/lib/gcc/mips64-elf/14.2.0/../../../../mips64-elf/lib/libdragon.a(joybus.o)
 .bss.joybus_outbuf
                0x8001de80       0x40 /usr/lib/gcc/mips64-elf/14.2.0/../../../../mips64-elf/lib/libdragon.a(joybus.o)
 .bss.stdio_hooks
                0x8001dec0        0xc /usr/lib/gcc/mips64-elf/14.2.0/../../../../mips64-elf/lib/libdragonsys.a(system.o)
 *fill*         0x8001decc        0x4 
 .bss.filesystems
                0x8001ded0       0x50 /usr/lib/gcc/mips64-elf/14.2.0/../../../../mips64-elf/lib/libdragonsys.a(system.o)
 .bss.handle_first_bucket
                0x8001df20       0x80 /usr/lib/gcc/mips64-elf/14.2.0/../../../../mips64-elf/lib/libdragonsys.a(system.o)
 *(.gnu.linkonce.b.*)
 *(COMMON)
                0x8001dfa0                        . = ALIGN (0x8)
                0x8001dfa0                        __bss_end = .
                0x8001dfa0                        . = ALIGN (0x8)
                0x8001dfa0                        end = .
LOAD /usr/lib/gcc/mips64-elf/14.2.0/../../../../mips64-elf/lib/libstdc++.a
LOAD /usr/lib/gcc/mips64-elf/14.2.0/../../../../mips64-elf/lib/libm.a
LOAD /usr/lib/gcc/mips64-elf/14.2.0/../../../../mips64-elf/lib/libc.a
LOAD /usr/lib/gcc/mips64-elf/14.2.0/libgcc.a
LOAD /usr/lib/gcc/mips64-elf/14.2.0/libgcc.a
LOAD /usr/lib/gcc/mips64-elf/14.2.0/crtend.o
LOAD /usr/lib/gcc/mips64-elf/14.2.0/crtn.o
OUTPUT(build/balatro64.elf elf32-bigmips)

.reginfo        0x00000000       0x18
 .reginfo       0x00000000       0x18 /usr/lib/gcc/mips64-elf/14.2.0/crti.o

.pdr            0x00000000        0x0
 .pdr           0x00000000        0x0 /usr/lib/gcc/mips64-elf/14.2.0/crti.o
 .pdr           0x00000000        0x0 /usr/lib/gcc/mips64-elf/14.2.0/crtbegin.o
 .pdr           0x00000000        0x0 /usr/lib/gcc/mips64-elf/14.2.0/../../../../mips64-elf/lib/libdragon.a(inthandler.o)
 .pdr           0x00000000        0x0 /usr/lib/gcc/mips64-elf/14.2.0/../../../../mips64-elf/lib/libc.a(libc_a-impure.o)
 .pdr           0x00000000        0x0 /usr/lib/gcc/mips64-elf/14.2.0/../../../../mips64-elf/lib/libc.a(libc_a-ctype_.o)
 .pdr           0x00000000        0x0 /usr/lib/gcc/mips64-elf/14.2.0/crtend.o

.gnu.attributes
                0x00000000       0x10
 .gnu.attributes
                0x00000000       0x10 /usr/lib/gcc/mips64-elf/14.2.0/crti.o
 .gnu.attributes
                0x00000010       0x10 /usr/lib/gcc/mips64-elf/14.2.0/crtbegin.o
 .gnu.attributes
                0x00000020       0x10 build/main.o
 .gnu.attributes
                0x00000030       0x10 /usr/lib/gcc/mips64-elf/14.2.0/../../../../mips64-elf/lib/libdragon.a(debug.o)
 .gnu.attributes
                0x00000040       0x10 /usr/lib/gcc/mips64-elf/14.2.0/../../../../mips64-elf/lib/libdragon.a(usb.o)
 .gnu.attributes
                0x00000050       0x10 /usr/lib/gcc/mips64-elf/14.2.0/../../../../mips64-elf/lib/libdragon.a(console.o)
 .gnu.attributes
                0x00000060       0x10 /usr/lib/gcc/mips64-elf/14.2.0/../../../../mips64-elf/lib/libdragon.a(graphics.o)
 .gnu.attributes
                0x00000070       0x10 /usr/lib/gcc/mips64-elf/14.2.0/../../../../mips64-elf/lib/libdragon.a(inspector.o)
 .gnu.attributes
                0x00000080       0x10 /usr/lib/gcc/mips64-elf/14.2.0/../../../../mips64-elf/lib/libdragon.a(dma.o)
 .gnu.attributes
                0x00000090       0x10 /usr/lib/gcc/mips64-elf/14.2.0/../../../../mips64-elf/lib/libdragon.a(exception.o)
 .gnu.attributes
                0x000000a0       0x10 /usr/lib/gcc/mips64-elf/14.2.0/../../../../mips64-elf/lib/libdragon.a(do_ctors.o)
 .gnu.attributes
                0x000000b0       0x10 /usr/lib/gcc/mips64-elf/14.2.0/../../../../mips64-elf/lib/libdragon.a(dlfcn.o)
 .gnu.attributes
                0x000000c0       0x10 /usr/lib/gcc/mips64-elf/14.2.0/../../../../mips64-elf/lib/libdragon.a(n64sys.o)
 .gnu.attributes
                0x000000d0       0x10 /usr/lib/gcc/mips64-elf/14.2.0/../../../../mips64-elf/lib/libdragon.a(interrupt.o)
 .gnu.attributes
                0x000000e0       0x10 /usr/lib/gcc/mips64-elf/14.2.0/../../../../mips64-elf/lib/libdragon.a(backtrace.o)
 .gnu.attributes
                0x000000f0       0x10 /usr/lib/gcc/mips64-elf/14.2.0/../../../../mips64-elf/lib/libdragon.a(inthandler.o)
 .gnu.attributes
                0x00000100       0x10 /usr/lib/gcc/mips64-elf/14.2.0/../../../../mips64-elf/lib/libdragon.a(rompak.o)
 .gnu.attributes
                0x00000110       0x10 /usr/lib/gcc/mips64-elf/14.2.0/../../../../mips64-elf/lib/libdragon.a(display.o)
 .gnu.attributes
                0x00000120       0x10 /usr/lib/gcc/mips64-elf/14.2.0/../../../../mips64-elf/lib/libdragon.a(surface.o)
 .gnu.attributes
                0x00000130       0x10 /usr/lib/gcc/mips64-elf/14.2.0/../../../../mips64-elf/lib/libdragon.a(controller.o)
 .gnu.attributes
                0x00000140       0x10 /usr/lib/gcc/mips64-elf/14.2.0/../../../../mips64-elf/lib/libdragon.a(rsp.o)
 .gnu.attributes
                0x00000150       0x10 /usr/lib/gcc/mips64-elf/14.2.0/../../../../mips64-elf/lib/libdragon.a(rdpq_debug.o)
 .gnu.attributes
                0x00000160       0x10 /usr/lib/gcc/mips64-elf/14.2.0/../../../../mips64-elf/lib/libdragon.a(joybus.o)
 .gnu.attributes
                0x00000170       0x10 /usr/lib/gcc/mips64-elf/14.2.0/../../../../mips64-elf/lib/libdragonsys.a(system.o)
 .gnu.attributes
                0x00000180       0x10 /usr/lib/gcc/mips64-elf/14.2.0/../../../../mips64-elf/lib/libc.a(libc_a-abort.o)
 .gnu.attributes
                0x00000190       0x10 /usr/lib/gcc/mips64-elf/14.2.0/../../../../mips64-elf/lib/libc.a(libc_a-calloc.o)
 .gnu.attributes
                0x000001a0       0x10 /usr/lib/gcc/mips64-elf/14.2.0/../../../../mips64-elf/lib/libc.a(libc_a-callocr.o)
 .gnu.attributes
                0x000001b0       0x10 /usr/lib/gcc/mips64-elf/14.2.0/../../../../mips64-elf/lib/libc.a(libc_a-malloc.o)
 .gnu.attributes
                0x000001c0       0x10 /usr/lib/gcc/mips64-elf/14.2.0/../../../../mips64-elf/lib/libc.a(libc_a-mallocr.o)
 .gnu.attributes
                0x000001d0       0x10 /usr/lib/gcc/mips64-elf/14.2.0/../../../../mips64-elf/lib/libc.a(libc_a-mlock.o)
 .gnu.attributes
                0x000001e0       0x10 /usr/lib/gcc/mips64-elf/14.2.0/../../../../mips64-elf/lib/libc.a(libc_a-reallocr.o)
 .gnu.attributes
                0x000001f0       0x10 /usr/lib/gcc/mips64-elf/14.2.0/../../../../mips64-elf/lib/libc.a(libc_a-malign.o)
 .gnu.attributes
                0x00000200       0x10 /usr/lib/gcc/mips64-elf/14.2.0/../../../../mips64-elf/lib/libc.a(libc_a-malignr.o)
 .gnu.attributes
                0x00000210       0x10 /usr/lib/gcc/mips64-elf/14.2.0/../../../../mips64-elf/lib/libc.a(libc_a-vfprintf.o)
 .gnu.attributes
                0x00000220       0x10 /usr/lib/gcc/mips64-elf/14.2.0/../../../../mips64-elf/lib/libc.a(libc_a-sprint_r.o)
 .gnu.attributes
                0x00000230       0x10 /usr/lib/gcc/mips64-elf/14.2.0/../../../../mips64-elf/lib/libc.a(libc_a-fflush.o)
 .gnu.attributes
                0x00000240       0x10 /usr/lib/gcc/mips64-elf/14.2.0/../../../../mips64-elf/lib/libc.a(libc_a-findfp.o)
 .gnu.attributes
                0x00000250       0x10 /usr/lib/gcc/mips64-elf/14.2.0/../../../../mips64-elf/lib/libc.a(libc_a-fprintf.o)
 .gnu.attributes
                0x00000260       0x10 /usr/lib/gcc/mips64-elf/14.2.0/../../../../mips64-elf/lib/libc.a(libc_a-fputc.o)
 .gnu.attributes
                0x00000270       0x10 /usr/lib/gcc/mips64-elf/14.2.0/../../../../mips64-elf/lib/libc.a(libc_a-fvwrite.o)
 .gnu.attributes
                0x00000280       0x10 /usr/lib/gcc/mips64-elf/14.2.0/../../../../mips64-elf/lib/libc.a(libc_a-fwalk.o)
 .gnu.attributes
                0x00000290       0x10 /usr/lib/gcc/mips64-elf/14.2.0/../../../../mips64-elf/lib/libc.a(libc_a-fwrite.o)
 .gnu.attributes
                0x000002a0       0x10 /usr/lib/gcc/mips64-elf/14.2.0/../../../../mips64-elf/lib/libc.a(libc_a-printf.o)
 .gnu.attributes
                0x000002b0       0x10 /usr/lib/gcc/mips64-elf/14.2.0/../../../../mips64-elf/lib/libc.a(libc_a-putc.o)
 .gnu.attributes
                0x000002c0       0x10 /usr/lib/gcc/mips64-elf/14.2.0/../../../../mips64-elf/lib/libc.a(libc_a-putchar.o)
 .gnu.attributes
                0x000002d0       0x10 /usr/lib/gcc/mips64-elf/14.2.0/../../../../mips64-elf/lib/libc.a(libc_a-puts.o)
 .gnu.attributes
                0x000002e0       0x10 /usr/lib/gcc/mips64-elf/14.2.0/../../../../mips64-elf/lib/libc.a(libc_a-setvbuf.o)
 .gnu.attributes
                0x000002f0       0x10 /usr/lib/gcc/mips64-elf/14.2.0/../../../../mips64-elf/lib/libc.a(libc_a-snprintf.o)
 .gnu.attributes
                0x00000300       0x10 /usr/lib/gcc/mips64-elf/14.2.0/../../../../mips64-elf/lib/libc.a(libc_a-sprintf.o)
 .gnu.attributes
                0x00000310       0x10 /usr/lib/gcc/mips64-elf/14.2.0/../../../../mips64-elf/lib/libc.a(libc_a-stdio.o)
 .gnu.attributes
                0x00000320       0x10 /usr/lib/gcc/mips64-elf/14.2.0/../../../../mips64-elf/lib/libc.a(libc_a-vprintf.o)
 .gnu.attributes
                0x00000330       0x10 /usr/lib/gcc/mips64-elf/14.2.0/../../../../mips64-elf/lib/libc.a(libc_a-wbuf.o)
 .gnu.attributes
                0x00000340       0x10 /usr/lib/gcc/mips64-elf/14.2.0/../../../../mips64-elf/lib/libc.a(libc_a-wsetup.o)
 .gnu.attributes
                0x00000350       0x10 /usr/lib/gcc/mips64-elf/14.2.0/../../../../mips64-elf/lib/libc.a(libc_a-memchr.o)
 .gnu.attributes
                0x00000360       0x10 /usr/lib/gcc/mips64-elf/14.2.0/../../../../mips64-elf/lib/libc.a(libc_a-memcmp.o)
 .gnu.attributes
                0x00000370       0x10 /usr/lib/gcc/mips64-elf/14.2.0/../../../../mips64-elf/lib/libc.a(libc_a-memmove.o)
 .gnu.attributes
                0x00000380       0x10 /usr/lib/gcc/mips64-elf/14.2.0/../../../../mips64-elf/lib/libc.a(libc_a-strcat.o)
 .gnu.attributes
                0x00000390       0x10 /usr/lib/gcc/mips64-elf/14.2.0/../../../../mips64-elf/lib/libc.a(libc_a-strchr.o)
 .gnu.attributes
                0x000003a0       0x10 /usr/lib/gcc/mips64-elf/14.2.0/../../../../mips64-elf/lib/libc.a(libc_a-strcpy.o)
 .gnu.attributes
                0x000003b0       0x10 /usr/lib/gcc/mips64-elf/14.2.0/../../../../mips64-elf/lib/libc.a(libc_a-strrchr.o)
 .gnu.attributes
                0x000003c0       0x10 /usr/lib/gcc/mips64-elf/14.2.0/../../../../mips64-elf/lib/libc.a(libc_a-strstr.o)
 .gnu.attributes
                0x000003d0       0x10 /usr/lib/gcc/mips64-elf/14.2.0/../../../../mips64-elf/lib/libc.a(libc_a-signal.o)
 .gnu.attributes
                0x000003e0       0x10 /usr/lib/gcc/mips64-elf/14.2.0/../../../../mips64-elf/lib/libc.a(libc_a-localeconv.o)
 .gnu.attributes
                0x000003f0       0x10 /usr/lib/gcc/mips64-elf/14.2.0/../../../../mips64-elf/lib/libc.a(libc_a-closer.o)
 .gnu.attributes
                0x00000400       0x10 /usr/lib/gcc/mips64-elf/14.2.0/../../../../mips64-elf/lib/libc.a(libc_a-reent.o)
 .gnu.attributes
                0x00000410       0x10 /usr/lib/gcc/mips64-elf/14.2.0/../../../../mips64-elf/lib/libc.a(libc_a-impure.o)
 .gnu.attributes
                0x00000420       0x10 /usr/lib/gcc/mips64-elf/14.2.0/../../../../mips64-elf/lib/libc.a(libc_a-fstatr.o)
 .gnu.attributes
                0x00000430       0x10 /usr/lib/gcc/mips64-elf/14.2.0/../../../../mips64-elf/lib/libc.a(libc_a-lseekr.o)
 .gnu.attributes
                0x00000440       0x10 /usr/lib/gcc/mips64-elf/14.2.0/../../../../mips64-elf/lib/libc.a(libc_a-readr.o)
 .gnu.attributes
                0x00000450       0x10 /usr/lib/gcc/mips64-elf/14.2.0/../../../../mips64-elf/lib/libc.a(libc_a-signalr.o)
 .gnu.attributes
                0x00000460       0x10 /usr/lib/gcc/mips64-elf/14.2.0/../../../../mips64-elf/lib/libc.a(libc_a-sbrkr.o)
 .gnu.attributes
                0x00000470       0x10 /usr/lib/gcc/mips64-elf/14.2.0/../../../../mips64-elf/lib/libc.a(libc_a-writer.o)
 .gnu.attributes
                0x00000480       0x10 /usr/lib/gcc/mips64-elf/14.2.0/../../../../mips64-elf/lib/libc.a(libc_a-errno.o)
 .gnu.attributes
                0x00000490       0x10 /usr/lib/gcc/mips64-elf/14.2.0/../../../../mips64-elf/lib/libc.a(libc_a-lock.o)
 .gnu.attributes
                0x000004a0       0x10 /usr/lib/gcc/mips64-elf/14.2.0/../../../../mips64-elf/lib/libc.a(libc_a-strlen.o)
 .gnu.attributes
                0x000004b0       0x10 /usr/lib/gcc/mips64-elf/14.2.0/../../../../mips64-elf/lib/libc.a(libc_a-strcmp.o)
 .gnu.attributes
                0x000004c0       0x10 /usr/lib/gcc/mips64-elf/14.2.0/../../../../mips64-elf/lib/libc.a(libc_a-memset.o)
 .gnu.attributes
                0x000004d0       0x10 /usr/lib/gcc/mips64-elf/14.2.0/../../../../mips64-elf/lib/libc.a(libc_a-memcpy.o)
 .gnu.attributes
                0x000004e0       0x10 /usr/lib/gcc/mips64-elf/14.2.0/../../../../mips64-elf/lib/libc.a(libc_a-dtoa.o)
 .gnu.attributes
                0x000004f0       0x10 /usr/lib/gcc/mips64-elf/14.2.0/../../../../mips64-elf/lib/libc.a(libc_a-freer.o)
 .gnu.attributes
                0x00000500       0x10 /usr/lib/gcc/mips64-elf/14.2.0/../../../../mips64-elf/lib/libc.a(libc_a-mprec.o)
 .gnu.attributes
                0x00000510       0x10 /usr/lib/gcc/mips64-elf/14.2.0/../../../../mips64-elf/lib/libc.a(libc_a-ctype_.o)
 .gnu.attributes
                0x00000520       0x10 /usr/lib/gcc/mips64-elf/14.2.0/../../../../mips64-elf/lib/libc.a(libc_a-svfprintf.o)
 .gnu.attributes
                0x00000530       0x10 /usr/lib/gcc/mips64-elf/14.2.0/../../../../mips64-elf/lib/libc.a(libc_a-ssprint_r.o)
 .gnu.attributes
                0x00000540       0x10 /usr/lib/gcc/mips64-elf/14.2.0/../../../../mips64-elf/lib/libc.a(libc_a-fclose.o)
 .gnu.attributes
                0x00000550       0x10 /usr/lib/gcc/mips64-elf/14.2.0/../../../../mips64-elf/lib/libc.a(libc_a-makebuf.o)
 .gnu.attributes
                0x00000560       0x10 /usr/lib/gcc/mips64-elf/14.2.0/../../../../mips64-elf/lib/libc.a(libc_a-strnlen.o)
 .gnu.attributes
                0x00000570       0x10 /usr/lib/gcc/mips64-elf/14.2.0/../../../../mips64-elf/lib/libc.a(libc_a-locale.o)
 .gnu.attributes
                0x00000580       0x10 /usr/lib/gcc/mips64-elf/14.2.0/../../../../mips64-elf/lib/libc.a(libc_a-isattyr.o)
 .gnu.attributes
                0x00000590       0x10 /usr/lib/gcc/mips64-elf/14.2.0/../../../../mips64-elf/lib/libc.a(libc_a-mbtowc_r.o)
 .gnu.attributes
                0x000005a0       0x10 /usr/lib/gcc/mips64-elf/14.2.0/../../../../mips64-elf/lib/libc.a(libc_a-wctomb_r.o)
 .gnu.attributes
                0x000005b0       0x10 /usr/lib/gcc/mips64-elf/14.2.0/../../../../mips64-elf/lib/libc.a(libc_a-ssputs_r.o)
 .gnu.attributes
                0x000005c0       0x10 /usr/lib/gcc/mips64-elf/14.2.0/crtend.o

.mdebug.abiO64  0x00000000        0x0
 .mdebug.abiO64