Archive member included to satisfy reference by file (symbol)

/usr/lib/gcc/mips64-elf/14.2.0/../../../../mips64-elf/lib/libdragon.a(entrypoint.o)
                              (_start)
/usr/lib/gcc/mips64-elf/14.2.0/../../../../mips64-elf/lib/libdragon.a(debug.o)
                              build/main.o (debug_init_usblog)
/usr/lib/gcc/mips64-elf/14.2.0/../../../../mips64-elf/lib/libdragon.a(usb.o)
                              /usr/lib/gcc/mips64-elf/14.2.0/../../../../mips64-elf/lib/libdragon.a(debug.o) (usb_write)
/usr/lib/gcc/mips64-elf/14.2.0/../../../../mips64-elf/lib/libdragon.a(cart.o)
                              /usr/lib/gcc/mips64-elf/14.2.0/../../../../mips64-elf/lib/libdragon.a(debug.o) (cart_init)
/usr/lib/gcc/mips64-elf/14.2.0/../../../../mips64-elf/lib/libdragon.a(ff.o)
                              /usr/lib/gcc/mips64-elf/14.2.0/../../../../mips64-elf/lib/libdragon.a(debug.o) (f_mount)
/usr/lib/gcc/mips64-elf/14.2.0/../../../../mips64-elf/lib/libdragon.a(ffunicode.o)
                              /usr/lib/gcc/mips64-elf/14.2.0/../../../../mips64-elf/lib/libdragon.a(ff.o) (ff_uni2oem)
/usr/lib/gcc/mips64-elf/14.2.0/../../../../mips64-elf/lib/libdragon.a(console.o)
                              build/main.o (console_init)
/usr/lib/gcc/mips64-elf/14.2.0/../../../../mips64-elf/lib/libdragon.a(graphics.o)
                              /usr/lib/gcc/mips64-elf/14.2.0/../../../../mips64-elf/lib/libdragon.a(console.o) (graphics_set_color)
/usr/lib/gcc/mips64-elf/14.2.0/../../../../mips64-elf/lib/libdragon.a(inspector.o)
                              /usr/lib/gcc/mips64-elf/14.2.0/../../../../mips64-elf/lib/libdragon.a(debug.o) (__inspector_assertion)
/usr/lib/gcc/mips64-elf/14.2.0/../../../../mips64-elf/lib/libdragon.a(sprite.o)
                              /usr/lib/gcc/mips64-elf/14.2.0/../../../../mips64-elf/lib/libdragon.a(graphics.o) (__sprite_upgrade)
/usr/lib/gcc/mips64-elf/14.2.0/../../../../mips64-elf/lib/libdragon.a(dma.o)
                              /usr/lib/gcc/mips64-elf/14.2.0/../../../../mips64-elf/lib/libdragon.a(debug.o) (io_accessible)
/usr/lib/gcc/mips64-elf/14.2.0/../../../../mips64-elf/lib/libdragon.a(exception.o)
                              /usr/lib/gcc/mips64-elf/14.2.0/../../../../mips64-elf/lib/libdragon.a(inspector.o) (__exception_dump_header)
/usr/lib/gcc/mips64-elf/14.2.0/../../../../mips64-elf/lib/libdragon.a(do_ctors.o)
                              /usr/lib/gcc/mips64-elf/14.2.0/../../../../mips64-elf/lib/libdragon.a(entrypoint.o) (__wrap___do_global_ctors)
/usr/lib/gcc/mips64-elf/14.2.0/../../../../mips64-elf/lib/libdragon.a(dlfcn.o)
                              /usr/lib/gcc/mips64-elf/14.2.0/../../../../mips64-elf/lib/libdragon.a(inspector.o) (__dl_list_head)
/usr/lib/gcc/mips64-elf/14.2.0/../../../../mips64-elf/lib/libdragon.a(n64sys.o)
                              /usr/lib/gcc/mips64-elf/14.2.0/../../../../mips64-elf/lib/libdragon.a(usb.o) (data_cache_hit_writeback)
/usr/lib/gcc/mips64-elf/14.2.0/../../../../mips64-elf/lib/libdragon.a(interrupt.o)
                              /usr/lib/gcc/mips64-elf/14.2.0/../../../../mips64-elf/lib/libdragon.a(debug.o) (disable_interrupts)
/usr/lib/gcc/mips64-elf/14.2.0/../../../../mips64-elf/lib/libdragon.a(backtrace.o)
                              /usr/lib/gcc/mips64-elf/14.2.0/../../../../mips64-elf/lib/libdragon.a(inspector.o) (__symbolize)
/usr/lib/gcc/mips64-elf/14.2.0/../../../../mips64-elf/lib/libdragon.a(inthandler.o)
                              /usr/lib/gcc/mips64-elf/14.2.0/../../../../mips64-elf/lib/libdragon.a(backtrace.o) (inthandler)
/usr/lib/gcc/mips64-elf/14.2.0/../../../../mips64-elf/lib/libdragon.a(rompak.o)
                              /usr/lib/gcc/mips64-elf/14.2.0/../../../../mips64-elf/lib/libdragon.a(dlfcn.o) (rompak_search_ext)
/usr/lib/gcc/mips64-elf/14.2.0/../../../../mips64-elf/lib/libdragon.a(dragonfs.o)
                              /usr/lib/gcc/mips64-elf/14.2.0/../../../../mips64-elf/lib/libdragon.a(dlfcn.o) (dfs_rom_addr)
/usr/lib/gcc/mips64-elf/14.2.0/../../../../mips64-elf/lib/libdragon.a(display.o)
                              /usr/lib/gcc/mips64-elf/14.2.0/../../../../mips64-elf/lib/libdragon.a(console.o) (display_init)
/usr/lib/gcc/mips64-elf/14.2.0/../../../../mips64-elf/lib/libdragon.a(surface.o)
                              /usr/lib/gcc/mips64-elf/14.2.0/../../../../mips64-elf/lib/libdragon.a(display.o) (surface_alloc)
/usr/lib/gcc/mips64-elf/14.2.0/../../../../mips64-elf/lib/libdragon.a(asset.o)
                              /usr/lib/gcc/mips64-elf/14.2.0/../../../../mips64-elf/lib/libdragon.a(sprite.o) (asset_load)
/usr/lib/gcc/mips64-elf/14.2.0/../../../../mips64-elf/lib/libdragon.a(lz4_dec.o)
                              /usr/lib/gcc/mips64-elf/14.2.0/../../../../mips64-elf/lib/libdragon.a(asset.o) (decompress_lz4_full_inplace)
/usr/lib/gcc/mips64-elf/14.2.0/../../../../mips64-elf/lib/libdragon.a(lz4_dec_fast.o)
[...]
Memory Configuration

Name             Origin             Length             Attributes
*default*        0x00000000         0xffffffff

Linker script and memory map

LOAD /usr/lib/gcc/mips64-elf/14.2.0/crti.o
LOAD /usr/lib/gcc/mips64-elf/14.2.0/crtbegin.o
LOAD build/main.o
LOAD /usr/lib/gcc/mips64-elf/14.2.0/../../../../mips64-elf/lib/libdragon.a
LOAD /usr/lib/gcc/mips64-elf/14.2.0/../../../../mips64-elf/lib/libm.a
LOAD /usr/lib/gcc/mips64-elf/14.2.0/../../../../mips64-elf/lib/libdragonsys.a

.intvectors     0x80000000      0x188
                0x80000000                        . = ALIGN (0x20)
 *(.intvectors)
 .intvectors    0x80000000      0x188 /usr/lib/gcc/mips64-elf/14.2.0/../../../../mips64-elf/lib/libdragon.a(inthandler.o)
                0x80000188                        __intvectors_end = .

.text           0x80000400    0x18370
                0x80000400                        __text_start = .
 *(.boot)
 .boot          0x80000400       0x68 /usr/lib/gcc/mips64-elf/14.2.0/../../../../mips64-elf/lib/libdragon.a(entrypoint.o)
                0x80000400                _start
                0x80000470                        . = ALIGN (0x10)
 *fill*         0x80000468        0x8 
 *(.text)
 *fill*         0x80000470       0x10 
 .text          0x80000480      0x380 /usr/lib/gcc/mips64-elf/14.2.0/../../../../mips64-elf/lib/libdragon.a(inthandler.o)
                0x80000480                inthandler
                0x80000800                inthandler_end
 .text          0x80000800       0x18 /usr/lib/gcc/mips64-elf/14.2.0/../../../../mips64-elf/lib/libc.a(libc_a-abort.o)
                0x80000800                abort
 .text          0x80000818      0x120 /usr/lib/gcc/mips64-elf/14.2.0/../../../../mips64-elf/lib/libc.a(libc_a-callocr.o)
                0x80000818                _calloc_r
 .text          0x80000938       0x20 /usr/lib/gcc/mips64-elf/14.2.0/../../../../mips64-elf/lib/libc.a(libc_a-malloc.o)
                0x80000938                malloc
                0x80000948                free
 .text          0x80000958      0x890 /usr/lib/gcc/mips64-elf/14.2.0/../../../../mips64-elf/lib/libc.a(libc_a-mallocr.o)
                0x80000958                _malloc_r
 .text          0x800011e8       0x20 /usr/lib/gcc/mips64-elf/14.2.0/../../../../mips64-elf/lib/libc.a(libc_a-mlock.o)
                0x800011e8                __malloc_lock
                0x800011f8                __malloc_unlock
 .text          0x80001208      0x608 /usr/lib/gcc/mips64-elf/14.2.0/../../../../mips64-elf/lib/libc.a(libc_a-reallocr.o)
                0x80001208                _realloc_r
 .text          0x80001810       0x18 /usr/lib/gcc/mips64-elf/14.2.0/../../../../mips64-elf/lib/libc.a(libc_a-malign.o)
                0x80001810                memalign
 .text          0x80001828      0x220 /usr/lib/gcc/mips64-elf/14.2.0/../../../../mips64-elf/lib/libc.a(libc_a-malignr.o)
                0x80001828                _memalign_r
 .text          0x80001a48     0x27d8 /usr/lib/gcc/mips64-elf/14.2.0/../../../../mips64-elf/lib/libc.a(libc_a-vfprintf.o)
                0x80001a48                _vfprintf_r
                0x80004108                vfprintf
 .text          0x80004220       0x40 /usr/lib/gcc/mips64-elf/14.2.0/../../../../mips64-elf/lib/libc.a(libc_a-sprint_r.o)
                0x80004220                __sprint_r
 .text          0x80004260      0x458 /usr/lib/gcc/mips64-elf/14.2.0/../../../../mips64-elf/lib/libc.a(libc_a-fflush.o)
                0x80004260                __sflush_r
                0x800044b8                _fflush_r
                0x800045c0                fflush
 .text          0x800046b8      0x510 /usr/lib/gcc/mips64-elf/14.2.0/../../../../mips64-elf/lib/libc.a(libc_a-findfp.o)
                0x80004950                __sfp
                0x80004ac0                __sinit
                0x80004b38                __sfp_lock_acquire
                0x80004b48                __sfp_lock_release
                0x80004b58                __fp_lock_all
                0x80004b90                __fp_unlock_all
 .text          0x80004bc8       0x68 /usr/lib/gcc/mips64-elf/14.2.0/../../../../mips64-elf/lib/libc.a(libc_a-fprintf.o)
                0x80004bc8                _fprintf_r
                0x80004bf0                fprintf
 .text          0x80004c30      0x190 /usr/lib/gcc/mips64-elf/14.2.0/../../../../mips64-elf/lib/libc.a(libc_a-fputc.o)
                0x80004c30                _fputc_r
                0x80004cf8                fputc
 .text          0x80004dc0      0x508 /usr/lib/gcc/mips64-elf/14.2.0/../../../../mips64-elf/lib/libc.a(libc_a-fvwrite.o)
                0x80004dc0                __sfvwrite_r
 .text          0x800052c8       0xc0 /usr/lib/gcc/mips64-elf/14.2.0/../../../../mips64-elf/lib/libc.a(libc_a-fwalk.o)
                0x800052c8                _fwalk_sglue
 .text          0x80005388      0x250 /usr/lib/gcc/mips64-elf/14.2.0/../../../../mips64-elf/lib/libc.a(libc_a-fwrite.o)
                0x80005388                _fwrite_r
                0x800055a8                fwrite
 .text          0x800055d8       0x78 /usr/lib/gcc/mips64-elf/14.2.0/../../../../mips64-elf/lib/libc.a(libc_a-printf.o)
                0x800055d8                _printf_r
                0x80005610                printf
 .text          0x80005650      0x260 /usr/lib/gcc/mips64-elf/14.2.0/../../../../mips64-elf/lib/libc.a(libc_a-putc.o)
                0x80005650                _putc_r
                0x80005780                putc
 .text          0x800058b0       0x20 /usr/lib/gcc/mips64-elf/14.2.0/../../../../mips64-elf/lib/libc.a(libc_a-putchar.o)
                0x800058b0                _putchar_r
                0x800058b8                putchar
 .text          0x800058d0      0x1a8 /usr/lib/gcc/mips64-elf/14.2.0/../../../../mips64-elf/lib/libc.a(libc_a-puts.o)
                0x800058d0                _puts_r
                0x80005a68                puts
 .text          0x80005a78      0x2f8 /usr/lib/gcc/mips64-elf/14.2.0/../../../../mips64-elf/lib/libc.a(libc_a-setvbuf.o)
                0x80005a78                setvbuf
 .text          0x80005d70      0x1c8 /usr/lib/gcc/mips64-elf/14.2.0/../../../../mips64-elf/lib/libc.a(libc_a-snprintf.o)
                0x80005d70                _snprintf_r
                0x80005e50                snprintf
 .text          0x80005f38       0xe0 /usr/lib/gcc/mips64-elf/14.2.0/../../../../mips64-elf/lib/libc.a(libc_a-sprintf.o)
                0x80005f38                _sprintf_r
                0x80005fa0                sprintf
 .text          0x80006018      0x190 /usr/lib/gcc/mips64-elf/14.2.0/../../../../mips64-elf/lib/libc.a(libc_a-stdio.o)
                0x80006018                __sread
                0x80006070                __seofread
                0x80006078                __swrite
                0x80006138                __sseek
                0x800061a0                __sclose
 .text          0x800061a8       0x30 /usr/lib/gcc/mips64-elf/14.2.0/../../../../mips64-elf/lib/libc.a(libc_a-vprintf.o)
                0x800061a8                vprintf
                0x800061c0                _vprintf_r
 .text          0x800061d8      0x1d0 /usr/lib/gcc/mips64-elf/14.2.0/../../../../mips64-elf/lib/libc.a(libc_a-wbuf.o)
                0x800061d8                __swbuf_r
                0x80006390                __swbuf
 .text          0x800063a8      0x1e0 /usr/lib/gcc/mips64-elf/14.2.0/../../../../mips64-elf/lib/libc.a(libc_a-wsetup.o)
                0x800063a8                __swsetup_r
 .text          0x80006588       0xf0 /usr/lib/gcc/mips64-elf/14.2.0/../../../../mips64-elf/lib/libc.a(libc_a-memchr.o)
                0x80006588                memchr
 .text          0x80006678       0x88 /usr/lib/gcc/mips64-elf/14.2.0/../../../../mips64-elf/lib/libc.a(libc_a-memcmp.o)
                0x80006678                memcmp
 .text          0x80006700      0x168 /usr/lib/gcc/mips64-elf/14.2.0/../../../../mips64-elf/lib/libc.a(libc_a-memmove.o)
                0x80006700                memmove
 .text          0x80006868       0x98 /usr/lib/gcc/mips64-elf/14.2.0/../../../../mips64-elf/lib/libc.a(libc_a-strcat.o)
                0x80006868                strcat
 .text          0x80006900      0x188 /usr/lib/gcc/mips64-elf/14.2.0/../../../../mips64-elf/lib/libc.a(libc_a-strchr.o)
                0x80006900                strchr
 .text          0x80006a88       0xa8 /usr/lib/gcc/mips64-elf/14.2.0/../../../../mips64-elf/lib/libc.a(libc_a-strcpy.o)
                0x80006a88                strcpy
 .text          0x80006b30       0x70 /usr/lib/gcc/mips64-elf/14.2.0/../../../../mips64-elf/lib/libc.a(libc_a-strrchr.o)
                0x80006b30                strrchr
 .text          0x80006ba0      0xb80 /usr/lib/gcc/mips64-elf/14.2.0/../../../../mips64-elf/lib/libc.a(libc_a-strstr.o)
                0x80007420                strstr
 .text          0x80007720      0x598 /usr/lib/gcc/mips64-elf/14.2.0/../../../../mips64-elf/lib/libc.a(libc_a-signal.o)
                0x80007720                _init_signal_r
                0x80007788                _signal_r
                0x80007838                _raise_r
                0x800078f0                __sigtramp_r
                0x800079e0                raise
                0x80007aa8                signal
                0x80007b60                _init_signal
                0x80007bd0                __sigtramp
 .text          0x80007cb8       0x28 /usr/lib/gcc/mips64-elf/14.2.0/../../../../mips64-elf/lib/libc.a(libc_a-localeconv.o)
                0x80007cb8                __localeconv_l
                0x80007cc0                _localeconv_r
                0x80007cd0                localeconv
 .text          0x80007ce0       0x50 /usr/lib/gcc/mips64-elf/14.2.0/../../../../mips64-elf/lib/libc.a(libc_a-closer.o)
                0x80007ce0                _close_r
 .text          0x80007d30       0x58 /usr/lib/gcc/mips64-elf/14.2.0/../../../../mips64-elf/lib/libc.a(libc_a-fstatr.o)
                0x80007d30                _fstat_r
 .text          0x80007d88       0x60 /usr/lib/gcc/mips64-elf/14.2.0/../../../../mips64-elf/lib/libc.a(libc_a-lseekr.o)
                0x80007d88                _lseek_r
 .text          0x80007de8       0x60 /usr/lib/gcc/mips64-elf/14.2.0/../../../../mips64-elf/lib/libc.a(libc_a-readr.o)
                0x80007de8                _read_r
 .text          0x80007e48       0x60 /usr/lib/gcc/mips64-elf/14.2.0/../../../../mips64-elf/lib/libc.a(libc_a-signalr.o)
                0x80007e48                _kill_r
                0x80007ea0                _getpid_r
 .text          0x80007ea8       0x50 /usr/lib/gcc/mips64-elf/14.2.0/../../../../mips64-elf/lib/libc.a(libc_a-sbrkr.o)
                0x80007ea8                _sbrk_r
 .text          0x80007ef8       0x60 /usr/lib/gcc/mips64-elf/14.2.0/../../../../mips64-elf/lib/libc.a(libc_a-writer.o)
                0x80007ef8                _write_r
 .text          0x80007f58        0x8 /usr/lib/gcc/mips64-elf/14.2.0/../../../../mips64-elf/lib/libc.a(libc_a-errno.o)
                0x80007f58                __errno
 .text          0x80007f60       0x50 /usr/lib/gcc/mips64-elf/14.2.0/../../../../mips64-elf/lib/libc.a(libc_a-lock.o)
                0x80007f60                __retarget_lock_init
                0x80007f68                __retarget_lock_init_recursive
                0x80007f70                __retarget_lock_close
                0x80007f78                __retarget_lock_close_recursive
                0x80007f80                __retarget_lock_acquire
                0x80007f88                __retarget_lock_acquire_recursive
                0x80007f90                __retarget_lock_try_acquire
                0x80007f98                __retarget_lock_try_acquire_recursive
                0x80007fa0                __retarget_lock_release
                0x80007fa8                __retarget_lock_release_recursive
 .text          0x80007fb0       0x18 /usr/lib/gcc/mips64-elf/14.2.0/../../../../mips64-elf/lib/libc.a(libc_a-strlen.o)
                0x80007fb0                strlen
 .text          0x80007fc8      0x240 /usr/lib/gcc/mips64-elf/14.2.0/../../../../mips64-elf/lib/libc.a(libc_a-strcmp.o)
                0x80007fc8                strcmp
 .text          0x80008208      0x11c /usr/lib/gcc/mips64-elf/14.2.0/../../../../mips64-elf/lib/libc.a(libc_a-memset.o)
                0x80008208                memset
 .text          0x80008324      0x370 /usr/lib/gcc/mips64-elf/14.2.0/../../../../mips64-elf/lib/libc.a(libc_a-memcpy.o)
                0x80008324                memcpy
 *fill*         0x80008694        0x4 
 .text          0x80008698     0x1840 /usr/lib/gcc/mips64-elf/14.2.0/../../../../mips64-elf/lib/libc.a(libc_a-dtoa.o)
                0x800088f0                _dtoa_r
 .text          0x80009ed8      0x470 /usr/lib/gcc/mips64-elf/14.2.0/../../../../mips64-elf/lib/libc.a(libc_a-freer.o)
                0x80009ed8                _malloc_trim_r
                0x8000a018                _free_r
 .text          0x8000a348     0x1480 /usr/lib/gcc/mips64-elf/14.2.0/../../../../mips64-elf/lib/libc.a(libc_a-mprec.o)
                0x8000a348                _Balloc
                0x8000a3f8                _Bfree
                0x8000a428                __multadd
                0x8000a580                __s2b
                0x8000a700                __hi0bits
                0x8000a7a8                __lo0bits
                0x8000a8c0                __i2b
                0x8000a998                __multiply
                0x8000ac20                __pow5mult
                0x8000ad88                __lshift
                0x8000af40                __mcmp
                0x8000afa8                __mdiff
                0x8000b220                __ulp
                0x8000b2d0                __b2d
                0x8000b468                __d2b
                0x8000b5c0                __ratio
                0x8000b680                _mprec_log10
                0x8000b6c0                __copybits
                0x8000b748                __any_on
 .text          0x8000b7c8     0x2480 /usr/lib/gcc/mips64-elf/14.2.0/../../../../mips64-elf/lib/libc.a(libc_a-svfprintf.o)
                0x8000b7c8                _svfprintf_r
 .text          0x8000dc48       0xc8 /usr/lib/gcc/mips64-elf/14.2.0/../../../../mips64-elf/lib/libc.a(libc_a-ssprint_r.o)
                0x8000dc48                __ssprint_r
 .text          0x8000dd10      0x1b0 /usr/lib/gcc/mips64-elf/14.2.0/../../../../mips64-elf/lib/libc.a(libc_a-fclose.o)
                0x8000dd10                _fclose_r
                0x8000deb0                fclose
 .text          0x8000dec0      0x230 /usr/lib/gcc/mips64-elf/14.2.0/../../../../mips64-elf/lib/libc.a(libc_a-makebuf.o)
                0x8000dec0                __smakebuf_r
                0x8000e040                __swhatbuf_r
 .text          0x8000e0f0       0x40 /usr/lib/gcc/mips64-elf/14.2.0/../../../../mips64-elf/lib/libc.a(libc_a-strnlen.o)
                0x8000e0f0                strnlen
 .text          0x8000e130       0x50 /usr/lib/gcc/mips64-elf/14.2.0/../../../../mips64-elf/lib/libc.a(libc_a-isattyr.o)
                0x8000e130                _isatty_r
 .text          0x8000e180       0x70 /usr/lib/gcc/mips64-elf/14.2.0/../../../../mips64-elf/lib/libc.a(libc_a-mbtowc_r.o)
                0x8000e180                _mbtowc_r
                0x8000e190                __ascii_mbtowc
 .text          0x8000e1f0       0x48 /usr/lib/gcc/mips64-elf/14.2.0/../../../../mips64-elf/lib/libc.a(libc_a-wctomb_r.o)
                0x8000e1f0                _wctomb_r
                0x8000e200                __ascii_wctomb
 .text          0x8000e238      0x188 /usr/lib/gcc/mips64-elf/14.2.0/../../../../mips64-elf/lib/libc.a(libc_a-ssputs_r.o)
                0x8000e238                __ssputs_r
 *(.text.*)
 .text.startup.main
                0x8000e3c0       0x80 build/main.o
                0x8000e3c0                main
 .text.__stderr_write
                0x8000e440       0x80 /usr/lib/gcc/mips64-elf/14.2.0/../../../../mips64-elf/lib/libdragon.a(debug.o)
 .text.usblog_write
                0x8000e4c0       0x20 /usr/lib/gcc/mips64-elf/14.2.0/../../../../mips64-elf/lib/libdragon.a(debug.o)
 .text.cb.0     0x8000e4e0       0xa0 /usr/lib/gcc/mips64-elf/14.2.0/../../../../mips64-elf/lib/libdragon.a(debug.o)
 .text.debug_init_usblog
                0x8000e580       0xe0 /usr/lib/gcc/mips64-elf/14.2.0/../../../../mips64-elf/lib/libdragon.a(debug.o)
                0x8000e580                debug_init_usblog
 .text.debug_assert_func_f
                0x8000e660       0xe0 /usr/lib/gcc/mips64-elf/14.2.0/../../../../mips64-elf/lib/libdragon.a(debug.o)
                0x8000e660                debug_assert_func_f
 .text.debug_assert_func
                0x8000e740       0x20 /usr/lib/gcc/mips64-elf/14.2.0/../../../../mips64-elf/lib/libdragon.a(debug.o)
                0x8000e740                debug_assert_func
 .text.debug_hexdump
                0x8000e760      0x280 /usr/lib/gcc/mips64-elf/14.2.0/../../../../mips64-elf/lib/libdragon.a(debug.o)
                0x8000e760                debug_hexdump
 .text.__debug_backtrace
                0x8000e9e0      0x100 /usr/lib/gcc/mips64-elf/14.2.0/../../../../mips64-elf/lib/libdragon.a(debug.o)
                0x8000e9e0                __debug_backtrace
 .text.debug_backtrace
                0x8000eae0       0x20 /usr/lib/gcc/mips64-elf/14.2.0/../../../../mips64-elf/lib/libdragon.a(debug.o)
                0x8000eae0                debug_backtrace
 .text.usb_64drive_read
                0x8000eb00       0x60 /usr/lib/gcc/mips64-elf/14.2.0/../../../../mips64-elf/lib/libdragon.a(usb.o)
 .text.usb_64drive_poll
                0x8000eb60      0x1a0 /usr/lib/gcc/mips64-elf/14.2.0/../../../../mips64-elf/lib/libdragon.a(usb.o)
 .text.usb_everdrive_usbbusy
                0x8000ed00       0xe0 /usr/lib/gcc/mips64-elf/14.2.0/../../../../mips64-elf/lib/libdragon.a(usb.o)
 .text.usb_everdrive_readusb
                0x8000ede0       0xc0 /usr/lib/gcc/mips64-elf/14.2.0/../../../../mips64-elf/lib/libdragon.a(usb.o)
 .text.usb_everdrive_poll
                0x8000eea0      0x200 /usr/lib/gcc/mips64-elf/14.2.0/../../../../mips64-elf/lib/libdragon.a(usb.o)
 .text.usb_everdrive_write
                0x8000f0a0      0x1c0 /usr/lib/gcc/mips64-elf/14.2.0/../../../../mips64-elf/lib/libdragon.a(usb.o)
 .text.usb_everdrive_read
                0x8000f260       0x60 /usr/lib/gcc/mips64-elf/14.2.0/../../../../mips64-elf/lib/libdragon.a(usb.o)
 .text.usb_sc64_read
                0x8000f2c0       0x60 /usr/lib/gcc/mips64-elf/14.2.0/../../../../mips64-elf/lib/libdragon.a(usb.o)
 .text.usb_sc64_poll
                0x8000f320      0x160 /usr/lib/gcc/mips64-elf/14.2.0/../../../../mips64-elf/lib/libdragon.a(usb.o)
 .text.usb_write
                0x8000f480       0x40 /usr/lib/gcc/mips64-elf/14.2.0/../../../../mips64-elf/lib/libdragon.a(usb.o)
                0x8000f480                usb_write
 .text.usb_sendheartbeat
                0x8000f4c0       0x60 /usr/lib/gcc/mips64-elf/14.2.0/../../../../mips64-elf/lib/libdragon.a(usb.o)
                0x8000f4c0                usb_sendheartbeat
 .text.usb_initialize
                0x8000f520      0x1e0 /usr/lib/gcc/mips64-elf/14.2.0/../../../../mips64-elf/lib/libdragon.a(usb.o)
                0x8000f520                usb_initialize
 .text.usb_64drive_wait
                0x8000f700       0xc0 /usr/lib/gcc/mips64-elf/14.2.0/../../../../mips64-elf/lib/libdragon.a(usb.o)
                0x8000f700                usb_64drive_wait
 .text.usb_64drive_write
                0x8000f7c0      0x240 /usr/lib/gcc/mips64-elf/14.2.0/../../../../mips64-elf/lib/libdragon.a(usb.o)
 .text.usb_sc64_execute_cmd
                0x8000fa00       0xc0 /usr/lib/gcc/mips64-elf/14.2.0/../../../../mips64-elf/lib/libdragon.a(usb.o)
                0x8000fa00                usb_sc64_execute_cmd
 .text.usb_sc64_write
                0x8000fac0      0x2a0 /usr/lib/gcc/mips64-elf/14.2.0/../../../../mips64-elf/lib/libdragon.a(usb.o)
 .text.__console_render.part.0
                0x8000fd60      0x100 /usr/lib/gcc/mips64-elf/14.2.0/../../../../mips64-elf/lib/libdragon.a(console.o)
 .text.__console_write
                0x8000fe60      0x320 /usr/lib/gcc/mips64-elf/14.2.0/../../../../mips64-elf/lib/libdragon.a(console.o)
 .text.console_set_render_mode
                0x80010180       0x20 /usr/lib/gcc/mips64-elf/14.2.0/../../../../mips64-elf/lib/libdragon.a(console.o)
                0x80010180                console_set_render_mode
 .text.console_init
                0x800101a0       0xe0 /usr/lib/gcc/mips64-elf/14.2.0/../../../../mips64-elf/lib/libdragon.a(console.o)
                0x800101a0                console_init
 .text.console_render
                0x80010280       0x40 /usr/lib/gcc/mips64-elf/14.2.0/../../../../mips64-elf/lib/libdragon.a(console.o)
                0x80010280                console_render
 .text.console_set_debug
                0x800102c0       0x20 /usr/lib/gcc/mips64-elf/14.2.0/../../../../mips64-elf/lib/libdragon.a(console.o)
                0x800102c0                console_set_debug
 .text.graphics_draw_character.part.0
                0x800102e0      0x4e0 /usr/lib/gcc/mips64-elf/14.2.0/../../../../mips64-elf/lib/libdragon.a(graphics.o)
 .text.graphics_set_color
                0x800107c0       0x20 /usr/lib/gcc/mips64-elf/14.2.0/../../../../mips64-elf/lib/libdragon.a(graphics.o)
                0x800107c0                graphics_set_color
 .text.graphics_draw_box
                0x800107e0      0x120 /usr/lib/gcc/mips64-elf/14.2.0/../../../../mips64-elf/lib/libdragon.a(graphics.o)
                0x800107e0                graphics_draw_box
 .text.graphics_fill_screen
                0x80010900       0x80 /usr/lib/gcc/mips64-elf/14.2.0/../../../../mips64-elf/lib/libdragon.a(graphics.o)
                0x80010900                graphics_fill_screen
 .text.graphics_set_default_font
                0x80010980       0x20 /usr/lib/gcc/mips64-elf/14.2.0/../../../../mips64-elf/lib/libdragon.a(graphics.o)
                0x80010980                graphics_set_default_font
 .text.graphics_draw_character
                0x800109a0       0x20 /usr/lib/gcc/mips64-elf/14.2.0/../../../../mips64-elf/lib/libdragon.a(graphics.o)
                0x800109a0                graphics_draw_character
 .text.graphics_draw_text
                0x800109c0      0x120 /usr/lib/gcc/mips64-elf/14.2.0/../../../../mips64-elf/lib/libdragon.a(graphics.o)
                0x800109c0                graphics_draw_text
 .text.cb.2     0x80010ae0       0x60 /usr/lib/gcc/mips64-elf/14.2.0/../../../../mips64-elf/lib/libdragon.a(inspector.o)
 .text.cb.1     0x80010b40       0x60 /usr/lib/gcc/mips64-elf/14.2.0/../../../../mips64-elf/lib/libdragon.a(inspector.o)
 .text.cb.0     0x80010ba0      0x120 /usr/lib/gcc/mips64-elf/14.2.0/../../../../mips64-elf/lib/libdragon.a(inspector.o)
 .text.cb.3     0x80010cc0      0x120 /usr/lib/gcc/mips64-elf/14.2.0/../../../../mips64-elf/lib/libdragon.a(inspector.o)
 .text.inspector_stdout
                0x80010de0      0x240 /usr/lib/gcc/mips64-elf/14.2.0/../../../../mips64-elf/lib/libdragon.a(inspector.o)
 .text.title    0x80011020       0xa0 /usr/lib/gcc/mips64-elf/14.2.0/../../../../mips64-elf/lib/libdragon.a(inspector.o)
 .text.mips_disasm
                0x800110c0      0x6c0 /usr/lib/gcc/mips64-elf/14.2.0/../../../../mips64-elf/lib/libdragon.a(inspector.o)
 .text.inspector
                0x80011780      0xc20 /usr/lib/gcc/mips64-elf/14.2.0/../../../../mips64-elf/lib/libdragon.a(inspector.o)
 .text.handler.4
                0x800123a0       0x40 /usr/lib/gcc/mips64-elf/14.2.0/../../../../mips64-elf/lib/libdragon.a(inspector.o)
 .text.__inspector_exception
                0x800123e0       0x20 /usr/lib/gcc/mips64-elf/14.2.0/../../../../mips64-elf/lib/libdragon.a(inspector.o)
                0x800123e0                __inspector_exception
 .text.__inspector_assertion
                0x80012400       0x20 /usr/lib/gcc/mips64-elf/14.2.0/../../../../mips64-elf/lib/libdragon.a(inspector.o)
                0x80012400                __inspector_assertion
 .text.startup.__inspector_init
                0x80012420       0x20 /usr/lib/gcc/mips64-elf/14.2.0/../../../../mips64-elf/lib/libdragon.a(inspector.o)
                0x80012420                __inspector_init
 .text.dma_write_raw_async.part.0
                0x80012440       0x40 /usr/lib/gcc/mips64-elf/14.2.0/../../../../mips64-elf/lib/libdragon.a(dma.o)
 .text.dma_read_async
                0x80012480      0x4e0 /usr/lib/gcc/mips64-elf/14.2.0/../../../../mips64-elf/lib/libdragon.a(dma.o)
                0x80012480                dma_read_async
 .text.dma_read
                0x80012960       0x40 /usr/lib/gcc/mips64-elf/14.2.0/../../../../mips64-elf/lib/libdragon.a(dma.o)
                0x80012960                dma_read
 .text.dma_write
                0x800129a0       0xa0 /usr/lib/gcc/mips64-elf/14.2.0/../../../../mips64-elf/lib/libdragon.a(dma.o)
                0x800129a0                dma_write
 .text.io_read  0x80012a40       0x60 /usr/lib/gcc/mips64-elf/14.2.0/../../../../mips64-elf/lib/libdragon.a(dma.o)
                0x80012a40                io_read
 .text.io_write
                0x80012aa0       0x60 /usr/lib/gcc/mips64-elf/14.2.0/../../../../mips64-elf/lib/libdragon.a(dma.o)
                0x80012aa0                io_write
 .text.cb.0     0x80012b00       0x40 /usr/lib/gcc/mips64-elf/14.2.0/../../../../mips64-elf/lib/libdragon.a(exception.o)
 .text.cb.1     0x80012b40       0x80 /usr/lib/gcc/mips64-elf/14.2.0/../../../../mips64-elf/lib/libdragon.a(exception.o)
 .text.is_unmapped_kx64
                0x80012bc0      0x1e0 /usr/lib/gcc/mips64-elf/14.2.0/../../../../mips64-elf/lib/libdragon.a(exception.o)
 .text.__get_exception_name.isra.0
                0x80012da0      0x200 /usr/lib/gcc/mips64-elf/14.2.0/../../../../mips64-elf/lib/libdragon.a(exception.o)
 .text.__exception_dump_header
                0x80012fa0      0x2e0 /usr/lib/gcc/mips64-elf/14.2.0/../../../../mips64-elf/lib/libdragon.a(exception.o)
                0x80012fa0                __exception_dump_header
 .text.__exception_dump_gpr
                0x80013280      0x160 /usr/lib/gcc/mips64-elf/14.2.0/../../../../mips64-elf/lib/libdragon.a(exception.o)
                0x80013280                __exception_dump_gpr
 .text.__exception_dump_fpr
                0x800133e0      0x2a0 /usr/lib/gcc/mips64-elf/14.2.0/../../../../mips64-elf/lib/libdragon.a(exception.o)
                0x800133e0                __exception_dump_fpr
 .text.exception_default_handler
                0x80013680      0x1a0 /usr/lib/gcc/mips64-elf/14.2.0/../../../../mips64-elf/lib/libdragon.a(exception.o)
                0x80013680                exception_default_handler
 .text.__onCriticalException
                0x80013820       0x60 /usr/lib/gcc/mips64-elf/14.2.0/../../../../mips64-elf/lib/libdragon.a(exception.o)
                0x80013820                __onCriticalException
 .text.register_syscall_handler
                0x80013880      0x1a0 /usr/lib/gcc/mips64-elf/14.2.0/../../../../mips64-elf/lib/libdragon.a(exception.o)
                0x80013880                register_syscall_handler
 .text.__onSyscallException
                0x80013a20      0x140 /usr/lib/gcc/mips64-elf/14.2.0/../../../../mips64-elf/lib/libdragon.a(exception.o)
                0x80013a20                __onSyscallException
 .text.__register_frame_info
                0x80013b60       0x20 /usr/lib/gcc/mips64-elf/14.2.0/../../../../mips64-elf/lib/libdragon.a(do_ctors.o)
                0x80013b60                __register_frame_info
 .text.__wrap___do_global_ctors
                0x80013b80       0xe0 /usr/lib/gcc/mips64-elf/14.2.0/../../../../mips64-elf/lib/libdragon.a(do_ctors.o)
                0x80013b80                __wrap___do_global_ctors
 .text.data_cache_hit_writeback
                0x80013c60       0x60 /usr/lib/gcc/mips64-elf/14.2.0/../../../../mips64-elf/lib/libdragon.a(n64sys.o)
                0x80013c60                data_cache_hit_writeback
 .text.__data_cache_hit_invalidate
                0x80013cc0       0x60 /usr/lib/gcc/mips64-elf/14.2.0/../../../../mips64-elf/lib/libdragon.a(n64sys.o)
                0x80013cc0                __data_cache_hit_invalidate
 .text.data_cache_hit_writeback_invalidate
                0x80013d20       0x60 /usr/lib/gcc/mips64-elf/14.2.0/../../../../mips64-elf/lib/libdragon.a(n64sys.o)
                0x80013d20                data_cache_hit_writeback_invalidate
 .text.inst_cache_hit_invalidate
                0x80013d80       0x60 /usr/lib/gcc/mips64-elf/14.2.0/../../../../mips64-elf/lib/libdragon.a(n64sys.o)
                0x80013d80                inst_cache_hit_invalidate
 .text.malloc_uncached_aligned
                0x80013de0       0xc0 /usr/lib/gcc/mips64-elf/14.2.0/../../../../mips64-elf/lib/libdragon.a(n64sys.o)
                0x80013de0                malloc_uncached_aligned
 .text.free_uncached
                0x80013ea0       0x20 /usr/lib/gcc/mips64-elf/14.2.0/../../../../mips64-elf/lib/libdragon.a(n64sys.o)
                0x80013ea0                free_uncached
 .text.get_memory_size
                0x80013ec0       0x20 /usr/lib/gcc/mips64-elf/14.2.0/../../../../mips64-elf/lib/libdragon.a(n64sys.o)
                0x80013ec0                get_memory_size
 .text.get_tv_type
                0x80013ee0       0x20 /usr/lib/gcc/mips64-elf/14.2.0/../../../../mips64-elf/lib/libdragon.a(n64sys.o)
                0x80013ee0                get_tv_type
 .text.get_ticks
                0x80013f00       0x40 /usr/lib/gcc/mips64-elf/14.2.0/../../../../mips64-elf/lib/libdragon.a(n64sys.o)
                0x80013f00                get_ticks
 .text.wait_ms  0x80013f40       0x40 /usr/lib/gcc/mips64-elf/14.2.0/../../../../mips64-elf/lib/libdragon.a(n64sys.o)
                0x80013f40                wait_ms
 .text.startup.__init_cop1
                0x80013f80       0x40 /usr/lib/gcc/mips64-elf/14.2.0/../../../../mips64-elf/lib/libdragon.a(n64sys.o)
                0x80013f80                __init_cop1
 .text.__MI_handler
                0x80013fc0      0x220 /usr/lib/gcc/mips64-elf/14.2.0/../../../../mips64-elf/lib/libdragon.a(interrupt.o)
                0x80013fc0                __MI_handler
 .text.__TI_handler
                0x800141e0       0x60 /usr/lib/gcc/mips64-elf/14.2.0/../../../../mips64-elf/lib/libdragon.a(interrupt.o)
                0x800141e0                __TI_handler
 .text.__CART_handler
                0x80014240       0xa0 /usr/lib/gcc/mips64-elf/14.2.0/../../../../mips64-elf/lib/libdragon.a(interrupt.o)
                0x80014240                __CART_handler
 .text.__RESET_handler
                0x800142e0       0x60 /usr/lib/gcc/mips64-elf/14.2.0/../../../../mips64-elf/lib/libdragon.a(interrupt.o)
                0x800142e0                __RESET_handler
 .text.register_VI_handler
                0x80014340       0x60 /usr/lib/gcc/mips64-elf/14.2.0/../../../../mips64-elf/lib/libdragon.a(interrupt.o)
                0x80014340                register_VI_handler
 .text.unregister_VI_handler
                0x800143a0       0x60 /usr/lib/gcc/mips64-elf/14.2.0/../../../../mips64-elf/lib/libdragon.a(interrupt.o)
                0x800143a0                unregister_VI_handler
 .text.register_SI_handler
                0x80014400       0x60 /usr/lib/gcc/mips64-elf/14.2.0/../../../../mips64-elf/lib/libdragon.a(interrupt.o)
                0x80014400                register_SI_handler
 .text.set_VI_interrupt
                0x80014460       0x40 /usr/lib/gcc/mips64-elf/14.2.0/../../../../mips64-elf/lib/libdragon.a(interrupt.o)
                0x80014460                set_VI_interrupt
 .text.set_SI_interrupt
                0x800144a0       0x20 /usr/lib/gcc/mips64-elf/14.2.0/../../../../mips64-elf/lib/libdragon.a(interrupt.o)
                0x800144a0                set_SI_interrupt
 .text.startup.__init_interrupts
                0x800144c0       0x40 /usr/lib/gcc/mips64-elf/14.2.0/../../../../mips64-elf/lib/libdragon.a(interrupt.o)
                0x800144c0                __init_interrupts
 .text.disable_interrupts
                0x80014500       0x40 /usr/lib/gcc/mips64-elf/14.2.0/../../../../mips64-elf/lib/libdragon.a(interrupt.o)
                0x80014500                disable_interrupts
 .text.enable_interrupts
                0x80014540       0x80 /usr/lib/gcc/mips64-elf/14.2.0/../../../../mips64-elf/lib/libdragon.a(interrupt.o)
                0x80014540                enable_interrupts
 .text.cb.0     0x800145c0       0x40 /usr/lib/gcc/mips64-elf/14.2.0/../../../../mips64-elf/lib/libdragon.a(backtrace.o)
 .text.symt_open
                0x80014600      0x200 /usr/lib/gcc/mips64-elf/14.2.0/../../../../mips64-elf/lib/libdragon.a(backtrace.o)
 .text.symt_addrtab_entry.isra.0
                0x80014800       0x60 /usr/lib/gcc/mips64-elf/14.2.0/../../../../mips64-elf/lib/libdragon.a(backtrace.o)
 .text.format_entry
                0x80014860      0x240 /usr/lib/gcc/mips64-elf/14.2.0/../../../../mips64-elf/lib/libdragon.a(backtrace.o)
 .text.symt_addrtab_search
                0x80014aa0      0x160 /usr/lib/gcc/mips64-elf/14.2.0/../../../../mips64-elf/lib/libdragon.a(backtrace.o)
 .text.__symbolize
                0x80014c00      0x240 /usr/lib/gcc/mips64-elf/14.2.0/../../../../mips64-elf/lib/libdragon.a(backtrace.o)
                0x80014c00                __symbolize
 .text.__bt_analyze_func
                0x80014e40      0x1c0 /usr/lib/gcc/mips64-elf/14.2.0/../../../../mips64-elf/lib/libdragon.a(backtrace.o)
                0x80014e40                __bt_analyze_func
 .text.backtrace_foreach.constprop.0
                0x80015000      0x340 /usr/lib/gcc/mips64-elf/14.2.0/../../../../mips64-elf/lib/libdragon.a(backtrace.o)
 .text.backtrace
                0x80015340       0xe0 /usr/lib/gcc/mips64-elf/14.2.0/../../../../mips64-elf/lib/libdragon.a(backtrace.o)
                0x80015340                backtrace
 .text.backtrace_symbols_cb
                0x80015420      0x300 /usr/lib/gcc/mips64-elf/14.2.0/../../../../mips64-elf/lib/libdragon.a(backtrace.o)
                0x80015420                backtrace_symbols_cb
 .text.backtrace_frame_print
                0x80015720       0xa0 /usr/lib/gcc/mips64-elf/14.2.0/../../../../mips64-elf/lib/libdragon.a(backtrace.o)
                0x80015720                backtrace_frame_print
 .text.backtrace_frame_print_compact
                0x800157c0      0x140 /usr/lib/gcc/mips64-elf/14.2.0/../../../../mips64-elf/lib/libdragon.a(backtrace.o)
                0x800157c0                backtrace_frame_print_compact
 .text.rompak_search_ext
                0x80015900      0x200 /usr/lib/gcc/mips64-elf/14.2.0/../../../../mips64-elf/lib/libdragon.a(rompak.o)
                0x80015900                rompak_search_ext
 .text.__display_callback
                0x80015b00      0x160 /usr/lib/gcc/mips64-elf/14.2.0/../../../../mips64-elf/lib/libdragon.a(display.o)
 .text.display_show.part.0
                0x80015c60      0x1a0 /usr/lib/gcc/mips64-elf/14.2.0/../../../../mips64-elf/lib/libdragon.a(display.o)
 .text.display_init
                0x80015e00      0x5c0 /usr/lib/gcc/mips64-elf/14.2.0/../../../../mips64-elf/lib/libdragon.a(display.o)
                0x80015e00                display_init
 .text.display_close
                0x800163c0      0x100 /usr/lib/gcc/mips64-elf/14.2.0/../../../../mips64-elf/lib/libdragon.a(display.o)
                0x800163c0                display_close
 .text.display_try_get
                0x800164c0       0xc0 /usr/lib/gcc/mips64-elf/14.2.0/../../../../mips64-elf/lib/libdragon.a(display.o)
                0x800164c0                display_try_get
 .text.display_get
                0x80016580      0x100 /usr/lib/gcc/mips64-elf/14.2.0/../../../../mips64-elf/lib/libdragon.a(display.o)
                0x80016580                display_get
 .text.display_show
                0x80016680       0x20 /usr/lib/gcc/mips64-elf/14.2.0/../../../../mips64-elf/lib/libdragon.a(display.o)
                0x80016680                display_show
 .text.display_show_force
                0x800166a0       0x40 /usr/lib/gcc/mips64-elf/14.2.0/../../../../mips64-elf/lib/libdragon.a(display.o)
                0x800166a0                display_show_force
 .text.display_get_bitdepth
                0x800166e0       0x20 /usr/lib/gcc/mips64-elf/14.2.0/../../../../mips64-elf/lib/libdragon.a(display.o)
                0x800166e0                display_get_bitdepth
 .text.surface_alloc
                0x80016700       0xe0 /usr/lib/gcc/mips64-elf/14.2.0/../../../../mips64-elf/lib/libdragon.a(surface.o)
                0x80016700                surface_alloc
 .text.surface_free
                0x800167e0       0x80 /usr/lib/gcc/mips64-elf/14.2.0/../../../../mips64-elf/lib/libdragon.a(surface.o)
                0x800167e0                surface_free
 .text.controller_read
                0x80016860       0x20 /usr/lib/gcc/mips64-elf/14.2.0/../../../../mips64-elf/lib/libdragon.a(controller.o)
                0x80016860                controller_read
 .text.rsp_load_code
                0x80016880      0x100 /usr/lib/gcc/mips64-elf/14.2.0/../../../../mips64-elf/lib/libdragon.a(rsp.o)
                0x80016880                rsp_load_code
 .text.rsp_load_data
                0x80016980       0xe0 /usr/lib/gcc/mips64-elf/14.2.0/../../../../mips64-elf/lib/libdragon.a(rsp.o)
                0x80016980                rsp_load_data
 .text.rsp_read_code
                0x80016a60       0xe0 /usr/lib/gcc/mips64-elf/14.2.0/../../../../mips64-elf/lib/libdragon.a(rsp.o)
                0x80016a60                rsp_read_code
 .text.rsp_read_data
                0x80016b40       0xe0 /usr/lib/gcc/mips64-elf/14.2.0/../../../../mips64-elf/lib/libdragon.a(rsp.o)
                0x80016b40                rsp_read_data
 .text.__rsp_crash
                0x80016c20      0xbe0 /usr/lib/gcc/mips64-elf/14.2.0/../../../../mips64-elf/lib/libdragon.a(rsp.o)
                0x80016c20                __rsp_crash
 .text.__rsp_check_assert
                0x80017800       0x80 /usr/lib/gcc/mips64-elf/14.2.0/../../../../mips64-elf/lib/libdragon.a(rsp.o)
                0x80017800                __rsp_check_assert
 .text.rsp_wait
                0x80017880      0x100 /usr/lib/gcc/mips64-elf/14.2.0/../../../../mips64-elf/lib/libdragon.a(rsp.o)
                0x80017880                rsp_wait
 .text.rsp_run  0x80017980       0x60 /usr/lib/gcc/mips64-elf/14.2.0/../../../../mips64-elf/lib/libdragon.a(rsp.o)
                0x80017980                rsp_run
 .text.joybus_msg_send
                0x800179e0       0x80 /usr/lib/gcc/mips64-elf/14.2.0/../../../../mips64-elf/lib/libdragon.a(joybus.o)
 .text.callback.0
                0x80017a60       0x80 /usr/lib/gcc/mips64-elf/14.2.0/../../../../mips64-elf/lib/libdragon.a(joybus.o)
 .text.si_interrupt
                0x80017ae0      0x1a0 /usr/lib/gcc/mips64-elf/14.2.0/../../../../mips64-elf/lib/libdragon.a(joybus.o)
 .text.startup.__joybus_init
                0x80017c80       0x60 /usr/lib/gcc/mips64-elf/14.2.0/../../../../mips64-elf/lib/libdragon.a(joybus.o)
                0x80017c80                __joybus_init
 .text.joybus_exec_async
                0x80017ce0      0x1a0 /usr/lib/gcc/mips64-elf/14.2.0/../../../../mips64-elf/lib/libdragon.a(joybus.o)
                0x80017ce0                joybus_exec_async
 .text.joybus_exec
                0x80017e80      0x140 /usr/lib/gcc/mips64-elf/14.2.0/../../../../mips64-elf/lib/libdragon.a(joybus.o)
                0x80017e80                joybus_exec
 .text.close    0x80017fc0       0xe0 /usr/lib/gcc/mips64-elf/14.2.0/../../../../mips64-elf/lib/libdragonsys.a(system.o)
                0x80017fc0                close
 .text._exit    0x800180a0       0x20 /usr/lib/gcc/mips64-elf/14.2.0/../../../../mips64-elf/lib/libdragonsys.a(system.o)
                0x800180a0                _exit
 .text.fstat    0x800180c0      0x100 /usr/lib/gcc/mips64-elf/14.2.0/../../../../mips64-elf/lib/libdragonsys.a(system.o)
                0x800180c0                fstat
 .text.getpid   0x800181c0       0x40 /usr/lib/gcc/mips64-elf/14.2.0/../../../../mips64-elf/lib/libdragonsys.a(system.o)
                0x800181c0                getpid
 .text.isatty   0x80018200       0x40 /usr/lib/gcc/mips64-elf/14.2.0/../../../../mips64-elf/lib/libdragonsys.a(system.o)
                0x80018200                isatty
 .text.kill     0x80018240       0x40 /usr/lib/gcc/mips64-elf/14.2.0/../../../../mips64-elf/lib/libdragonsys.a(system.o)
                0x80018240                kill
 .text.lseek    0x80018280      0x100 /usr/lib/gcc/mips64-elf/14.2.0/../../../../mips64-elf/lib/libdragonsys.a(system.o)
                0x80018280                lseek
 .text.read     0x80018380      0x120 /usr/lib/gcc/mips64-elf/14.2.0/../../../../mips64-elf/lib/libdragonsys.a(system.o)
                0x80018380                read
 .text.sbrk     0x800184a0       0xc0 /usr/lib/gcc/mips64-elf/14.2.0/../../../../mips64-elf/lib/libdragonsys.a(system.o)
                0x800184a0                sbrk
 .text.write    0x80018560      0x140 /usr/lib/gcc/mips64-elf/14.2.0/../../../../mips64-elf/lib/libdragonsys.a(system.o)
                0x80018560                write
 .text.hook_stdio_calls
                0x800186a0       0x60 /usr/lib/gcc/mips64-elf/14.2.0/../../../../mips64-elf/lib/libdragonsys.a(system.o)
                0x800186a0                hook_stdio_calls
 .text._flush_cache
                0x80018700       0x40 /usr/lib/gcc/mips64-elf/14.2.0/../../../../mips64-elf/lib/libdragonsys.a(system.o)
                0x80018700                _flush_cache
 .text.__assert_func
                0x80018740       0x20 /usr/lib/gcc/mips64-elf/14.2.0/../../../../mips64-elf/lib/libdragonsys.a(system.o)
                0x80018740                __assert_func
 *(keep.text.*)
 *(.init)
 .init          0x80018760        0x8 /usr/lib/gcc/mips64-elf/14.2.0/crti.o
                0x80018760                _init
 *(.fini)
 .fini          0x80018768        0x8 /usr/lib/gcc/mips64-elf/14.2.0/crti.o
                0x80018768                _fini
 *(.gnu.linkonce.t.*)
                0x80018770                        . = ALIGN (0x10)
                0x80018770                        __text_end = .

.eh_frame_hdr
 *(.eh_frame_hdr)

.eh_frame       0x80018770        0x4
                0x80018770                        __EH_FRAME_BEGIN__ = .
 *(.eh_frame)
 .eh_frame      0x80018770        0x0 /usr/lib/gcc/mips64-elf/14.2.0/crtbegin.o
 .eh_frame      0x80018770        0x4 /usr/lib/gcc/mips64-elf/14.2.0/crtend.o

.gcc_except_table
 *(.gcc_except_table*)

.jcr
 *(.jcr)

.rodata         0x80018778     0x3ec8
 *(.rdata)
 *(.rodata)
 .rodata        0x80018778      0x188 /usr/lib/gcc/mips64-elf/14.2.0/../../../../mips64-elf/lib/libc.a(libc_a-vfprintf.o)
 .rodata        0x80018900      0x128 /usr/lib/gcc/mips64-elf/14.2.0/../../../../mips64-elf/lib/libc.a(libc_a-mprec.o)
                0x80018910                __mprec_tinytens
                0x80018938                __mprec_bigtens
                0x80018960                __mprec_tens
 .rodata        0x80018a28      0x288 /usr/lib/gcc/mips64-elf/14.2.0/../../../../mips64-elf/lib/libc.a(libc_a-ctype_.o)
                0x80018a28                _ctype_
                0x80018b30                _ctype_b
 .rodata        0x80018cb0      0x188 /usr/lib/gcc/mips64-elf/14.2.0/../../../../mips64-elf/lib/libc.a(libc_a-svfprintf.o)
 *(.rodata.*)
 .rodata.main.str1.8
                0x80018e38     0x2736 build/main.o
                                 0x2c (size before relaxing)
 .rodata.cb.0.str1.8
                0x8001b56e       0x1d /usr/lib/gcc/mips64-elf/14.2.0/../../../../mips64-elf/lib/libdragon.a(debug.o)
 .rodata.debug_assert_func_f.str1.8
                0x8001b56e       0x45 /usr/lib/gcc/mips64-elf/14.2.0/../../../../mips64-elf/lib/libdragon.a(debug.o)
 .rodata.debug_hexdump.str1.8
                0x8001b56e       0x2b /usr/lib/gcc/mips64-elf/14.2.0/../../../../mips64-elf/lib/libdragon.a(debug.o)
 .rodata.__debug_backtrace.str1.8
                0x8001b56e        0xc /usr/lib/gcc/mips64-elf/14.2.0/../../../../mips64-elf/lib/libdragon.a(debug.o)
 *fill*         0x8001b56e        0x2 
 .rodata.RESOLUTION_640x240
                0x8001b570        0xc /usr/lib/gcc/mips64-elf/14.2.0/../../../../mips64-elf/lib/libdragon.a(console.o)
 *fill*         0x8001b57c        0x4 
 .rodata.__font_data
                0x8001b580      0x800 /usr/lib/gcc/mips64-elf/14.2.0/../../../../mips64-elf/lib/libdragon.a(graphics.o)
 .rodata.cb.2.str1.8
                0x8001bd80       0x22 /usr/lib/gcc/mips64-elf/14.2.0/../../../../mips64-elf/lib/libdragon.a(inspector.o)
 .rodata.cb.1.str1.8
                0x8001bd80        0xc /usr/lib/gcc/mips64-elf/14.2.0/../../../../mips64-elf/lib/libdragon.a(inspector.o)
 .rodata.cb.0.str1.8
                0x8001bd80       0x27 /usr/lib/gcc/mips64-elf/14.2.0/../../../../mips64-elf/lib/libdragon.a(inspector.o)
 .rodata.cb.3.str1.8
                0x8001bd80       0x2a /usr/lib/gcc/mips64-elf/14.2.0/../../../../mips64-elf/lib/libdragon.a(inspector.o)
 .rodata.inspector_stdout
                0x8001bd80       0x54 /usr/lib/gcc/mips64-elf/14.2.0/../../../../mips64-elf/lib/libdragon.a(inspector.o)
 .rodata.mips_disasm.str1.8
                0x8001bdd4      0x1ce /usr/lib/gcc/mips64-elf/14.2.0/../../../../mips64-elf/lib/libdragon.a(inspector.o)
 .rodata.mips_disasm
                0x8001bdd4       0xc0 /usr/lib/gcc/mips64-elf/14.2.0/../../../../mips64-elf/lib/libdragon.a(inspector.o)
 .rodata.inspector.str1.8
                0x8001be94      0x22c /usr/lib/gcc/mips64-elf/14.2.0/../../../../mips64-elf/lib/libdragon.a(inspector.o)
 .rodata.inspector
                0x8001be94       0x14 /usr/lib/gcc/mips64-elf/14.2.0/../../../../mips64-elf/lib/libdragon.a(inspector.o)
 .rodata.str1.8
                0x8001bea8      0x69b /usr/lib/gcc/mips64-elf/14.2.0/../../../../mips64-elf/lib/libdragon.a(inspector.o)
 .rodata.CSWTCH.128
                0x8001bea8       0x14 /usr/lib/gcc/mips64-elf/14.2.0/../../../../mips64-elf/lib/libdragon.a(inspector.o)
 *fill*         0x8001bebc        0x4 
 .rodata.fpu_ops.7
                0x8001bec0      0x100 /usr/lib/gcc/mips64-elf/14.2.0/../../../../mips64-elf/lib/libdragon.a(inspector.o)
 .rodata.special.8
                0x8001bfc0      0x100 /usr/lib/gcc/mips64-elf/14.2.0/../../../../mips64-elf/lib/libdragon.a(inspector.o)
 .rodata.ops.9  0x8001c0c0      0x100 /usr/lib/gcc/mips64-elf/14.2.0/../../../../mips64-elf/lib/libdragon.a(inspector.o)
 .rodata.RESOLUTION_640x240
                0x8001c1c0        0xc /usr/lib/gcc/mips64-elf/14.2.0/../../../../mips64-elf/lib/libdragon.a(inspector.o)
 .rodata.dma_write_raw_async.part.0.str1.8
                0x8001c1cc       0x12 /usr/lib/gcc/mips64-elf/14.2.0/../../../../mips64-elf/lib/libdragon.a(dma.o)
 .rodata.dma_read_async.str1.8
                0x8001c1cc       0x8d /usr/lib/gcc/mips64-elf/14.2.0/../../../../mips64-elf/lib/libdragon.a(dma.o)
 *fill*         0x8001c1cc        0x4 
 .rodata.__func__.0
                0x8001c1d0        0xf /usr/lib/gcc/mips64-elf/14.2.0/../../../../mips64-elf/lib/libdragon.a(dma.o)
 *fill*         0x8001c1df        0x1 
 .rodata.__func__.1
                0x8001c1e0       0x14 /usr/lib/gcc/mips64-elf/14.2.0/../../../../mips64-elf/lib/libdragon.a(dma.o)
 .rodata.cb.0.str1.8
                0x8001c1f4       0x17 /usr/lib/gcc/mips64-elf/14.2.0/../../../../mips64-elf/lib/libdragon.a(exception.o)
 .rodata.cb.1.str1.8
                0x8001c1f4       0x19 /usr/lib/gcc/mips64-elf/14.2.0/../../../../mips64-elf/lib/libdragon.a(exception.o)
 .rodata.__get_exception_name.isra.0.str1.8
                0x8001c1f4      0x285 /usr/lib/gcc/mips64-elf/14.2.0/../../../../mips64-elf/lib/libdragon.a(exception.o)
 .rodata.__get_exception_name.isra.0
                0x8001c1f4       0x40 /usr/lib/gcc/mips64-elf/14.2.0/../../../../mips64-elf/lib/libdragon.a(exception.o)
 .rodata.__exception_dump_header.str1.8
                0x8001c234      0x110 /usr/lib/gcc/mips64-elf/14.2.0/../../../../mips64-elf/lib/libdragon.a(exception.o)
 .rodata.__exception_dump_header
                0x8001c234       0x60 /usr/lib/gcc/mips64-elf/14.2.0/../../../../mips64-elf/lib/libdragon.a(exception.o)
 .rodata.__exception_dump_gpr.str1.8
                0x8001c294       0x34 /usr/lib/gcc/mips64-elf/14.2.0/../../../../mips64-elf/lib/libdragon.a(exception.o)
 .rodata.__exception_dump_fpr.str1.8
                0x8001c294       0x3e /usr/lib/gcc/mips64-elf/14.2.0/../../../../mips64-elf/lib/libdragon.a(exception.o)
 .rodata.exception_default_handler.str1.8
                0x8001c294       0x3e /usr/lib/gcc/mips64-elf/14.2.0/../../../../mips64-elf/lib/libdragon.a(exception.o)
 .rodata.register_syscall_handler.str1.8
                0x8001c294      0x143 /usr/lib/gcc/mips64-elf/14.2.0/../../../../mips64-elf/lib/libdragon.a(exception.o)
 *fill*         0x8001c294        0x4 
 .rodata.__func__.2
                0x8001c298       0x19 /usr/lib/gcc/mips64-elf/14.2.0/../../../../mips64-elf/lib/libdragon.a(exception.o)
 .rodata.str1.8
                0x8001c2b1      0x166 /usr/lib/gcc/mips64-elf/14.2.0/../../../../mips64-elf/lib/libdragon.a(exception.o)
 *fill*         0x8001c2b1        0x7 
 .rodata.exceptionMap.3
                0x8001c2b8       0x80 /usr/lib/gcc/mips64-elf/14.2.0/../../../../mips64-elf/lib/libdragon.a(exception.o)
 .rodata.__do_global_ctors.str1.8
                0x8001c338       0xa1 /usr/lib/gcc/mips64-elf/14.2.0/../../../../mips64-elf/lib/libdragon.a(do_ctors.o)
 .rodata.__wrap___do_global_ctors.str1.8
                0x8001c338       0xbb /usr/lib/gcc/mips64-elf/14.2.0/../../../../mips64-elf/lib/libdragon.a(do_ctors.o)
 .rodata.__func__.0
                0x8001c338       0x19 /usr/lib/gcc/mips64-elf/14.2.0/../../../../mips64-elf/lib/libdragon.a(do_ctors.o)
 .rodata.malloc_uncached_aligned.str1.8
                0x8001c351       0x3d /usr/lib/gcc/mips64-elf/14.2.0/../../../../mips64-elf/lib/libdragon.a(n64sys.o)
 *fill*         0x8001c351        0x7 
 .rodata.__func__.0
                0x8001c358       0x18 /usr/lib/gcc/mips64-elf/14.2.0/../../../../mips64-elf/lib/libdragon.a(n64sys.o)
 .rodata.__CART_handler.str1.8
                0x8001c370       0x8a /usr/lib/gcc/mips64-elf/14.2.0/../../../../mips64-elf/lib/libdragon.a(interrupt.o)
 .rodata.enable_interrupts.str1.8
                0x8001c370       0x3c /usr/lib/gcc/mips64-elf/14.2.0/../../../../mips64-elf/lib/libdragon.a(interrupt.o)
 .rodata.__func__.0
                0x8001c370       0x12 /usr/lib/gcc/mips64-elf/14.2.0/../../../../mips64-elf/lib/libdragon.a(interrupt.o)
 *fill*         0x8001c382        0x6 
 .rodata.__func__.3
                0x8001c388        0xf /usr/lib/gcc/mips64-elf/14.2.0/../../../../mips64-elf/lib/libdragon.a(interrupt.o)
 .rodata.symt_open.str1.8
                0x8001c397       0xc3 /usr/lib/gcc/mips64-elf/14.2.0/../../../../mips64-elf/lib/libdragon.a(backtrace.o)
 .rodata.symt_addrtab_entry.isra.0.str1.8
                0x8001c397       0x38 /usr/lib/gcc/mips64-elf/14.2.0/../../../../mips64-elf/lib/libdragon.a(backtrace.o)
 .rodata.format_entry.str1.8
                0x8001c397       0x14 /usr/lib/gcc/mips64-elf/14.2.0/../../../../mips64-elf/lib/libdragon.a(backtrace.o)
 .rodata.__symbolize.str1.8
                0x8001c397       0x13 /usr/lib/gcc/mips64-elf/14.2.0/../../../../mips64-elf/lib/libdragon.a(backtrace.o)
 .rodata.__bt_analyze_func.str1.8
                0x8001c397       0x42 /usr/lib/gcc/mips64-elf/14.2.0/../../../../mips64-elf/lib/libdragon.a(backtrace.o)
 .rodata.backtrace_foreach.constprop.0.str1.8
                0x8001c397       0x81 /usr/lib/gcc/mips64-elf/14.2.0/../../../../mips64-elf/lib/libdragon.a(backtrace.o)
 .rodata.backtrace_symbols_cb.str1.8
                0x8001c397       0x22 /usr/lib/gcc/mips64-elf/14.2.0/../../../../mips64-elf/lib/libdragon.a(backtrace.o)
 .rodata.backtrace_frame_print.str1.8
                0x8001c397       0x35 /usr/lib/gcc/mips64-elf/14.2.0/../../../../mips64-elf/lib/libdragon.a(backtrace.o)
 .rodata.backtrace_frame_print_compact.str1.8
                0x8001c397       0x2a /usr/lib/gcc/mips64-elf/14.2.0/../../../../mips64-elf/lib/libdragon.a(backtrace.o)
 *fill*         0x8001c397        0x1 
 .rodata.__func__.3
                0x8001c398       0x13 /usr/lib/gcc/mips64-elf/14.2.0/../../../../mips64-elf/lib/libdragon.a(backtrace.o)
 .rodata.rompak_search_ext.str1.8
                0x8001c3ab       0xb7 /usr/lib/gcc/mips64-elf/14.2.0/../../../../mips64-elf/lib/libdragon.a(rompak.o)
 *fill*         0x8001c3ab        0x5 
 .rodata.__func__.0
                0x8001c3b0       0x12 /usr/lib/gcc/mips64-elf/14.2.0/../../../../mips64-elf/lib/libdragon.a(rompak.o)
 .rodata.display_show.part.0.str1.8
                0x8001c3c2       0xf9 /usr/lib/gcc/mips64-elf/14.2.0/../../../../mips64-elf/lib/libdragon.a(display.o)
 .rodata.display_init.str1.8
                0x8001c3c2      0x251 /usr/lib/gcc/mips64-elf/14.2.0/../../../../mips64-elf/lib/libdragon.a(display.o)
 *fill*         0x8001c3c2        0x2 
 .rodata.display_init
                0x8001c3c4       0x14 /usr/lib/gcc/mips64-elf/14.2.0/../../../../mips64-elf/lib/libdragon.a(display.o)
 .rodata.display_get.str1.8
                0x8001c3d8       0x1c /usr/lib/gcc/mips64-elf/14.2.0/../../../../mips64-elf/lib/libdragon.a(display.o)
 .rodata.__func__.0
                0x8001c3d8        0xd /usr/lib/gcc/mips64-elf/14.2.0/../../../../mips64-elf/lib/libdragon.a(display.o)
 *fill*         0x8001c3e5        0x3 
 .rodata.__func__.1
                0x8001c3e8        0xc /usr/lib/gcc/mips64-elf/14.2.0/../../../../mips64-elf/lib/libdragon.a(display.o)
 *fill*         0x8001c3f4        0x4 
 .rodata.__func__.4
                0x8001c3f8        0xd /usr/lib/gcc/mips64-elf/14.2.0/../../../../mips64-elf/lib/libdragon.a(display.o)
 *fill*         0x8001c405        0x3 
 .rodata.vi_config_presets
                0x8001c408      0x150 /usr/lib/gcc/mips64-elf/14.2.0/../../../../mips64-elf/lib/libdragon.a(display.o)
 .rodata.surface_alloc.str1.8
                0x8001c558       0x62 /usr/lib/gcc/mips64-elf/14.2.0/../../../../mips64-elf/lib/libdragon.a(surface.o)
 .rodata.__func__.1
                0x8001c558        0xe /usr/lib/gcc/mips64-elf/14.2.0/../../../../mips64-elf/lib/libdragon.a(surface.o)
 *fill*         0x8001c566        0x2 
 .rodata.SI_read_con_block.8
                0x8001c568       0x40 /usr/lib/gcc/mips64-elf/14.2.0/../../../../mips64-elf/lib/libdragon.a(controller.o)
 .rodata.rsp_load_code.str1.8
                0x8001c5a8       0x47 /usr/lib/gcc/mips64-elf/14.2.0/../../../../mips64-elf/lib/libdragon.a(rsp.o)
 .rodata.rsp_load_data.str1.8
                0x8001c5a8       0x17 /usr/lib/gcc/mips64-elf/14.2.0/../../../../mips64-elf/lib/libdragon.a(rsp.o)
 .rodata.__rsp_crash.str1.8
                0x8001c5a8      0x7ef /usr/lib/gcc/mips64-elf/14.2.0/../../../../mips64-elf/lib/libdragon.a(rsp.o)
 .rodata.rsp_wait.str1.8
                0x8001c5a8       0x1c /usr/lib/gcc/mips64-elf/14.2.0/../../../../mips64-elf/lib/libdragon.a(rsp.o)
 .rodata.__func__.0
                0x8001c5a8        0x9 /usr/lib/gcc/mips64-elf/14.2.0/../../../../mips64-elf/lib/libdragon.a(rsp.o)
 *fill*         0x8001c5b1        0x7 
 .rodata.__func__.1
                0x8001c5b8        0xe /usr/lib/gcc/mips64-elf/14.2.0/../../../../mips64-elf/lib/libdragon.a(rsp.o)
 *fill*         0x8001c5c6        0x2 
 .rodata.__func__.2
                0x8001c5c8        0xe /usr/lib/gcc/mips64-elf/14.2.0/../../../../mips64-elf/lib/libdragon.a(rsp.o)
 *fill*         0x8001c5d6        0x2 
 .rodata.__func__.3
                0x8001c5d8        0xe /usr/lib/gcc/mips64-elf/14.2.0/../../../../mips64-elf/lib/libdragon.a(rsp.o)
 *fill*         0x8001c5e6        0x2 
 .rodata.__func__.4
                0x8001c5e8        0xe /usr/lib/gcc/mips64-elf/14.2.0/../../../../mips64-elf/lib/libdragon.a(rsp.o)
 .rodata.str1.8
                0x8001c5f6        0xa /usr/lib/gcc/mips64-elf/14.2.0/../../../../mips64-elf/lib/libdragon.a(rsp.o)
 .rodata.joybus_msg_send.str1.8
                0x8001c5f6       0x55 /usr/lib/gcc/mips64-elf/14.2.0/../../../../mips64-elf/lib/libdragon.a(joybus.o)
 .rodata.si_interrupt.str1.8
                0x8001c5f6       0x40 /usr/lib/gcc/mips64-elf/14.2.0/../../../../mips64-elf/lib/libdragon.a(joybus.o)
 .rodata.joybus_exec_async.str1.8
                0x8001c5f6       0x4a /usr/lib/gcc/mips64-elf/14.2.0/../../../../mips64-elf/lib/libdragon.a(joybus.o)
 *fill*         0x8001c5f6        0x2 
 .rodata.__func__.1
                0x8001c5f8       0x12 /usr/lib/gcc/mips64-elf/14.2.0/../../../../mips64-elf/lib/libdragon.a(joybus.o)
 *fill*         0x8001c60a        0x6 
 .rodata.__func__.2
                0x8001c610       0x10 /usr/lib/gcc/mips64-elf/14.2.0/../../../../mips64-elf/lib/libdragon.a(joybus.o)
 .rodata.__func__.3
                0x8001c620       0x10 /usr/lib/gcc/mips64-elf/14.2.0/../../../../mips64-elf/lib/libdragon.a(joybus.o)
 .rodata.__func__.4
                0x8001c630        0xd /usr/lib/gcc/mips64-elf/14.2.0/../../../../mips64-elf/lib/libdragon.a(joybus.o)
 .rodata.str1.8
                0x8001c63d       0x5a /usr/lib/gcc/mips64-elf/14.2.0/../../../../mips64-elf/lib/libc.a(libc_a-vfprintf.o)
 .rodata.str1.8
                0x8001c63d        0x2 /usr/lib/gcc/mips64-elf/14.2.0/../../../../mips64-elf/lib/libc.a(libc_a-puts.o)
 .rodata.str1.8
                0x8001c63d       0x71 /usr/lib/gcc/mips64-elf/14.2.0/../../../../mips64-elf/lib/libc.a(libc_a-dtoa.o)
 .rodata.str1.8
                0x8001c63d       0x52 /usr/lib/gcc/mips64-elf/14.2.0/../../../../mips64-elf/lib/libc.a(libc_a-mprec.o)
 .rodata.str1.8
                0x8001c63d       0x5a /usr/lib/gcc/mips64-elf/14.2.0/../../../../mips64-elf/lib/libc.a(libc_a-svfprintf.o)
 .rodata.str1.8
                0x8001c63d       0x1a /usr/lib/gcc/mips64-elf/14.2.0/../../../../mips64-elf/lib/libc.a(libc_a-locale.o)
 *(keep.rodata.*)
 *(.gnu.linkonce.r.*)
                0x8001c6b0                        . = ALIGN (0x8)
 *fill*         0x8001c63d        0x3 

.MIPS.abiflags  0x8001c640       0x18
 .MIPS.abiflags
                0x8001c640       0x18 /usr/lib/gcc/mips64-elf/14.2.0/crti.o

.rel.dyn        0x8001c658        0x0
 .rel.dyn       0x8001c658        0x0 /usr/lib/gcc/mips64-elf/14.2.0/../../../../mips64-elf/lib/libdragon.a(inspector.o)
                0x8001c658                        . = ALIGN (0x4)

.ctors          0x8001c658       0x18
                0x8001c658                        __CTOR_LIST__ = .
 *(.ctors)
 .ctors         0x8001c658        0x4 /usr/lib/gcc/mips64-elf/14.2.0/crtbegin.o
 .ctors         0x8001c65c        0x4 /usr/lib/gcc/mips64-elf/14.2.0/../../../../mips64-elf/lib/libdragon.a(inspector.o)
 .ctors         0x8001c660        0x4 /usr/lib/gcc/mips64-elf/14.2.0/../../../../mips64-elf/lib/libdragon.a(n64sys.o)
 .ctors         0x8001c664        0x4 /usr/lib/gcc/mips64-elf/14.2.0/../../../../mips64-elf/lib/libdragon.a(interrupt.o)
 .ctors         0x8001c668        0x4 /usr/lib/gcc/mips64-elf/14.2.0/../../../../mips64-elf/lib/libdragon.a(joybus.o)
 .ctors         0x8001c66c        0x4 /usr/lib/gcc/mips64-elf/14.2.0/crtend.o
                0x8001c670                        __CTOR_END__ = .
                0x8001c670                        . = ALIGN (0x8)

.data           0x8001c670      0xa28
                0x8001c670                        __data_start = .
 *(.data)
 .data          0x8001c670      0x1c4 /usr/lib/gcc/mips64-elf/14.2.0/../../../../mips64-elf/lib/libdragon.a(rsp_crash.o)
                0x8001c670                rsp_crash_text_start
                0x8001c830                rsp_crash_data_start
                0x8001c830                rsp_crash_text_end
                0x8001c834                rsp_crash_data_end
 *fill*         0x8001c834        0x4 
 .data          0x8001c838      0x408 /usr/lib/gcc/mips64-elf/14.2.0/../../../../mips64-elf/lib/libc.a(libc_a-mallocr.o)
                0x8001c838                __malloc_av_
 .data          0x8001cc40        0xc /usr/lib/gcc/mips64-elf/14.2.0/../../../../mips64-elf/lib/libc.a(libc_a-findfp.o)
                0x8001cc40                __sglue
 *fill*         0x8001cc4c        0x4 
 .data          0x8001cc50      0x120 /usr/lib/gcc/mips64-elf/14.2.0/../../../../mips64-elf/lib/libc.a(libc_a-impure.o)
                0x8001cc50                _impure_data
 .data          0x8001cd70      0x16c /usr/lib/gcc/mips64-elf/14.2.0/../../../../mips64-elf/lib/libc.a(libc_a-locale.o)
                0x8001cd70                __global_locale
 *(.data.*)
 *fill*         0x8001cedc        0x4 
 .data.sprite_font
                0x8001cee0        0xc /usr/lib/gcc/mips64-elf/14.2.0/../../../../mips64-elf/lib/libdragon.a(graphics.o)
 *fill*         0x8001ceec        0x4 
 .data.__mips_fpreg
                0x8001cef0       0x80 /usr/lib/gcc/mips64-elf/14.2.0/../../../../mips64-elf/lib/libdragon.a(inspector.o)
                0x8001cef0                __mips_fpreg
 .data.__mips_gpr
                0x8001cf70       0x88 /usr/lib/gcc/mips64-elf/14.2.0/../../../../mips64-elf/lib/libdragon.a(inspector.o)
                0x8001cf70                __mips_gpr
 .data.rsp_crash
                0x8001cff8       0x20 /usr/lib/gcc/mips64-elf/14.2.0/../../../../mips64-elf/lib/libdragon.a(rsp.o)
                0x8001cff8                rsp_crash
 .data.handle_map
                0x8001d018       0x80 /usr/lib/gcc/mips64-elf/14.2.0/../../../../mips64-elf/lib/libdragonsys.a(system.o)
 *(keep.data.*)
 *(.gnu.linkonce.d.*)
                0x8001d098                        . = ALIGN (0x8)

.sdata          0x8001d098       0xb8
                0x80025098                        _gp = (. + 0x8000)
 *(.sdata)
 .sdata         0x8001d098       0x10 /usr/lib/gcc/mips64-elf/14.2.0/../../../../mips64-elf/lib/libdragon.a(exception.o)
 .sdata         0x8001d0a8        0x8 /usr/lib/gcc/mips64-elf/14.2.0/../../../../mips64-elf/lib/libc.a(libc_a-mallocr.o)
                0x8001d0a8                __malloc_sbrk_base
                0x8001d0ac                __malloc_trim_threshold
 .sdata         0x8001d0b0        0x8 /usr/lib/gcc/mips64-elf/14.2.0/../../../../mips64-elf/lib/libc.a(libc_a-vfprintf.o)
 .sdata         0x8001d0b8        0x4 /usr/lib/gcc/mips64-elf/14.2.0/../../../../mips64-elf/lib/libc.a(libc_a-impure.o)
                0x8001d0b8                _impure_ptr
 *fill*         0x8001d0bc        0x4 
 .sdata         0x8001d0c0       0x48 /usr/lib/gcc/mips64-elf/14.2.0/../../../../mips64-elf/lib/libc.a(libc_a-dtoa.o)
 .sdata         0x8001d108       0x10 /usr/lib/gcc/mips64-elf/14.2.0/../../../../mips64-elf/lib/libc.a(libc_a-mprec.o)
 .sdata         0x8001d118        0x8 /usr/lib/gcc/mips64-elf/14.2.0/../../../../mips64-elf/lib/libc.a(libc_a-svfprintf.o)
 *(.sdata.*)
 .sdata.usb_readblock
                0x8001d120        0x4 /usr/lib/gcc/mips64-elf/14.2.0/../../../../mips64-elf/lib/libdragon.a(usb.o)
 .sdata.console_redirect_debug
                0x8001d124        0x1 /usr/lib/gcc/mips64-elf/14.2.0/../../../../mips64-elf/lib/libdragon.a(console.o)
 *fill*         0x8001d125        0x3 
 .sdata.f_color
                0x8001d128        0x4 /usr/lib/gcc/mips64-elf/14.2.0/../../../../mips64-elf/lib/libdragon.a(graphics.o)
 .sdata.first_backtrace
                0x8001d12c        0x1 /usr/lib/gcc/mips64-elf/14.2.0/../../../../mips64-elf/lib/libdragon.a(inspector.o)
 *fill*         0x8001d12d        0x3 
 .sdata.fpr_show_mode
                0x8001d130        0x4 /usr/lib/gcc/mips64-elf/14.2.0/../../../../mips64-elf/lib/libdragon.a(inspector.o)
 .sdata.__exception_handler
                0x8001d134        0x4 /usr/lib/gcc/mips64-elf/14.2.0/../../../../mips64-elf/lib/libdragon.a(exception.o)
 .sdata.__interrupt_depth
                0x8001d138        0x4 /usr/lib/gcc/mips64-elf/14.2.0/../../../../mips64-elf/lib/libdragon.a(interrupt.o)
 .sdata.mainexe_symt.4
                0x8001d13c        0x4 /usr/lib/gcc/mips64-elf/14.2.0/../../../../mips64-elf/lib/libdragon.a(backtrace.o)
 .sdata.SYMT_ROM
                0x8001d140        0x4 /usr/lib/gcc/mips64-elf/14.2.0/../../../../mips64-elf/lib/libdragon.a(backtrace.o)
 .sdata.now_showing
                0x8001d144        0x4 /usr/lib/gcc/mips64-elf/14.2.0/../../../../mips64-elf/lib/libdragon.a(display.o)
 .sdata.__buffers
                0x8001d148        0x4 /usr/lib/gcc/mips64-elf/14.2.0/../../../../mips64-elf/lib/libdragon.a(display.o)
 .sdata.handle_buckets_count
                0x8001d14c        0x4 /usr/lib/gcc/mips64-elf/14.2.0/../../../../mips64-elf/lib/libdragonsys.a(system.o)
 *(.gnu.linkonce.s.*)
                0x8001d150                        . = ALIGN (0x8)

.lit8           0x8001d150        0x0
 *(.lit8)
                0x8001d150                        . = ALIGN (0x8)

.lit4           0x8001d150        0x0
 *(.lit4)
                0x8001d150                        . = ALIGN (0x8)
                0x8001d150                        . = ALIGN (0x8)
                0x8001d150                        __data_end = .
                0x8001d150                        . = ALIGN (0x8)
                0x8001d150                        __rom_end = .

.sbss           0x8001d150      0x158
                0x8001d150                        __bss_start = .
 *(.sbss)
 .sbss          0x8001d150        0x4 /usr/lib/gcc/mips64-elf/14.2.0/../../../../mips64-elf/lib/libdragon.a(inthandler.o)
 .sbss          0x8001d154        0xc /usr/lib/gcc/mips64-elf/14.2.0/../../../../mips64-elf/lib/libc.a(libc_a-mallocr.o)
                0x8001d154                __malloc_max_total_mem
                0x8001d158                __malloc_max_sbrked_mem
                0x8001d15c                __malloc_top_pad
 .sbss          0x8001d160        0x4 /usr/lib/gcc/mips64-elf/14.2.0/../../../../mips64-elf/lib/libc.a(libc_a-findfp.o)
                0x8001d160                __stdio_exit_handler
 .sbss          0x8001d164        0x4 /usr/lib/gcc/mips64-elf/14.2.0/../../../../mips64-elf/lib/libc.a(libc_a-reent.o)
                0x8001d164                errno
 .sbss          0x8001d168       0x39 /usr/lib/gcc/mips64-elf/14.2.0/../../../../mips64-elf/lib/libc.a(libc_a-lock.o)
                0x8001d168                __lock___arc4random_mutex
                0x8001d170                __lock___dd_hash_mutex
                0x8001d178                __lock___tz_mutex
                0x8001d180                __lock___env_recursive_mutex
                0x8001d188                __lock___malloc_recursive_mutex
                0x8001d190                __lock___at_quick_exit_mutex
                0x8001d198                __lock___atexit_recursive_mutex
                0x8001d1a0                __lock___sfp_recursive_mutex
 *(.sbss.*)
 .sbss.once.5   0x8001d1a1        0x1 /usr/lib/gcc/mips64-elf/14.2.0/../../../../mips64-elf/lib/libdragon.a(debug.o)
 .sbss.ok.6     0x8001d1a2        0x1 /usr/lib/gcc/mips64-elf/14.2.0/../../../../mips64-elf/lib/libdragon.a(debug.o)
 .sbss.once.7   0x8001d1a3        0x1 /usr/lib/gcc/mips64-elf/14.2.0/../../../../mips64-elf/lib/libdragon.a(debug.o)
 .sbss.enabled_features
                0x8001d1a4        0x4 /usr/lib/gcc/mips64-elf/14.2.0/../../../../mips64-elf/lib/libdragon.a(debug.o)
 .sbss.usb_dataleft
                0x8001d1a8        0x4 /usr/lib/gcc/mips64-elf/14.2.0/../../../../mips64-elf/lib/libdragon.a(usb.o)
 .sbss.usb_datasize
                0x8001d1ac        0x4 /usr/lib/gcc/mips64-elf/14.2.0/../../../../mips64-elf/lib/libdragon.a(usb.o)
 .sbss.usb_datatype
                0x8001d1b0        0x4 /usr/lib/gcc/mips64-elf/14.2.0/../../../../mips64-elf/lib/libdragon.a(usb.o)
 .sbss.usb_didtimeout
                0x8001d1b4        0x1 /usr/lib/gcc/mips64-elf/14.2.0/../../../../mips64-elf/lib/libdragon.a(usb.o)
 *fill*         0x8001d1b5        0x3 
 .sbss.usb_buffer
                0x8001d1b8        0x4 /usr/lib/gcc/mips64-elf/14.2.0/../../../../mips64-elf/lib/libdragon.a(usb.o)
 .sbss.usb_cart
                0x8001d1bc        0x1 /usr/lib/gcc/mips64-elf/14.2.0/../../../../mips64-elf/lib/libdragon.a(usb.o)
 *fill*         0x8001d1bd        0x3 
 .sbss.funcPointer_read
                0x8001d1c0        0x4 /usr/lib/gcc/mips64-elf/14.2.0/../../../../mips64-elf/lib/libdragon.a(usb.o)
                0x8001d1c0                funcPointer_read
 .sbss.funcPointer_poll
                0x8001d1c4        0x4 /usr/lib/gcc/mips64-elf/14.2.0/../../../../mips64-elf/lib/libdragon.a(usb.o)
                0x8001d1c4                funcPointer_poll
 .sbss.funcPointer_write
                0x8001d1c8        0x4 /usr/lib/gcc/mips64-elf/14.2.0/../../../../mips64-elf/lib/libdragon.a(usb.o)
                0x8001d1c8                funcPointer_write
 .sbss.render_now
                0x8001d1cc        0x4 /usr/lib/gcc/mips64-elf/14.2.0/../../../../mips64-elf/lib/libdragon.a(console.o)
 .sbss.render_buffer
                0x8001d1d0        0x4 /usr/lib/gcc/mips64-elf/14.2.0/../../../../mips64-elf/lib/libdragon.a(console.o)
 .sbss.b_color  0x8001d1d4        0x4 /usr/lib/gcc/mips64-elf/14.2.0/../../../../mips64-elf/lib/libdragon.a(graphics.o)
 .sbss.backtrace.5
                0x8001d1d8        0x1 /usr/lib/gcc/mips64-elf/14.2.0/../../../../mips64-elf/lib/libdragon.a(inspector.o)
 .sbss.in_inspector.6
                0x8001d1d9        0x1 /usr/lib/gcc/mips64-elf/14.2.0/../../../../mips64-elf/lib/libdragon.a(inspector.o)
 *fill*         0x8001d1da        0x2 
 .sbss.module_offset
                0x8001d1dc        0x4 /usr/lib/gcc/mips64-elf/14.2.0/../../../../mips64-elf/lib/libdragon.a(inspector.o)
 .sbss.disasm_offset
                0x8001d1e0        0x4 /usr/lib/gcc/mips64-elf/14.2.0/../../../../mips64-elf/lib/libdragon.a(inspector.o)
 .sbss.disasm_max_frames
                0x8001d1e4        0x4 /usr/lib/gcc/mips64-elf/14.2.0/../../../../mips64-elf/lib/libdragon.a(inspector.o)
 .sbss.disasm_bt_idx
                0x8001d1e8        0x4 /usr/lib/gcc/mips64-elf/14.2.0/../../../../mips64-elf/lib/libdragon.a(inspector.o)
 .sbss.disp     0x8001d1ec        0x4 /usr/lib/gcc/mips64-elf/14.2.0/../../../../mips64-elf/lib/libdragon.a(inspector.o)
 .sbss.cursor_wordwrap
                0x8001d1f0        0x4 /usr/lib/gcc/mips64-elf/14.2.0/../../../../mips64-elf/lib/libdragon.a(inspector.o)
 .sbss.cursor_columns
                0x8001d1f4        0x4 /usr/lib/gcc/mips64-elf/14.2.0/../../../../mips64-elf/lib/libdragon.a(inspector.o)
 .sbss.cursor_y
                0x8001d1f8        0x4 /usr/lib/gcc/mips64-elf/14.2.0/../../../../mips64-elf/lib/libdragon.a(inspector.o)
 .sbss.cursor_x
                0x8001d1fc        0x4 /usr/lib/gcc/mips64-elf/14.2.0/../../../../mips64-elf/lib/libdragon.a(inspector.o)
 .sbss.backtrace_exception.4
                0x8001d200        0x1 /usr/lib/gcc/mips64-elf/14.2.0/../../../../mips64-elf/lib/libdragon.a(exception.o)
 *fill*         0x8001d201        0x3 
 .sbss.__dl_num_loaded_modules
                0x8001d204        0x4 /usr/lib/gcc/mips64-elf/14.2.0/../../../../mips64-elf/lib/libdragon.a(dlfcn.o)
                0x8001d204                __dl_num_loaded_modules
 .sbss.__dl_list_head
                0x8001d208        0x4 /usr/lib/gcc/mips64-elf/14.2.0/../../../../mips64-elf/lib/libdragon.a(dlfcn.o)
                0x8001d208                __dl_list_head
 .sbss.__dl_lookup_module
                0x8001d20c        0x4 /usr/lib/gcc/mips64-elf/14.2.0/../../../../mips64-elf/lib/libdragon.a(dlfcn.o)
                0x8001d20c                __dl_lookup_module
 .sbss.ticks64_base
                0x8001d210        0x8 /usr/lib/gcc/mips64-elf/14.2.0/../../../../mips64-elf/lib/libdragon.a(n64sys.o)
 .sbss.ticks64_base_tick
                0x8001d218        0x4 /usr/lib/gcc/mips64-elf/14.2.0/../../../../mips64-elf/lib/libdragon.a(n64sys.o)
 .sbss.__boot_consoletype
                0x8001d21c        0x4 /usr/lib/gcc/mips64-elf/14.2.0/../../../../mips64-elf/lib/libdragon.a(n64sys.o)
                0x8001d21c                __boot_consoletype
 .sbss.__boot_resettype
                0x8001d220        0x4 /usr/lib/gcc/mips64-elf/14.2.0/../../../../mips64-elf/lib/libdragon.a(n64sys.o)
                0x8001d220                __boot_resettype
 .sbss.__boot_tvtype
                0x8001d224        0x4 /usr/lib/gcc/mips64-elf/14.2.0/../../../../mips64-elf/lib/libdragon.a(n64sys.o)
                0x8001d224                __boot_tvtype
 .sbss.__boot_memsize
                0x8001d228        0x4 /usr/lib/gcc/mips64-elf/14.2.0/../../../../mips64-elf/lib/libdragon.a(n64sys.o)
                0x8001d228                __boot_memsize
 .sbss.last_cart_interrupt_count.4
                0x8001d22c        0x4 /usr/lib/gcc/mips64-elf/14.2.0/../../../../mips64-elf/lib/libdragon.a(interrupt.o)
 .sbss.__prenmi_tick
                0x8001d230        0x4 /usr/lib/gcc/mips64-elf/14.2.0/../../../../mips64-elf/lib/libdragon.a(interrupt.o)
 .sbss.CART_callback
                0x8001d234        0x4 /usr/lib/gcc/mips64-elf/14.2.0/../../../../mips64-elf/lib/libdragon.a(interrupt.o)
                0x8001d234                CART_callback
 .sbss.TI_callback
                0x8001d238        0x4 /usr/lib/gcc/mips64-elf/14.2.0/../../../../mips64-elf/lib/libdragon.a(interrupt.o)
                0x8001d238                TI_callback
 .sbss.SP_callback
                0x8001d23c        0x4 /usr/lib/gcc/mips64-elf/14.2.0/../../../../mips64-elf/lib/libdragon.a(interrupt.o)
                0x8001d23c                SP_callback
 .sbss.SI_callback
                0x8001d240        0x4 /usr/lib/gcc/mips64-elf/14.2.0/../../../../mips64-elf/lib/libdragon.a(interrupt.o)
                0x8001d240                SI_callback
 .sbss.DP_callback
                0x8001d244        0x4 /usr/lib/gcc/mips64-elf/14.2.0/../../../../mips64-elf/lib/libdragon.a(interrupt.o)
                0x8001d244                DP_callback
 .sbss.PI_callback
                0x8001d248        0x4 /usr/lib/gcc/mips64-elf/14.2.0/../../../../mips64-elf/lib/libdragon.a(interrupt.o)
                0x8001d248                PI_callback
 .sbss.VI_callback
                0x8001d24c        0x4 /usr/lib/gcc/mips64-elf/14.2.0/../../../../mips64-elf/lib/libdragon.a(interrupt.o)
                0x8001d24c                VI_callback
 .sbss.AI_callback
                0x8001d250        0x4 /usr/lib/gcc/mips64-elf/14.2.0/../../../../mips64-elf/lib/libdragon.a(interrupt.o)
                0x8001d250                AI_callback
 .sbss.__interrupt_sr
                0x8001d254        0x4 /usr/lib/gcc/mips64-elf/14.2.0/../../../../mips64-elf/lib/libdragon.a(interrupt.o)
 .sbss.addrtable_base
                0x8001d258        0x4 /usr/lib/gcc/mips64-elf/14.2.0/../../../../mips64-elf/lib/libdragon.a(backtrace.o)
 .sbss.toc_addr.1
                0x8001d25c        0x4 /usr/lib/gcc/mips64-elf/14.2.0/../../../../mips64-elf/lib/libdragon.a(rompak.o)
 .sbss.rompak_corrupted.2
                0x8001d260        0x1 /usr/lib/gcc/mips64-elf/14.2.0/../../../../mips64-elf/lib/libdragon.a(rompak.o)
 *fill*         0x8001d261        0x3 
 .sbss.frame_times_duration
                0x8001d264        0x4 /usr/lib/gcc/mips64-elf/14.2.0/../../../../mips64-elf/lib/libdragon.a(display.o)
 .sbss.frame_times_index
                0x8001d268        0x4 /usr/lib/gcc/mips64-elf/14.2.0/../../../../mips64-elf/lib/libdragon.a(display.o)
 .sbss.ready_mask
                0x8001d26c        0x4 /usr/lib/gcc/mips64-elf/14.2.0/../../../../mips64-elf/lib/libdragon.a(display.o)
 .sbss.drawing_mask
                0x8001d270        0x4 /usr/lib/gcc/mips64-elf/14.2.0/../../../../mips64-elf/lib/libdragon.a(display.o)
 .sbss.__height
                0x8001d274        0x4 /usr/lib/gcc/mips64-elf/14.2.0/../../../../mips64-elf/lib/libdragon.a(display.o)
 .sbss.__width  0x8001d278        0x4 /usr/lib/gcc/mips64-elf/14.2.0/../../../../mips64-elf/lib/libdragon.a(display.o)
 .sbss.__bitdepth
                0x8001d27c        0x4 /usr/lib/gcc/mips64-elf/14.2.0/../../../../mips64-elf/lib/libdragon.a(display.o)
 .sbss.surfaces
                0x8001d280        0x4 /usr/lib/gcc/mips64-elf/14.2.0/../../../../mips64-elf/lib/libdragon.a(display.o)
 .sbss.cur_ucode
                0x8001d284        0x4 /usr/lib/gcc/mips64-elf/14.2.0/../../../../mips64-elf/lib/libdragon.a(rsp.o)
 .sbss.rdpq_trace
                0x8001d288        0x4 /usr/lib/gcc/mips64-elf/14.2.0/../../../../mips64-elf/lib/libdragon.a(rdpq_debug.o)
                0x8001d288                rdpq_trace
 .sbss.msgs_ridx
                0x8001d28c        0x4 /usr/lib/gcc/mips64-elf/14.2.0/../../../../mips64-elf/lib/libdragon.a(joybus.o)
 .sbss.msgs_widx
                0x8001d290        0x4 /usr/lib/gcc/mips64-elf/14.2.0/../../../../mips64-elf/lib/libdragon.a(joybus.o)
 .sbss.joybus_state
                0x8001d294        0x4 /usr/lib/gcc/mips64-elf/14.2.0/../../../../mips64-elf/lib/libdragon.a(joybus.o)
 .sbss.heap_top.0
                0x8001d298        0x4 /usr/lib/gcc/mips64-elf/14.2.0/../../../../mips64-elf/lib/libdragonsys.a(system.o)
 .sbss.heap_end.1
                0x8001d29c        0x4 /usr/lib/gcc/mips64-elf/14.2.0/../../../../mips64-elf/lib/libdragonsys.a(system.o)
 .sbss.handle_open_count
                0x8001d2a0        0x4 /usr/lib/gcc/mips64-elf/14.2.0/../../../../mips64-elf/lib/libdragonsys.a(system.o)
 .sbss.__assert_func_ptr
                0x8001d2a4        0x4 /usr/lib/gcc/mips64-elf/14.2.0/../../../../mips64-elf/lib/libdragonsys.a(system.o)
                0x8001d2a4                __assert_func_ptr
 *(.gnu.linkonce.sb.*)
 *(.scommon)
 *(.scommon.*)
                0x8001d2a8                        . = ALIGN (0x8)

.bss            0x8001d2b0      0x880
 *(.bss)
 .bss           0x8001d2b0       0x28 /usr/lib/gcc/mips64-elf/14.2.0/../../../../mips64-elf/lib/libc.a(libc_a-mallocr.o)
                0x8001d2b0                __malloc_current_mallinfo
 .bss           0x8001d2d8      0x138 /usr/lib/gcc/mips64-elf/14.2.0/../../../../mips64-elf/lib/libc.a(libc_a-findfp.o)
                0x8001d2d8                __sf
 *(.bss*)
 .bss.debug_writer
                0x8001d410        0xc /usr/lib/gcc/mips64-elf/14.2.0/../../../../mips64-elf/lib/libdragon.a(debug.o)
 *fill*         0x8001d41c        0x4 
 .bss.usb_buffer_align
                0x8001d420      0x210 /usr/lib/gcc/mips64-elf/14.2.0/../../../../mips64-elf/lib/libdragon.a(usb.o)
 .bss.__syscall_handlers
                0x8001d630       0x30 /usr/lib/gcc/mips64-elf/14.2.0/../../../../mips64-elf/lib/libdragon.a(exception.o)
 .bss.eh_frame_object
                0x8001d660       0x18 /usr/lib/gcc/mips64-elf/14.2.0/../../../../mips64-elf/lib/libdragon.a(do_ctors.o)
 .bss.__prenmi_handlers
                0x8001d678       0x10 /usr/lib/gcc/mips64-elf/14.2.0/../../../../mips64-elf/lib/libdragon.a(interrupt.o)
 .bss.frame_times
                0x8001d688       0x80 /usr/lib/gcc/mips64-elf/14.2.0/../../../../mips64-elf/lib/libdragon.a(display.o)
 .bss.__safe_buffer
                0x8001d708       0x80 /usr/lib/gcc/mips64-elf/14.2.0/../../../../mips64-elf/lib/libdragon.a(display.o)
 *fill*         0x8001d788        0x8 
 .bss.joybus_msgs
                0x8001d790      0x280 /usr/lib/gcc/mips64-elf/14.2.0/../../../../mips64-elf/lib/libdragon.a(joybus.o)
 .bss.joybus_outbuf
                0x8001da10       0x40 /usr/lib/gcc/mips64-elf/14.2.0/../../../../mips64-elf/lib/libdragon.a(joybus.o)
 .bss.stdio_hooks
                0x8001da50        0xc /usr/lib/gcc/mips64-elf/14.2.0/../../../../mips64-elf/lib/libdragonsys.a(system.o)
 *fill*         0x8001da5c        0x4 
 .bss.filesystems
                0x8001da60       0x50 /usr/lib/gcc/mips64-elf/14.2.0/../../../../mips64-elf/lib/libdragonsys.a(system.o)
 .bss.handle_first_bucket
                0x8001dab0       0x80 /usr/lib/gcc/mips64-elf/14.2.0/../../../../mips64-elf/lib/libdragonsys.a(system.o)
 *(.gnu.linkonce.b.*)
 *(COMMON)
                0x8001db30                        . = ALIGN (0x8)
                0x8001db30                        __bss_end = .
                0x8001db30                        . = ALIGN (0x8)
                0x8001db30                        end = .
LOAD /usr/lib/gcc/mips64-elf/14.2.0/../../../../mips64-elf/lib/libstdc++.a
LOAD /usr/lib/gcc/mips64-elf/14.2.0/../../../../mips64-elf/lib/libm.a
LOAD /usr/lib/gcc/mips64-elf/14.2.0/../../../../mips64-elf/lib/libc.a
LOAD /usr/lib/gcc/mips64-elf/14.2.0/libgcc.a
LOAD /usr/lib/gcc/mips64-elf/14.2.0/libgcc.a
LOAD /usr/lib/gcc/mips64-elf/14.2.0/crtend.o
LOAD /usr/lib/gcc/mips64-elf/14.2.0/crtn.o
OUTPUT(build/balatro64.elf elf32-bigmips)

.reginfo        0x00000000       0x18
 .reginfo       0x00000000       0x18 /usr/lib/gcc/mips64-elf/14.2.0/crti.o

.pdr            0x00000000        0x0
 .pdr           0x00000000        0x0 /usr/lib/gcc/mips64-elf/14.2.0/crti.o
 .pdr           0x00000000        0x0 /usr/lib/gcc/mips64-elf/14.2.0/crtbegin.o
 .pdr           0x00000000        0x0 /usr/lib/gcc/mips64-elf/14.2.0/../../../../mips64-elf/lib/libdragon.a(inthandler.o)
 .pdr           0x00000000        0x0 /usr/lib/gcc/mips64-elf/14.2.0/../../../../mips64-elf/lib/libc.a(libc_a-impure.o)
 .pdr           0x00000000        0x0 /usr/lib/gcc/mips64-elf/14.2.0/../../../../mips64-elf/lib/libc.a(libc_a-ctype_.o)
 .pdr           0x00000000        0x0 /usr/lib/gcc/mips64-elf/14.2.0/crtend.o

.gnu.attributes
                0x00000000       0x10
 .gnu.attributes
                0x00000000       0x10 /usr/lib/gcc/mips64-elf/14.2.0/crti.o
 .gnu.attributes
                0x00000010       0x10 /usr/lib/gcc/mips64-elf/14.2.0/crtbegin.o
 .gnu.attributes
                0x00000020       0x10 build/main.o
 .gnu.attributes
                0x00000030       0x10 /usr/lib/gcc/mips64-elf/14.2.0/../../../../mips64-elf/lib/libdragon.a(debug.o)
 .gnu.attributes
                0x00000040       0x10 /usr/lib/gcc/mips64-elf/14.2.0/../../../../mips64-elf/lib/libdragon.a(usb.o)
 .gnu.attributes
                0x00000050       0x10 /usr/lib/gcc/mips64-elf/14.2.0/../../../../mips64-elf/lib/libdragon.a(console.o)
 .gnu.attributes
                0x00000060       0x10 /usr/lib/gcc/mips64-elf/14.2.0/../../../../mips64-elf/lib/libdragon.a(graphics.o)
 .gnu.attributes
                0x00000070       0x10 /usr/lib/gcc/mips64-elf/14.2.0/../../../../mips64-elf/lib/libdragon.a(inspector.o)
 .gnu.attributes
                0x00000080       0x10 /usr/lib/gcc/mips64-elf/14.2.0/../../../../mips64-elf/lib/libdragon.a(dma.o)
 .gnu.attributes
                0x00000090       0x10 /usr/lib/gcc/mips64-elf/14.2.0/../../../../mips64-elf/lib/libdragon.a(exception.o)
 .gnu.attributes
                0x000000a0       0x10 /usr/lib/gcc/mips64-elf/14.2.0/../../../../mips64-elf/lib/libdragon.a(do_ctors.o)
 .gnu.attributes
                0x000000b0       0x10 /usr/lib/gcc/mips64-elf/14.2.0/../../../../mips64-elf/lib/libdragon.a(dlfcn.o)
 .gnu.attributes
                0x000000c0       0x10 /usr/lib/gcc/mips64-elf/14.2.0/../../../../mips64-elf/lib/libdragon.a(n64sys.o)
 .gnu.attributes
                0x000000d0       0x10 /usr/lib/gcc/mips64-elf/14.2.0/../../../../mips64-elf/lib/libdragon.a(interrupt.o)
 .gnu.attributes
                0x000000e0       0x10 /usr/lib/gcc/mips64-elf/14.2.0/../../../../mips64-elf/lib/libdragon.a(backtrace.o)
 .gnu.attributes
                0x000000f0       0x10 /usr/lib/gcc/mips64-elf/14.2.0/../../../../mips64-elf/lib/libdragon.a(inthandler.o)
 .gnu.attributes
                0x00000100       0x10 /usr/lib/gcc/mips64-elf/14.2.0/../../../../mips64-elf/lib/libdragon.a(rompak.o)
 .gnu.attributes
                0x00000110       0x10 /usr/lib/gcc/mips64-elf/14.2.0/../../../../mips64-elf/lib/libdragon.a(display.o)
 .gnu.attributes
                0x00000120       0x10 /usr/lib/gcc/mips64-elf/14.2.0/../../../../mips64-elf/lib/libdragon.a(surface.o)
 .gnu.attributes
                0x00000130       0x10 /usr/lib/gcc/mips64-elf/14.2.0/../../../../mips64-elf/lib/libdragon.a(controller.o)
 .gnu.attributes
                0x00000140       0x10 /usr/lib/gcc/mips64-elf/14.2.0/../../../../mips64-elf/lib/libdragon.a(rsp.o)
 .gnu.attributes
                0x00000150       0x10 /usr/lib/gcc/mips64-elf/14.2.0/../../../../mips64-elf/lib/libdragon.a(rdpq_debug.o)
 .gnu.attributes
                0x00000160       0x10 /usr/lib/gcc/mips64-elf/14.2.0/../../../../mips64-elf/lib/libdragon.a(joybus.o)
 .gnu.attributes
                0x00000170       0x10 /usr/lib/gcc/mips64-elf/14.2.0/../../../../mips64-elf/lib/libdragonsys.a(system.o)
 .gnu.attributes
                0x00000180       0x10 /usr/lib/gcc/mips64-elf/14.2.0/../../../../mips64-elf/lib/libc.a(libc_a-abort.o)
 .gnu.attributes
                0x00000190       0x10 /usr/lib/gcc/mips64-elf/14.2.0/../../../../mips64-elf/lib/libc.a(libc_a-callocr.o)
 .gnu.attributes
                0x000001a0       0x10 /usr/lib/gcc/mips64-elf/14.2.0/../../../../mips64-elf/lib/libc.a(libc_a-malloc.o)
 .gnu.attributes
                0x000001b0       0x10 /usr/lib/gcc/mips64-elf/14.2.0/../../../../mips64-elf/lib/libc.a(libc_a-mallocr.o)
 .gnu.attributes
                0x000001c0       0x10 /usr/lib/gcc/mips64-elf/14.2.0/../../../../mips64-elf/lib/libc.a(libc_a-mlock.o)
 .gnu.attributes
                0x000001d0       0x10 /usr/lib/gcc/mips64-elf/14.2.0/../../../../mips64-elf/lib/libc.a(libc_a-reallocr.o)
 .gnu.attributes
                0x000001e0       0x10 /usr/lib/gcc/mips64-elf/14.2.0/../../../../mips64-elf/lib/libc.a(libc_a-malign.o)
 .gnu.attributes
                0x000001f0       0x10 /usr/lib/gcc/mips64-elf/14.2.0/../../../../mips64-elf/lib/libc.a(libc_a-malignr.o)
 .gnu.attributes
                0x00000200       0x10 /usr/lib/gcc/mips64-elf/14.2.0/../../../../mips64-elf/lib/libc.a(libc_a-vfprintf.o)
 .gnu.attributes
                0x00000210       0x10 /usr/lib/gcc/mips64-elf/14.2.0/../../../../mips64-elf/lib/libc.a(libc_a-sprint_r.o)
 .gnu.attributes
                0x00000220       0x10 /usr/lib/gcc/mips64-elf/14.2.0/../../../../mips64-elf/lib/libc.a(libc_a-fflush.o)
 .gnu.attributes
                0x00000230       0x10 /usr/lib/gcc/mips64-elf/14.2.0/../../../../mips64-elf/lib/libc.a(libc_a-findfp.o)
 .gnu.attributes
                0x00000240       0x10 /usr/lib/gcc/mips64-elf/14.2.0/../../../../mips64-elf/lib/libc.a(libc_a-fprintf.o)
 .gnu.attributes
                0x00000250       0x10 /usr/lib/gcc/mips64-elf/14.2.0/../../../../mips64-elf/lib/libc.a(libc_a-fputc.o)
 .gnu.attributes
                0x00000260       0x10 /usr/lib/gcc/mips64-elf/14.2.0/../../../../mips64-elf/lib/libc.a(libc_a-fvwrite.o)
 .gnu.attributes
                0x00000270       0x10 /usr/lib/gcc/mips64-elf/14.2.0/../../../../mips64-elf/lib/libc.a(libc_a-fwalk.o)
 .gnu.attributes
                0x00000280       0x10 /usr/lib/gcc/mips64-elf/14.2.0/../../../../mips64-elf/lib/libc.a(libc_a-fwrite.o)
 .gnu.attributes
                0x00000290       0x10 /usr/lib/gcc/mips64-elf/14.2.0/../../../../mips64-elf/lib/libc.a(libc_a-printf.o)
 .gnu.attributes
                0x000002a0       0x10 /usr/lib/gcc/mips64-elf/14.2.0/../../../../mips64-elf/lib/libc.a(libc_a-putc.o)
 .gnu.attributes
                0x000002b0       0x10 /usr/lib/gcc/mips64-elf/14.2.0/../../../../mips64-elf/lib/libc.a(libc_a-putchar.o)
 .gnu.attributes
                0x000002c0       0x10 /usr/lib/gcc/mips64-elf/14.2.0/../../../../mips64-elf/lib/libc.a(libc_a-puts.o)
 .gnu.attributes
                0x000002d0       0x10 /usr/lib/gcc/mips64-elf/14.2.0/../../../../mips64-elf/lib/libc.a(libc_a-setvbuf.o)
 .gnu.attributes
                0x000002e0       0x10 /usr/lib/gcc/mips64-elf/14.2.0/../../../../mips64-elf/lib/libc.a(libc_a-snprintf.o)
 .gnu.attributes
                0x000002f0       0x10 /usr/lib/gcc/mips64-elf/14.2.0/../../../../mips64-elf/lib/libc.a(libc_a-sprintf.o)
 .gnu.attributes
                0x00000300       0x10 /usr/lib/gcc/mips64-elf/14.2.0/../../../../mips64-elf/lib/libc.a(libc_a-stdio.o)
 .gnu.attributes
                0x00000310       0x10 /usr/lib/gcc/mips64-elf/14.2.0/../../../../mips64-elf/lib/libc.a(libc_a-vprintf.o)
 .gnu.attributes
                0x00000320       0x10 /usr/lib/gcc/mips64-elf/14.2.0/../../../../mips64-elf/lib/libc.a(libc_a-wbuf.o)
 .gnu.attributes
                0x00000330       0x10 /usr/lib/gcc/mips64-elf/14.2.0/../../../../mips64-elf/lib/libc.a(libc_a-wsetup.o)
 .gnu.attributes
                0x00000340       0x10 /usr/lib/gcc/mips64-elf/14.2.0/../../../../mips64-elf/lib/libc.a(libc_a-memchr.o)
 .gnu.attributes
                0x00000350       0x10 /usr/lib/gcc/mips64-elf/14.2.0/../../../../mips64-elf/lib/libc.a(libc_a-memcmp.o)
 .gnu.attributes
                0x00000360       0x10 /usr/lib/gcc/mips64-elf/14.2.0/../../../../mips64-elf/lib/libc.a(libc_a-memmove.o)
 .gnu.attributes
                0x00000370       0x10 /usr/lib/gcc/mips64-elf/14.2.0/../../../../mips64-elf/lib/libc.a(libc_a-strcat.o)
 .gnu.attributes
                0x00000380       0x10 /usr/lib/gcc/mips64-elf/14.2.0/../../../../mips64-elf/lib/libc.a(libc_a-strchr.o)
 .gnu.attributes
                0x00000390       0x10 /usr/lib/gcc/mips64-elf/14.2.0/../../../../mips64-elf/lib/libc.a(libc_a-strcpy.o)
 .gnu.attributes
                0x000003a0       0x10 /usr/lib/gcc/mips64-elf/14.2.0/../../../../mips64-elf/lib/libc.a(libc_a-strrchr.o)
 .gnu.attributes
                0x000003b0       0x10 /usr/lib/gcc/mips64-elf/14.2.0/../../../../mips64-elf/lib/libc.a(libc_a-strstr.o)
 .gnu.attributes
                0x000003c0       0x10 /usr/lib/gcc/mips64-elf/14.2.0/../../../../mips64-elf/lib/libc.a(libc_a-signal.o)
 .gnu.attributes
                0x000003d0       0x10 /usr/lib/gcc/mips64-elf/14.2.0/../../../../mips64-elf/lib/libc.a(libc_a-localeconv.o)
 .gnu.attributes
                0x000003e0       0x10 /usr/lib/gcc/mips64-elf/14.2.0/../../../../mips64-elf/lib/libc.a(libc_a-closer.o)
 .gnu.attributes
                0x000003f0       0x10 /usr/lib/gcc/mips64-elf/14.2.0/../../../../mips64-elf/lib/libc.a(libc_a-reent.o)
 .gnu.attributes
                0x00000400       0x10 /usr/lib/gcc/mips64-elf/14.2.0/../../../../mips64-elf/lib/libc.a(libc_a-impure.o)
 .gnu.attributes
                0x00000410       0x10 /usr/lib/gcc/mips64-elf/14.2.0/../../../../mips64-elf/lib/libc.a(libc_a-fstatr.o)
 .gnu.attributes
                0x00000420       0x10 /usr/lib/gcc/mips64-elf/14.2.0/../../../../mips64-elf/lib/libc.a(libc_a-lseekr.o)
 .gnu.attributes
                0x00000430       0x10 /usr/lib/gcc/mips64-elf/14.2.0/../../../../mips64-elf/lib/libc.a(libc_a-readr.o)
 .gnu.attributes
                0x00000440       0x10 /usr/lib/gcc/mips64-elf/14.2.0/../../../../mips64-elf/lib/libc.a(libc_a-signalr.o)
 .gnu.attributes
                0x00000450       0x10 /usr/lib/gcc/mips64-elf/14.2.0/../../../../mips64-elf/lib/libc.a(libc_a-sbrkr.o)
 .gnu.attributes
                0x00000460       0x10 /usr/lib/gcc/mips64-elf/14.2.0/../../../../mips64-elf/lib/libc.a(libc_a-writer.o)
 .gnu.attributes
                0x00000470       0x10 /usr/lib/gcc/mips64-elf/14.2.0/../../../../mips64-elf/lib/libc.a(libc_a-errno.o)
 .gnu.attributes
                0x00000480       0x10 /usr/lib/gcc/mips64-elf/14.2.0/../../../../mips64-elf/lib/libc.a(libc_a-lock.o)
 .gnu.attributes
                0x00000490       0x10 /usr/lib/gcc/mips64-elf/14.2.0/../../../../mips64-elf/lib/libc.a(libc_a-strlen.o)
 .gnu.attributes
                0x000004a0       0x10 /usr/lib/gcc/mips64-elf/14.2.0/../../../../mips64-elf/lib/libc.a(libc_a-strcmp.o)
 .gnu.attributes
                0x000004b0       0x10 /usr/lib/gcc/mips64-elf/14.2.0/../../../../mips64-elf/lib/libc.a(libc_a-memset.o)
 .gnu.attributes
                0x000004c0       0x10 /usr/lib/gcc/mips64-elf/14.2.0/../../../../mips64-elf/lib/libc.a(libc_a-memcpy.o)
 .gnu.attributes
                0x000004d0       0x10 /usr/lib/gcc/mips64-elf/14.2.0/../../../../mips64-elf/lib/libc.a(libc_a-dtoa.o)
 .gnu.attributes
                0x000004e0       0x10 /usr/lib/gcc/mips64-elf/14.2.0/../../../../mips64-elf/lib/libc.a(libc_a-freer.o)
 .gnu.attributes
                0x000004f0       0x10 /usr/lib/gcc/mips64-elf/14.2.0/../../../../mips64-elf/lib/libc.a(libc_a-mprec.o)
 .gnu.attributes
                0x00000500       0x10 /usr/lib/gcc/mips64-elf/14.2.0/../../../../mips64-elf/lib/libc.a(libc_a-ctype_.o)
 .gnu.attributes
                0x00000510       0x10 /usr/lib/gcc/mips64-elf/14.2.0/../../../../mips64-elf/lib/libc.a(libc_a-svfprintf.o)
 .gnu.attributes
                0x00000520       0x10 /usr/lib/gcc/mips64-elf/14.2.0/../../../../mips64-elf/lib/libc.a(libc_a-ssprint_r.o)
 .gnu.attributes
                0x00000530       0x10 /usr/lib/gcc/mips64-elf/14.2.0/../../../../mips64-elf/lib/libc.a(libc_a-fclose.o)
 .gnu.attributes
                0x00000540       0x10 /usr/lib/gcc/mips64-elf/14.2.0/../../../../mips64-elf/lib/libc.a(libc_a-makebuf.o)
 .gnu.attributes
                0x00000550       0x10 /usr/lib/gcc/mips64-elf/14.2.0/../../../../mips64-elf/lib/libc.a(libc_a-strnlen.o)
 .gnu.attributes
                0x00000560       0x10 /usr/lib/gcc/mips64-elf/14.2.0/../../../../mips64-elf/lib/libc.a(libc_a-locale.o)
 .gnu.attributes
                0x00000570       0x10 /usr/lib/gcc/mips64-elf/14.2.0/../../../../mips64-elf/lib/libc.a(libc_a-isattyr.o)
 .gnu.attributes
                0x00000580       0x10 /usr/lib/gcc/mips64-elf/14.2.0/../../../../mips64-elf/lib/libc.a(libc_a-mbtowc_r.o)
 .gnu.attributes
                0x00000590       0x10 /usr/lib/gcc/mips64-elf/14.2.0/../../../../mips64-elf/lib/libc.a(libc_a-wctomb_r.o)
 .gnu.attributes
                0x000005a0       0x10 /usr/lib/gcc/mips64-elf/14.2.0/../../../../mips64-elf/lib/libc.a(libc_a-ssputs_r.o)
 .gnu.attributes
                0x000005b0       0x10 /usr/lib/gcc/mips64-elf/14.2.0/crtend.o

.mdebug.abiO64  0x00000000        0x0
 .mdebug.abiO64
                0x00000000        0x0 /usr/lib/gcc/mips64-elf/14.2.0/crtbegin.o
 .mdebug.abiO64
                0x00000000        0x0 build/main.o
 .mdebug.abiO64
                0x00000000        0x0 /usr/lib/gcc/mips64-elf/14.2.0/../../../../mips64-elf/lib/libdragon.a(debug.o)
 .mdebug.abiO64
                0x00000000        0x0 /usr/lib/gcc/mips64-elf/14.2.0/../../../../mips64-elf/lib/libdragon.a(usb.o)
 .mdebug.abiO64
                0x00000000        0x0 /usr/lib/gcc/mips64-elf/14.2.0/../../../../mips64-elf/lib/libdragon.a(console.o)
 .mdebug.abiO64
                0x00000000        0x0 /usr/lib/gcc/mips64-elf/14.2.0/../../../../mips64-elf/lib/libdragon.a(graphics.o)